Component: ARM Compiler 5.06 update 7 (build 960) Tool: armlink [4d3601]

==============================================================================

Section Cross References

    main.o(i.SD_Task) refers to sd.o(i.DataRecord_Control) for DataRecord_Control
    main.o(i.SD_Task) refers to global.o(.data) for systemmonitor
    main.o(i.main) refers to bsp_init.o(i.Bsp_Init) for Bsp_Init
    main.o(i.main) refers to os.o(i.OS_RUN) for OS_RUN
    stm32f4xx_it.o(i.Data_u8_to_int) refers to stm32f4xx_it.o(i.u8_to_int) for u8_to_int
    stm32f4xx_it.o(i.Data_u8_to_int) refers to global.o(.bss) for UA2RxDMAbuf
    stm32f4xx_it.o(i.USART2_IRQHandler) refers to stm32f4xx_usart.o(i.USART_GetITStatus) for USART_GetITStatus
    stm32f4xx_it.o(i.USART2_IRQHandler) refers to stm32f4xx_dma.o(i.DMA_GetCurrDataCounter) for DMA_GetCurrDataCounter
    stm32f4xx_it.o(i.USART2_IRQHandler) refers to stm32f4xx_it.o(i.Data_u8_to_int) for Data_u8_to_int
    stm32f4xx_it.o(i.USART2_IRQHandler) refers to stm32f4xx_dma.o(i.DMA_Cmd) for DMA_Cmd
    stm32f4xx_it.o(i.USART2_IRQHandler) refers to global.o(.data) for DataReceived_Flag
    system_stm32f4xx.o(i.SystemCoreClockUpdate) refers to system_stm32f4xx.o(.data) for SystemCoreClock
    system_stm32f4xx.o(i.SystemInit) refers to system_stm32f4xx.o(i.SetSysClock) for SetSysClock
    bsp_init.o(i.Bsp_Init) refers to tim.o(i.TIM5_Configuration) for TIM5_Configuration
    bsp_init.o(i.Bsp_Init) refers to can.o(i.CAN1_Configuration) for CAN1_Configuration
    bsp_init.o(i.Bsp_Init) refers to can.o(i.CAN2_Configuration) for CAN2_Configuration
    bsp_init.o(i.Bsp_Init) refers to pwm.o(i.TIM9_PWM_Init) for TIM9_PWM_Init
    bsp_init.o(i.Bsp_Init) refers to pwm.o(i.TIM8_PWM_Init) for TIM8_PWM_Init
    bsp_init.o(i.Bsp_Init) refers to usart.o(i.USART2_Configuration) for USART2_Configuration
    os.o(.data) refers to os.o(.conststring) for .conststring
    os.o(.data) refers to systemmonitor.o(i.SystemMonitorTask) for SystemMonitorTask
    systemmonitor.o(i.SystemMonitorTask) refers to global.o(.data) for systemmonitor
    sd.o(i.AutoGetFileName) refers to _printf_percent.o(.ARM.Collect$$_printf_percent$$00000000) for _printf_percent
    sd.o(i.AutoGetFileName) refers to _printf_d.o(.ARM.Collect$$_printf_percent$$00000009) for _printf_d
    sd.o(i.AutoGetFileName) refers to _printf_s.o(.ARM.Collect$$_printf_percent$$00000014) for _printf_s
    sd.o(i.AutoGetFileName) refers to _printf_dec.o(.text) for _printf_int_dec
    sd.o(i.AutoGetFileName) refers to _printf_str.o(.text) for _printf_str
    sd.o(i.AutoGetFileName) refers to ff.o(i.f_opendir) for f_opendir
    sd.o(i.AutoGetFileName) refers to ff.o(i.f_mkdir) for f_mkdir
    sd.o(i.AutoGetFileName) refers to ff.o(i.f_readdir) for f_readdir
    sd.o(i.AutoGetFileName) refers to __2sprintf.o(.text) for __2sprintf
    sd.o(i.AutoGetFileName) refers to sd.o(.data) for filedir
    sd.o(i.AutoGetFileName) refers to sd.o(.bss) for my_dir
    sd.o(i.DataRecord_Control) refers to sd.o(i.SD_printf) for SD_printf
    sd.o(i.DataRecord_Control) refers to sd.o(.data) for sd_cnt
    sd.o(i.DataRecord_Control) refers to global.o(.data) for Time_Second
    sd.o(i.DataRecord_Control) refers to global.o(.bss) for Data_From_C1
    sd.o(i.DataRecord_Control) refers to sd.o(.conststring) for .conststring
    sd.o(i.SD_Mount) refers to tf_card_spi_dma.o(i.SD_LowLevel_Init) for SD_LowLevel_Init
    sd.o(i.SD_Mount) refers to tf_card_spi_dma.o(i.SD_Init) for SD_Init
    sd.o(i.SD_Mount) refers to ff.o(i.f_mount) for f_mount
    sd.o(i.SD_Mount) refers to tf_card_spi_dma.o(i.SD_GetCardInfo) for SD_GetCardInfo
    sd.o(i.SD_Mount) refers to tf_card_spi_dma.o(i.ShowCardInfo) for ShowCardInfo
    sd.o(i.SD_Mount) refers to sd.o(i.AutoGetFileName) for AutoGetFileName
    sd.o(i.SD_Mount) refers to ff.o(i.f_open) for f_open
    sd.o(i.SD_Mount) refers to sd.o(.bss) for my_fats
    sd.o(i.SD_Mount) refers to sd.o(.data) for Mount_Result
    sd.o(i.SD_Mount) refers to tf_card_spi_dma.o(.bss) for SD_CardInfo
    sd.o(i.SD_printf) refers to vsprintf.o(.text) for vsprintf
    sd.o(i.SD_printf) refers to ff.o(i.f_lseek) for f_lseek
    sd.o(i.SD_printf) refers to ff.o(i.f_puts) for f_puts
    sd.o(i.SD_printf) refers to ff.o(i.f_sync) for f_sync
    sd.o(i.SD_printf) refers to sd.o(.bss) for SD_Data_Buf
    sd.o(i.SD_printf) refers to sd.o(.data) for SD_Data_Len
    sd.o(.data) refers to sd.o(.conststring) for .conststring
    algorithm.o(i.Abp_PID) refers to f2d.o(x$fpl$f2d) for __aeabi_f2d
    algorithm.o(i.Abp_PID) refers to fabs.o(i.__hardfp_fabs) for __hardfp_fabs
    algorithm.o(i.Abp_PID) refers to dleqf.o(x$fpl$dleqf) for __aeabi_cdcmple
    algorithm.o(i.Abp_PID) refers to global.o(.data) for PIDKiSign
    algorithm.o(i.Abp_PID_Friction) refers to f2d.o(x$fpl$f2d) for __aeabi_f2d
    algorithm.o(i.Abp_PID_Friction) refers to fabs.o(i.__hardfp_fabs) for __hardfp_fabs
    algorithm.o(i.Abp_PID_Friction) refers to dleqf.o(x$fpl$dleqf) for __aeabi_cdcmple
[...]
    Removing stm32f4xx_tim.o(i.TIM_TimeBaseStructInit), (18 bytes).
    Removing stm32f4xx_tim.o(i.TIM_UpdateDisableConfig), (24 bytes).
    Removing stm32f4xx_tim.o(i.TIM_UpdateRequestConfig), (24 bytes).
    Removing stm32f4xx_usart.o(.rev16_text), (4 bytes).
    Removing stm32f4xx_usart.o(.revsh_text), (4 bytes).
    Removing stm32f4xx_usart.o(i.USART_ClearFlag), (18 bytes).
    Removing stm32f4xx_usart.o(i.USART_ClearITPendingBit), (30 bytes).
    Removing stm32f4xx_usart.o(i.USART_ClockInit), (32 bytes).
    Removing stm32f4xx_usart.o(i.USART_ClockStructInit), (12 bytes).
    Removing stm32f4xx_usart.o(i.USART_GetFlagStatus), (26 bytes).
    Removing stm32f4xx_usart.o(i.USART_HalfDuplexCmd), (24 bytes).
    Removing stm32f4xx_usart.o(i.USART_IrDACmd), (24 bytes).
    Removing stm32f4xx_usart.o(i.USART_IrDAConfig), (18 bytes).
    Removing stm32f4xx_usart.o(i.USART_LINBreakDetectLengthConfig), (18 bytes).
    Removing stm32f4xx_usart.o(i.USART_LINCmd), (24 bytes).
    Removing stm32f4xx_usart.o(i.USART_OneBitMethodCmd), (24 bytes).
    Removing stm32f4xx_usart.o(i.USART_OverSampling8Cmd), (22 bytes).
    Removing stm32f4xx_usart.o(i.USART_ReceiveData), (10 bytes).
    Removing stm32f4xx_usart.o(i.USART_ReceiverWakeUpCmd), (24 bytes).
    Removing stm32f4xx_usart.o(i.USART_SendBreak), (10 bytes).
    Removing stm32f4xx_usart.o(i.USART_SendData), (8 bytes).
    Removing stm32f4xx_usart.o(i.USART_SetAddress), (18 bytes).
    Removing stm32f4xx_usart.o(i.USART_SetGuardTime), (16 bytes).
    Removing stm32f4xx_usart.o(i.USART_SetPrescaler), (16 bytes).
    Removing stm32f4xx_usart.o(i.USART_SmartCardCmd), (24 bytes).
    Removing stm32f4xx_usart.o(i.USART_SmartCardNACKCmd), (24 bytes).
    Removing stm32f4xx_usart.o(i.USART_StructInit), (24 bytes).
    Removing stm32f4xx_usart.o(i.USART_WakeUpConfig), (18 bytes).
    Removing stm32f4xx_wwdg.o(.rev16_text), (4 bytes).
    Removing stm32f4xx_wwdg.o(.revsh_text), (4 bytes).
    Removing stm32f4xx_wwdg.o(i.WWDG_ClearFlag), (12 bytes).
    Removing stm32f4xx_wwdg.o(i.WWDG_DeInit), (22 bytes).
    Removing stm32f4xx_wwdg.o(i.WWDG_Enable), (16 bytes).
    Removing stm32f4xx_wwdg.o(i.WWDG_EnableIT), (12 bytes).
    Removing stm32f4xx_wwdg.o(i.WWDG_GetFlagStatus), (20 bytes).
    Removing stm32f4xx_wwdg.o(i.WWDG_SetCounter), (16 bytes).
    Removing stm32f4xx_wwdg.o(i.WWDG_SetPrescaler), (24 bytes).
    Removing stm32f4xx_wwdg.o(i.WWDG_SetWindowValue), (40 bytes).
    Removing diskio.o(.rev16_text), (4 bytes).
    Removing diskio.o(.revsh_text), (4 bytes).
    Removing diskio.o(i.disk_initialize), (24 bytes).
    Removing diskio.o(i.disk_ioctl), (88 bytes).
    Removing diskio.o(i.disk_read), (76 bytes).
    Removing diskio.o(i.disk_status), (12 bytes).
    Removing diskio.o(i.disk_write), (76 bytes).
    Removing diskio.o(i.get_fattime), (4 bytes).
    Removing ff.o(i.check_fs), (144 bytes).
    Removing ff.o(i.chk_chr), (20 bytes).
    Removing ff.o(i.clmt_clust), (50 bytes).
    Removing ff.o(i.clust2sect), (26 bytes).
    Removing ff.o(i.create_chain), (214 bytes).
    Removing ff.o(i.create_name), (280 bytes).
    Removing ff.o(i.dir_alloc), (92 bytes).
    Removing ff.o(i.dir_find), (92 bytes).
    Removing ff.o(i.dir_next), (270 bytes).
    Removing ff.o(i.dir_read), (114 bytes).
    Removing ff.o(i.dir_register), (58 bytes).
    Removing ff.o(i.dir_remove), (54 bytes).
    Removing ff.o(i.dir_sdi), (158 bytes).
    Removing ff.o(i.f_chmod), (84 bytes).
    Removing ff.o(i.f_close), (32 bytes).
    Removing ff.o(i.f_closedir), (22 bytes).
    Removing ff.o(i.f_getfree), (258 bytes).
    Removing ff.o(i.f_getlabel), (190 bytes).
    Removing ff.o(i.f_gets), (86 bytes).
    Removing ff.o(i.f_lseek), (684 bytes).
    Removing ff.o(i.f_mkdir), (352 bytes).
    Removing ff.o(i.f_mkfs), (1608 bytes).
    Removing ff.o(i.f_mount), (92 bytes).
    Removing ff.o(i.f_open), (376 bytes).
    Removing ff.o(i.f_opendir), (110 bytes).
    Removing ff.o(i.f_printf), (628 bytes).
    Removing ff.o(i.f_putc), (64 bytes).
    Removing ff.o(i.f_puts), (74 bytes).
    Removing ff.o(i.f_read), (432 bytes).
    Removing ff.o(i.f_readdir), (88 bytes).
    Removing ff.o(i.f_rename), (258 bytes).
    Removing ff.o(i.f_setlabel), (412 bytes).
    Removing ff.o(i.f_stat), (60 bytes).
    Removing ff.o(i.f_sync), (176 bytes).
    Removing ff.o(i.f_truncate), (184 bytes).
    Removing ff.o(i.f_unlink), (166 bytes).
    Removing ff.o(i.f_utime), (86 bytes).
    Removing ff.o(i.f_write), (490 bytes).
    Removing ff.o(i.find_volume), (916 bytes).
    Removing ff.o(i.follow_path), (144 bytes).
    Removing ff.o(i.get_fat), (242 bytes).
    Removing ff.o(i.get_fileinfo), (110 bytes).
    Removing ff.o(i.get_ldnumber), (72 bytes).
    Removing ff.o(i.ld_clust), (32 bytes).
    Removing ff.o(i.mem_cmp), (38 bytes).
    Removing ff.o(i.mem_cpy), (26 bytes).
    Removing ff.o(i.mem_set), (20 bytes).
    Removing ff.o(i.move_window), (52 bytes).
    Removing ff.o(i.put_fat), (322 bytes).
    Removing ff.o(i.putc_bfd), (78 bytes).
    Removing ff.o(i.remove_chain), (108 bytes).
    Removing ff.o(i.st_clust), (16 bytes).
    Removing ff.o(i.sync_fs), (200 bytes).
    Removing ff.o(i.sync_window), (82 bytes).
    Removing ff.o(i.validate), (50 bytes).
    Removing ff.o(.constdata), (44 bytes).
    Removing ff.o(.data), (6 bytes).
    Removing tf_card_spi_dma.o(.rev16_text), (4 bytes).
    Removing tf_card_spi_dma.o(.revsh_text), (4 bytes).
    Removing tf_card_spi_dma.o(i.SD_Assert), (32 bytes).
    Removing tf_card_spi_dma.o(i.SD_CmdRsp), (110 bytes).
    Removing tf_card_spi_dma.o(i.SD_DMAProcess), (156 bytes).
    Removing tf_card_spi_dma.o(i.SD_DMA_Config), (144 bytes).
    Removing tf_card_spi_dma.o(i.SD_DeAssert), (20 bytes).
    Removing tf_card_spi_dma.o(i.SD_DeInit), (8 bytes).
    Removing tf_card_spi_dma.o(i.SD_GetCIDRegister), (228 bytes).
    Removing tf_card_spi_dma.o(i.SD_GetCSDRegister), (528 bytes).
    Removing tf_card_spi_dma.o(i.SD_GetCardInfo), (168 bytes).
    Removing tf_card_spi_dma.o(i.SD_GetDataResponse), (42 bytes).
    Removing tf_card_spi_dma.o(i.SD_GetResponse), (32 bytes).
    Removing tf_card_spi_dma.o(i.SD_GetStatus), (36 bytes).
    Removing tf_card_spi_dma.o(i.SD_Init), (432 bytes).
    Removing tf_card_spi_dma.o(i.SD_LowLevel_DeInit), (124 bytes).
    Removing tf_card_spi_dma.o(i.SD_LowLevel_Init), (188 bytes).
    Removing tf_card_spi_dma.o(i.SD_ReadBlock), (120 bytes).
    Removing tf_card_spi_dma.o(i.SD_ReadByte), (56 bytes).
    Removing tf_card_spi_dma.o(i.SD_ReadMultiBlocks), (176 bytes).
    Removing tf_card_spi_dma.o(i.SD_SPI_Config), (76 bytes).
    Removing tf_card_spi_dma.o(i.SD_SendCmd), (84 bytes).
    Removing tf_card_spi_dma.o(i.SD_SpeedSet), (36 bytes).
    Removing tf_card_spi_dma.o(i.SD_Test), (252 bytes).
    Removing tf_card_spi_dma.o(i.SD_WaitReady), (36 bytes).
    Removing tf_card_spi_dma.o(i.SD_WriteBlock), (144 bytes).
    Removing tf_card_spi_dma.o(i.SD_WriteByte), (60 bytes).
    Removing tf_card_spi_dma.o(i.SD_WriteMultiBlocks), (236 bytes).
    Removing tf_card_spi_dma.o(i.ShowCardInfo), (42 bytes).
    Removing tf_card_spi_dma.o(.bss), (3224 bytes).
    Removing tf_card_spi_dma.o(.data), (11 bytes).
    Removing os.o(i.IRQFlagPost), (6 bytes).
    Removing os.o(i.IRQFlagGet), (20 bytes).
    Removing algorithm.o(i.CalIWeakenPID), (332 bytes).

925 unused section(s) (total 59084 bytes) removed from the image.

==============================================================================

Image Symbol Table

    Local Symbols

    Symbol Name                              Value     Ov Type        Size  Object(Section)

    ../clib/angel/boardlib.s                 0x00000000   Number         0  boardshut.o ABSOLUTE
    ../clib/angel/boardlib.s                 0x00000000   Number         0  boardinit1.o ABSOLUTE
    ../clib/angel/boardlib.s                 0x00000000   Number         0  boardinit2.o ABSOLUTE
    ../clib/angel/boardlib.s                 0x00000000   Number         0  boardinit3.o ABSOLUTE
    ../clib/angel/handlers.s                 0x00000000   Number         0  __scatter_copy.o ABSOLUTE
    ../clib/angel/handlers.s                 0x00000000   Number         0  __scatter_zi.o ABSOLUTE
    ../clib/angel/kernel.s                   0x00000000   Number         0  __rtentry4.o ABSOLUTE
    ../clib/angel/kernel.s                   0x00000000   Number         0  __rtentry2.o ABSOLUTE
    ../clib/angel/kernel.s                   0x00000000   Number         0  rtexit2.o ABSOLUTE
    ../clib/angel/kernel.s                   0x00000000   Number         0  rtexit.o ABSOLUTE
    ../clib/angel/kernel.s                   0x00000000   Number         0  __rtentry.o ABSOLUTE
    ../clib/angel/rt.s                       0x00000000   Number         0  rt_errno_addr.o ABSOLUTE
    ../clib/angel/rt.s                       0x00000000   Number         0  rt_locale.o ABSOLUTE
    ../clib/angel/rt.s                       0x00000000   Number         0  rt_raise.o ABSOLUTE
    ../clib/angel/rt.s                       0x00000000   Number         0  rt_locale_intlibspace.o ABSOLUTE
    ../clib/angel/rt.s                       0x00000000   Number         0  rt_ctype_table.o ABSOLUTE
    ../clib/angel/rt.s                       0x00000000   Number         0  rt_errno_addr_intlibspace.o ABSOLUTE
    ../clib/angel/scatter.s                  0x00000000   Number         0  __scatter.o ABSOLUTE
    ../clib/angel/startup.s                  0x00000000   Number         0  __main.o ABSOLUTE
    ../clib/angel/sys.s                      0x00000000   Number         0  use_no_semi.o ABSOLUTE
    ../clib/angel/sys.s                      0x00000000   Number         0  indicate_semi.o ABSOLUTE
    ../clib/angel/sys.s                      0x00000000   Number         0  sys_stackheap_outer.o ABSOLUTE
    ../clib/angel/sys.s                      0x00000000   Number         0  libspace.o ABSOLUTE
    ../clib/angel/sysapp.c                   0x00000000   Number         0  sys_command.o ABSOLUTE
    ../clib/angel/sysapp.c                   0x00000000   Number         0  sys_exit.o ABSOLUTE
    ../clib/angel/sysapp.c                   0x00000000   Number         0  sys_wrch.o ABSOLUTE
    ../clib/armsys.c                         0x00000000   Number         0  _get_argv_nomalloc.o ABSOLUTE
    ../clib/armsys.c                         0x00000000   Number         0  argv_veneer.o ABSOLUTE
    ../clib/armsys.c                         0x00000000   Number         0  argv_veneer.o ABSOLUTE
    ../clib/armsys.c                         0x00000000   Number         0  no_argv.o ABSOLUTE
    ../clib/bigflt.c                         0x00000000   Number         0  bigflt0.o ABSOLUTE
    ../clib/btod.s                           0x00000000   Number         0  btod.o ABSOLUTE
    ../clib/fenv.c                           0x00000000   Number         0  _rserrno.o ABSOLUTE
    ../clib/heapalloc.c                      0x00000000   Number         0  hrguard.o ABSOLUTE
    ../clib/heapaux.c                        0x00000000   Number         0  heapauxi.o ABSOLUTE
    ../clib/libinit.s                        0x00000000   Number         0  libshutdown.o ABSOLUTE
    ../clib/libinit.s                        0x00000000   Number         0  libinit.o ABSOLUTE
    ../clib/libinit.s                        0x00000000   Number         0  libshutdown2.o ABSOLUTE
    ../clib/libinit.s                        0x00000000   Number         0  libinit2.o ABSOLUTE
    ../clib/locale.c                         0x00000000   Number         0  _wcrtomb.o ABSOLUTE
    ../clib/locale.s                         0x00000000   Number         0  lc_numeric_c.o ABSOLUTE
    ../clib/locale.s                         0x00000000   Number         0  lc_ctype_c.o ABSOLUTE
    ../clib/longlong.s                       0x00000000   Number         0  lludiv10.o ABSOLUTE
    ../clib/memcpset.s                       0x00000000   Number         0  strcmpv7m.o ABSOLUTE
    ../clib/misc.s                           0x00000000   Number         0  printf_stubs.o ABSOLUTE
    ../clib/printf.c                         0x00000000   Number         0  __printf_ss.o ABSOLUTE
    ../clib/printf.c                         0x00000000   Number         0  __printf_flags_ss.o ABSOLUTE
    ../clib/printf.c                         0x00000000   Number         0  noretval__2sprintf.o ABSOLUTE
    ../clib/printf.c                         0x00000000   Number         0  __printf_wp.o ABSOLUTE
    ../clib/printf.c                         0x00000000   Number         0  __printf_flags_wp.o ABSOLUTE
    ../clib/printf.c                         0x00000000   Number         0  __printf_ss_wp.o ABSOLUTE
    ../clib/printf.c                         0x00000000   Number         0  __printf.o ABSOLUTE
    ../clib/printf.c                         0x00000000   Number         0  __2sprintf.o ABSOLUTE
    ../clib/printf.c                         0x00000000   Number         0  vsprintf.o ABSOLUTE
    ../clib/printf.c                         0x00000000   Number         0  _printf_pad.o ABSOLUTE
    ../clib/printf.c                         0x00000000   Number         0  _printf_truncate.o ABSOLUTE
    ../clib/printf.c                         0x00000000   Number         0  _printf_intcommon.o ABSOLUTE
    ../clib/printf.c                         0x00000000   Number         0  _printf_charcount.o ABSOLUTE
    ../clib/printf.c                         0x00000000   Number         0  _printf_char_common.o ABSOLUTE
    ../clib/printf.c                         0x00000000   Number         0  _sputc.o ABSOLUTE
    ../clib/printf.c                         0x00000000   Number         0  _printf_char.o ABSOLUTE
    ../clib/printf.c                         0x00000000   Number         0  __printf_flags_ss_wp.o ABSOLUTE
    ../clib/printf.c                         0x00000000   Number         0  _printf_longlong_dec.o ABSOLUTE
    ../clib/printf.c                         0x00000000   Number         0  __printf_flags.o ABSOLUTE
    ../clib/printf.c                         0x00000000   Number         0  _printf_oct_int.o ABSOLUTE
    ../clib/printf.c                         0x00000000   Number         0  _printf_oct_int_ll.o ABSOLUTE
    ../clib/printf.c                         0x00000000   Number         0  _printf_hex_ll.o ABSOLUTE
    ../clib/printf.c                         0x00000000   Number         0  _printf_fp_infnan.o ABSOLUTE
    ../clib/printf.c                         0x00000000   Number         0  _printf_hex_int.o ABSOLUTE
    ../clib/printf.c                         0x00000000   Number         0  _printf_hex_ptr.o ABSOLUTE
    ../clib/printf.c                         0x00000000   Number         0  _printf_hex_int_ptr.o ABSOLUTE
    ../clib/printf.c                         0x00000000   Number         0  _printf_hex_int_ll.o ABSOLUTE
    ../clib/printf.c                         0x00000000   Number         0  _printf_wchar.o ABSOLUTE
    ../clib/printf.c                         0x00000000   Number         0  __printf_nopercent.o ABSOLUTE
    ../clib/printf.c                         0x00000000   Number         0  _printf_fp_hex.o ABSOLUTE
    ../clib/printf.c                         0x00000000   Number         0  _printf_fp_dec.o ABSOLUTE
    ../clib/printf.c                         0x00000000   Number         0  _printf_hex_ll_ptr.o ABSOLUTE
    ../clib/printf.c                         0x00000000   Number         0  _printf_hex_int_ll_ptr.o ABSOLUTE
    ../clib/printf.c                         0x00000000   Number         0  _printf_wctomb.o ABSOLUTE
    ../clib/printf.c                         0x00000000   Number         0  _printf_str.o ABSOLUTE
    ../clib/printf.c                         0x00000000   Number         0  _printf_dec.o ABSOLUTE
    ../clib/printf.c                         0x00000000   Number         0  _printf_oct_ll.o ABSOLUTE
    ../clib/printf_percent.s                 0x00000000   Number         0  _printf_percent.o ABSOLUTE
    ../clib/printf_percent.s                 0x00000000   Number         0  _printf_e.o ABSOLUTE
    ../clib/printf_percent.s                 0x00000000   Number         0  _printf_s.o ABSOLUTE
    ../clib/printf_percent.s                 0x00000000   Number         0  _printf_d.o ABSOLUTE
    ../clib/printf_percent.s                 0x00000000   Number         0  _printf_o.o ABSOLUTE
    ../clib/printf_percent.s                 0x00000000   Number         0  _printf_p.o ABSOLUTE
    ../clib/printf_percent.s                 0x00000000   Number         0  _printf_x.o ABSOLUTE
    ../clib/printf_percent.s                 0x00000000   Number         0  _printf_n.o ABSOLUTE
    ../clib/printf_percent.s                 0x00000000   Number         0  _printf_i.o ABSOLUTE
    ../clib/printf_percent.s                 0x00000000   Number         0  _printf_c.o ABSOLUTE
    ../clib/printf_percent.s                 0x00000000   Number         0  _printf_llx.o ABSOLUTE
    ../clib/printf_percent.s                 0x00000000   Number         0  _printf_llo.o ABSOLUTE
    ../clib/printf_percent.s                 0x00000000   Number         0  _printf_ls.o ABSOLUTE
    ../clib/printf_percent.s                 0x00000000   Number         0  _printf_lc.o ABSOLUTE
    ../clib/printf_percent.s                 0x00000000   Number         0  _printf_l.o ABSOLUTE
    ../clib/printf_percent.s                 0x00000000   Number         0  _printf_ll.o ABSOLUTE
    ../clib/printf_percent.s                 0x00000000   Number         0  _printf_llu.o ABSOLUTE
    ../clib/printf_percent.s                 0x00000000   Number         0  _printf_lld.o ABSOLUTE
    ../clib/printf_percent.s                 0x00000000   Number         0  _printf_lli.o ABSOLUTE
    ../clib/printf_percent.s                 0x00000000   Number         0  _printf_percent_end.o ABSOLUTE
    ../clib/printf_percent.s                 0x00000000   Number         0  _printf_a.o ABSOLUTE
    ../clib/printf_percent.s                 0x00000000   Number         0  _printf_g.o ABSOLUTE
    ../clib/printf_percent.s                 0x00000000   Number         0  _printf_f.o ABSOLUTE
    ../clib/printf_percent.s                 0x00000000   Number         0  _printf_u.o ABSOLUTE
    ../clib/scanf.c                          0x00000000   Number         0  atoi.o ABSOLUTE
    ../clib/scanf.c                          0x00000000   Number         0  strtol.o ABSOLUTE
    ../clib/scanf.c                          0x00000000   Number         0  _chval.o ABSOLUTE
    ../clib/scanf.c                          0x00000000   Number         0  _strtoul.o ABSOLUTE
    ../clib/signal.c                         0x00000000   Number         0  defsig_segv_inner.o ABSOLUTE
    ../clib/signal.c                         0x00000000   Number         0  defsig_other.o ABSOLUTE
    ../clib/signal.c                         0x00000000   Number         0  __raise.o ABSOLUTE
    ../clib/signal.c                         0x00000000   Number         0  defsig_rtmem_inner.o ABSOLUTE
    ../clib/signal.c                         0x00000000   Number         0  defsig_exit.o ABSOLUTE
    ../clib/signal.c                         0x00000000   Number         0  defsig_general.o ABSOLUTE
    ../clib/signal.c                         0x00000000   Number         0  defsig_rtmem_formal.o ABSOLUTE
    ../clib/signal.c                         0x00000000   Number         0  defsig_rtmem_outer.o ABSOLUTE
    ../clib/signal.c                         0x00000000   Number         0  defsig_abrt_inner.o ABSOLUTE
    ../clib/signal.c                         0x00000000   Number         0  defsig_fpe_inner.o ABSOLUTE
    ../clib/signal.c                         0x00000000   Number         0  defsig_rtred_inner.o ABSOLUTE
    ../clib/signal.c                         0x00000000   Number         0  defsig_stak_inner.o ABSOLUTE
    ../clib/signal.c                         0x00000000   Number         0  defsig_pvfn_inner.o ABSOLUTE
    ../clib/signal.c                         0x00000000   Number         0  defsig_cppl_inner.o ABSOLUTE
    ../clib/signal.s                         0x00000000   Number         0  defsig.o ABSOLUTE
    ../clib/stdlib.c                         0x00000000   Number         0  exit.o ABSOLUTE
    ../fplib/d2f.s                           0x00000000   Number         0  d2f.o ABSOLUTE
    ../fplib/daddsub.s                       0x00000000   Number         0  daddsub_clz.o ABSOLUTE
    ../fplib/dcmpi.s                         0x00000000   Number         0  dcmpi.o ABSOLUTE
    ../fplib/dleqf.s                         0x00000000   Number         0  dleqf.o ABSOLUTE
    ../fplib/dmul.s                          0x00000000   Number         0  dmul.o ABSOLUTE
    ../fplib/dnaninf.s                       0x00000000   Number         0  dnaninf.o ABSOLUTE
    ../fplib/dretinf.s                       0x00000000   Number         0  dretinf.o ABSOLUTE
    ../fplib/drleqf.s                        0x00000000   Number         0  drleqf.o ABSOLUTE
    ../fplib/dsqrt.s                         0x00000000   Number         0  dsqrt_umaal.o ABSOLUTE
    ../fplib/f2d.s                           0x00000000   Number         0  f2d.o ABSOLUTE
    ../fplib/fnaninf.s                       0x00000000   Number         0  fnaninf.o ABSOLUTE
    ../fplib/fpinit.s                        0x00000000   Number         0  fpinit.o ABSOLUTE
    ../fplib/fretinf.s                       0x00000000   Number         0  fretinf.o ABSOLUTE
    ../fplib/istatus.s                       0x00000000   Number         0  istatus.o ABSOLUTE
    ../fplib/printf1.s                       0x00000000   Number         0  printf1.o ABSOLUTE
    ../fplib/printf2.s                       0x00000000   Number         0  printf2.o ABSOLUTE
    ../fplib/printf2a.s                      0x00000000   Number         0  printf2a.o ABSOLUTE
    ../fplib/printf2b.s                      0x00000000   Number         0  printf2b.o ABSOLUTE
    ../fplib/usenofp.s                       0x00000000   Number         0  usenofp.o ABSOLUTE
    ../mathlib/fabs.c                        0x00000000   Number         0  fabs.o ABSOLUTE
    ../mathlib/fpclassify.c                  0x00000000   Number         0  fpclassify.o ABSOLUTE
    ../mathlib/sqrt.c                        0x00000000   Number         0  sqrt_x.o ABSOLUTE
    ../mathlib/sqrt.c                        0x00000000   Number         0  sqrt.o ABSOLUTE
    ..\File\API\algorithm.c                  0x00000000   Number         0  algorithm.o ABSOLUTE
    ..\File\API\can_control.c                0x00000000   Number         0  can_control.o ABSOLUTE
    ..\File\API\usart_control.c              0x00000000   Number         0  usart_control.o ABSOLUTE
    ..\File\BSP\can.c                        0x00000000   Number         0  can.o ABSOLUTE
    ..\File\BSP\pwm.c                        0x00000000   Number         0  pwm.o ABSOLUTE
    ..\File\BSP\sys.c                        0x00000000   Number         0  sys.o ABSOLUTE
    ..\File\BSP\tim.c                        0x00000000   Number         0  tim.o ABSOLUTE
    ..\File\BSP\usart.c                      0x00000000   Number         0  usart.o ABSOLUTE
    ..\File\BSP\verify.c                     0x00000000   Number         0  verify.o ABSOLUTE
    ..\File\STM32_LIB\CMSIS\startup_stm32f40_41xxx.s 0x00000000   Number         0  startup_stm32f40_41xxx.o ABSOLUTE
    ..\File\STM32_LIB\FWLIB\misc.c           0x00000000   Number         0  misc.o ABSOLUTE
    ..\File\STM32_LIB\FWLIB\stm32f4xx_adc.c  0x00000000   Number         0  stm32f4xx_adc.o ABSOLUTE
    ..\File\STM32_LIB\FWLIB\stm32f4xx_can.c  0x00000000   Number         0  stm32f4xx_can.o ABSOLUTE
    ..\File\STM32_LIB\FWLIB\stm32f4xx_crc.c  0x00000000   Number         0  stm32f4xx_crc.o ABSOLUTE
    ..\File\STM32_LIB\FWLIB\stm32f4xx_cryp.c 0x00000000   Number         0  stm32f4xx_cryp.o ABSOLUTE
    ..\File\STM32_LIB\FWLIB\stm32f4xx_cryp_aes.c 0x00000000   Number         0  stm32f4xx_cryp_aes.o ABSOLUTE
    ..\File\STM32_LIB\FWLIB\stm32f4xx_cryp_des.c 0x00000000   Number         0  stm32f4xx_cryp_des.o ABSOLUTE
    ..\File\STM32_LIB\FWLIB\stm32f4xx_cryp_tdes.c 0x00000000   Number         0  stm32f4xx_cryp_tdes.o ABSOLUTE
    ..\File\STM32_LIB\FWLIB\stm32f4xx_dac.c  0x00000000   Number         0  stm32f4xx_dac.o ABSOLUTE
    ..\File\STM32_LIB\FWLIB\stm32f4xx_dbgmcu.c 0x00000000   Number         0  stm32f4xx_dbgmcu.o ABSOLUTE
    ..\File\STM32_LIB\FWLIB\stm32f4xx_dcmi.c 0x00000000   Number         0  stm32f4xx_dcmi.o ABSOLUTE
    ..\File\STM32_LIB\FWLIB\stm32f4xx_dma.c  0x00000000   Number         0  stm32f4xx_dma.o ABSOLUTE
    ..\File\STM32_LIB\FWLIB\stm32f4xx_dma2d.c 0x00000000   Number         0  stm32f4xx_dma2d.o ABSOLUTE
    ..\File\STM32_LIB\FWLIB\stm32f4xx_exti.c 0x00000000   Number         0  stm32f4xx_exti.o ABSOLUTE
    ..\File\STM32_LIB\FWLIB\stm32f4xx_flash.c 0x00000000   Number         0  stm32f4xx_flash.o ABSOLUTE
    ..\File\STM32_LIB\FWLIB\stm32f4xx_flash_ramfunc.c 0x00000000   Number         0  stm32f4xx_flash_ramfunc.o ABSOLUTE
    ..\File\STM32_LIB\FWLIB\stm32f4xx_fsmc.c 0x00000000   Number         0  stm32f4xx_fsmc.o ABSOLUTE
    ..\File\STM32_LIB\FWLIB\stm32f4xx_gpio.c 0x00000000   Number         0  stm32f4xx_gpio.o ABSOLUTE
    ..\File\STM32_LIB\FWLIB\stm32f4xx_hash.c 0x00000000   Number         0  stm32f4xx_hash.o ABSOLUTE
    ..\File\STM32_LIB\FWLIB\stm32f4xx_hash_md5.c 0x00000000   Number         0  stm32f4xx_hash_md5.o ABSOLUTE
    ..\File\STM32_LIB\FWLIB\stm32f4xx_hash_sha1.c 0x00000000   Number         0  stm32f4xx_hash_sha1.o ABSOLUTE
    ..\File\STM32_LIB\FWLIB\stm32f4xx_i2c.c  0x00000000   Number         0  stm32f4xx_i2c.o ABSOLUTE
    ..\File\STM32_LIB\FWLIB\stm32f4xx_iwdg.c 0x00000000   Number         0  stm32f4xx_iwdg.o ABSOLUTE
    ..\File\STM32_LIB\FWLIB\stm32f4xx_ltdc.c 0x00000000   Number         0  stm32f4xx_ltdc.o ABSOLUTE
    ..\File\STM32_LIB\FWLIB\stm32f4xx_pwr.c  0x00000000   Number         0  stm32f4xx_pwr.o ABSOLUTE
    ..\File\STM32_LIB\FWLIB\stm32f4xx_rcc.c  0x00000000   Number         0  stm32f4xx_rcc.o ABSOLUTE
    ..\File\STM32_LIB\FWLIB\stm32f4xx_rng.c  0x00000000   Number         0  stm32f4xx_rng.o ABSOLUTE
    ..\File\STM32_LIB\FWLIB\stm32f4xx_rtc.c  0x00000000   Number         0  stm32f4xx_rtc.o ABSOLUTE
    ..\File\STM32_LIB\FWLIB\stm32f4xx_sai.c  0x00000000   Number         0  stm32f4xx_sai.o ABSOLUTE
    ..\File\STM32_LIB\FWLIB\stm32f4xx_sdio.c 0x00000000   Number         0  stm32f4xx_sdio.o ABSOLUTE
    ..\File\STM32_LIB\FWLIB\stm32f4xx_spi.c  0x00000000   Number         0  stm32f4xx_spi.o ABSOLUTE
    ..\File\STM32_LIB\FWLIB\stm32f4xx_syscfg.c 0x00000000   Number         0  stm32f4xx_syscfg.o ABSOLUTE
    ..\File\STM32_LIB\FWLIB\stm32f4xx_tim.c  0x00000000   Number         0  stm32f4xx_tim.o ABSOLUTE
    ..\File\STM32_LIB\FWLIB\stm32f4xx_usart.c 0x00000000   Number         0  stm32f4xx_usart.o ABSOLUTE
    ..\File\STM32_LIB\FWLIB\stm32f4xx_wwdg.c 0x00000000   Number         0  stm32f4xx_wwdg.o ABSOLUTE
    ..\File\TASK\SD.c                        0x00000000   Number         0  sd.o ABSOLUTE
    ..\File\TASK\systemmonitor.c             0x00000000   Number         0  systemmonitor.o ABSOLUTE
    ..\File\TFcard\FATFS\src\diskio.c        0x00000000   Number         0  diskio.o ABSOLUTE
    ..\File\TFcard\FATFS\src\ff.c            0x00000000   Number         0  ff.o ABSOLUTE
    ..\File\TFcard\TFCard_Driver\TF_Card_SPI_DMA.c 0x00000000   Number         0  tf_card_spi_dma.o ABSOLUTE
    ..\File\USER\bsp_init.c                  0x00000000   Number         0  bsp_init.o ABSOLUTE
    ..\File\USER\global.c                    0x00000000   Number         0  global.o ABSOLUTE
    ..\File\USER\main.c                      0x00000000   Number         0  main.o ABSOLUTE
    ..\File\USER\os.c                        0x00000000   Number         0  os.o ABSOLUTE
    ..\File\USER\stm32f4xx_it.c              0x00000000   Number         0  stm32f4xx_it.o ABSOLUTE
    ..\File\USER\system_stm32f4xx.c          0x00000000   Number         0  system_stm32f4xx.o ABSOLUTE
    ..\\File\\API\\algorithm.c               0x00000000   Number         0  algorithm.o ABSOLUTE
    ..\\File\\API\\can_control.c             0x00000000   Number         0  can_control.o ABSOLUTE
    ..\\File\\API\\usart_control.c           0x00000000   Number         0  usart_control.o ABSOLUTE
    ..\\File\\BSP\\can.c                     0x00000000   Number         0  can.o ABSOLUTE
    ..\\File\\BSP\\pwm.c                     0x00000000   Number         0  pwm.o ABSOLUTE
    ..\\File\\BSP\\sys.c                     0x00000000   Number         0  sys.o ABSOLUTE
    ..\\File\\BSP\\tim.c                     0x00000000   Number         0  tim.o ABSOLUTE
    ..\\File\\BSP\\usart.c                   0x00000000   Number         0  usart.o ABSOLUTE
    ..\\File\\BSP\\verify.c                  0x00000000   Number         0  verify.o ABSOLUTE
    ..\\File\\STM32_LIB\\FWLIB\\misc.c       0x00000000   Number         0  misc.o ABSOLUTE
    ..\\File\\STM32_LIB\\FWLIB\\stm32f4xx_adc.c 0x00000000   Number         0  stm32f4xx_adc.o ABSOLUTE
    ..\\File\\STM32_LIB\\FWLIB\\stm32f4xx_can.c 0x00000000   Number         0  stm32f4xx_can.o ABSOLUTE
    ..\\File\\STM32_LIB\\FWLIB\\stm32f4xx_crc.c 0x00000000   Number         0  stm32f4xx_crc.o ABSOLUTE
    ..\\File\\STM32_LIB\\FWLIB\\stm32f4xx_cryp.c 0x00000000   Number         0  stm32f4xx_cryp.o ABSOLUTE
    ..\\File\\STM32_LIB\\FWLIB\\stm32f4xx_cryp_aes.c 0x00000000   Number         0  stm32f4xx_cryp_aes.o ABSOLUTE
    ..\\File\\STM32_LIB\\FWLIB\\stm32f4xx_cryp_des.c 0x00000000   Number         0  stm32f4xx_cryp_des.o ABSOLUTE
    ..\\File\\STM32_LIB\\FWLIB\\stm32f4xx_cryp_tdes.c 0x00000000   Number         0  stm32f4xx_cryp_tdes.o ABSOLUTE
    ..\\File\\STM32_LIB\\FWLIB\\stm32f4xx_dac.c 0x00000000   Number         0  stm32f4xx_dac.o ABSOLUTE
    ..\\File\\STM32_LIB\\FWLIB\\stm32f4xx_dbgmcu.c 0x00000000   Number         0  stm32f4xx_dbgmcu.o ABSOLUTE
    ..\\File\\STM32_LIB\\FWLIB\\stm32f4xx_dcmi.c 0x00000000   Number         0  stm32f4xx_dcmi.o ABSOLUTE
    ..\\File\\STM32_LIB\\FWLIB\\stm32f4xx_dma.c 0x00000000   Number         0  stm32f4xx_dma.o ABSOLUTE
    ..\\File\\STM32_LIB\\FWLIB\\stm32f4xx_dma2d.c 0x00000000   Number         0  stm32f4xx_dma2d.o ABSOLUTE
    ..\\File\\STM32_LIB\\FWLIB\\stm32f4xx_exti.c 0x00000000   Number         0  stm32f4xx_exti.o ABSOLUTE
    ..\\File\\STM32_LIB\\FWLIB\\stm32f4xx_flash.c 0x00000000   Number         0  stm32f4xx_flash.o ABSOLUTE
    ..\\File\\STM32_LIB\\FWLIB\\stm32f4xx_flash_ramfunc.c 0x00000000   Number         0  stm32f4xx_flash_ramfunc.o ABSOLUTE
    ..\\File\\STM32_LIB\\FWLIB\\stm32f4xx_fsmc.c 0x00000000   Number         0  stm32f4xx_fsmc.o ABSOLUTE
    ..\\File\\STM32_LIB\\FWLIB\\stm32f4xx_gpio.c 0x00000000   Number         0  stm32f4xx_gpio.o ABSOLUTE
    ..\\File\\STM32_LIB\\FWLIB\\stm32f4xx_hash.c 0x00000000   Number         0  stm32f4xx_hash.o ABSOLUTE
    ..\\File\\STM32_LIB\\FWLIB\\stm32f4xx_hash_md5.c 0x00000000   Number         0  stm32f4xx_hash_md5.o ABSOLUTE
    ..\\File\\STM32_LIB\\FWLIB\\stm32f4xx_hash_sha1.c 0x00000000   Number         0  stm32f4xx_hash_sha1.o ABSOLUTE
    ..\\File\\STM32_LIB\\FWLIB\\stm32f4xx_i2c.c 0x00000000   Number         0  stm32f4xx_i2c.o ABSOLUTE
    ..\\File\\STM32_LIB\\FWLIB\\stm32f4xx_iwdg.c 0x00000000   Number         0  stm32f4xx_iwdg.o ABSOLUTE
    ..\\File\\STM32_LIB\\FWLIB\\stm32f4xx_ltdc.c 0x00000000   Number         0  stm32f4xx_ltdc.o ABSOLUTE
    ..\\File\\STM32_LIB\\FWLIB\\stm32f4xx_pwr.c 0x00000000   Number         0  stm32f4xx_pwr.o ABSOLUTE
    ..\\File\\STM32_LIB\\FWLIB\\stm32f4xx_rcc.c 0x00000000   Number         0  stm32f4xx_rcc.o ABSOLUTE
    ..\\File\\STM32_LIB\\FWLIB\\stm32f4xx_rng.c 0x00000000   Number         0  stm32f4xx_rng.o ABSOLUTE
    ..\\File\\STM32_LIB\\FWLIB\\stm32f4xx_rtc.c 0x00000000   Number         0  stm32f4xx_rtc.o ABSOLUTE
    ..\\File\\STM32_LIB\\FWLIB\\stm32f4xx_sai.c 0x00000000   Number         0  stm32f4xx_sai.o ABSOLUTE
    ..\\File\\STM32_LIB\\FWLIB\\stm32f4xx_sdio.c 0x00000000   Number         0  stm32f4xx_sdio.o ABSOLUTE
    ..\\File\\STM32_LIB\\FWLIB\\stm32f4xx_spi.c 0x00000000   Number         0  stm32f4xx_spi.o ABSOLUTE
    ..\\File\\STM32_LIB\\FWLIB\\stm32f4xx_syscfg.c 0x00000000   Number         0  stm32f4xx_syscfg.o ABSOLUTE
    ..\\File\\STM32_LIB\\FWLIB\\stm32f4xx_tim.c 0x00000000   Number         0  stm32f4xx_tim.o ABSOLUTE
    ..\\File\\STM32_LIB\\FWLIB\\stm32f4xx_usart.c 0x00000000   Number         0  stm32f4xx_usart.o ABSOLUTE
    ..\\File\\STM32_LIB\\FWLIB\\stm32f4xx_wwdg.c 0x00000000   Number         0  stm32f4xx_wwdg.o ABSOLUTE
    ..\\File\\TASK\\SD.c                     0x00000000   Number         0  sd.o ABSOLUTE
    ..\\File\\TASK\\systemmonitor.c          0x00000000   Number         0  systemmonitor.o ABSOLUTE
    ..\\File\\TFcard\\FATFS\\src\\diskio.c   0x00000000   Number         0  diskio.o ABSOLUTE
    ..\\File\\TFcard\\TFCard_Driver\\TF_Card_SPI_DMA.c 0x00000000   Number         0  tf_card_spi_dma.o ABSOLUTE
    ..\\File\\USER\\bsp_init.c               0x00000000   Number         0  bsp_init.o ABSOLUTE
    ..\\File\\USER\\global.c                 0x00000000   Number         0  global.o ABSOLUTE
    ..\\File\\USER\\main.c                   0x00000000   Number         0  main.o ABSOLUTE
    ..\\File\\USER\\os.c                     0x00000000   Number         0  os.o ABSOLUTE
    ..\\File\\USER\\stm32f4xx_it.c           0x00000000   Number         0  stm32f4xx_it.o ABSOLUTE
    ..\\File\\USER\\system_stm32f4xx.c       0x00000000   Number         0  system_stm32f4xx.o ABSOLUTE
    dc.s                                     0x00000000   Number         0  dc.o ABSOLUTE
    RESET                                    0x08000000   Section      392  startup_stm32f40_41xxx.o(RESET)
    !!!main                                  0x08000188   Section        8  __main.o(!!!main)
    !!!scatter                               0x08000190   Section       52  __scatter.o(!!!scatter)
    !!handler_copy                           0x080001c4   Section       26  __scatter_copy.o(!!handler_copy)
    !!handler_zi                             0x080001e0   Section       28  __scatter_zi.o(!!handler_zi)
    .ARM.Collect$$libinit$$00000000          0x080001fc   Section        2  libinit.o(.ARM.Collect$$libinit$$00000000)
    .ARM.Collect$$libinit$$00000001          0x080001fe   Section        4  libinit2.o(.ARM.Collect$$libinit$$00000001)
    .ARM.Collect$$libinit$$00000004          0x08000202   Section        0  libinit2.o(.ARM.Collect$$libinit$$00000004)
    .ARM.Collect$$libinit$$0000000A          0x08000202   Section        0  libinit2.o(.ARM.Collect$$libinit$$0000000A)
    .ARM.Collect$$libinit$$0000000C          0x08000202   Section        0  libinit2.o(.ARM.Collect$$libinit$$0000000C)
    .ARM.Collect$$libinit$$0000000E          0x08000202   Section        0  libinit2.o(.ARM.Collect$$libinit$$0000000E)
    .ARM.Collect$$libinit$$00000011          0x08000202   Section        0  libinit2.o(.ARM.Collect$$libinit$$00000011)
    .ARM.Collect$$libinit$$00000013          0x08000202   Section        0  libinit2.o(.ARM.Collect$$libinit$$00000013)
    .ARM.Collect$$libinit$$00000015          0x08000202   Section        0  libinit2.o(.ARM.Collect$$libinit$$00000015)
    .ARM.Collect$$libinit$$00000017          0x08000202   Section        0  libinit2.o(.ARM.Collect$$libinit$$00000017)
    .ARM.Collect$$libinit$$00000019          0x08000202   Section        0  libinit2.o(.ARM.Collect$$libinit$$00000019)
    .ARM.Collect$$libinit$$0000001B          0x08000202   Section        0  libinit2.o(.ARM.Collect$$libinit$$0000001B)
    .ARM.Collect$$libinit$$0000001D          0x08000202   Section        0  libinit2.o(.ARM.Collect$$libinit$$0000001D)
    .ARM.Collect$$libinit$$0000001F          0x08000202   Section        0  libinit2.o(.ARM.Collect$$libinit$$0000001F)
    .ARM.Collect$$libinit$$00000021          0x08000202   Section        0  libinit2.o(.ARM.Collect$$libinit$$00000021)
    .ARM.Collect$$libinit$$00000023          0x08000202   Section        0  libinit2.o(.ARM.Collect$$libinit$$00000023)
    .ARM.Collect$$libinit$$00000025          0x08000202   Section        0  libinit2.o(.ARM.Collect$$libinit$$00000025)
    .ARM.Collect$$libinit$$0000002C          0x08000202   Section        0  libinit2.o(.ARM.Collect$$libinit$$0000002C)
    .ARM.Collect$$libinit$$0000002E          0x08000202   Section        0  libinit2.o(.ARM.Collect$$libinit$$0000002E)
    .ARM.Collect$$libinit$$00000030          0x08000202   Section        0  libinit2.o(.ARM.Collect$$libinit$$00000030)
    .ARM.Collect$$libinit$$00000032          0x08000202   Section        0  libinit2.o(.ARM.Collect$$libinit$$00000032)
    .ARM.Collect$$libinit$$00000033          0x08000202   Section        2  libinit2.o(.ARM.Collect$$libinit$$00000033)
    .ARM.Collect$$libshutdown$$00000000      0x08000204   Section        2  libshutdown.o(.ARM.Collect$$libshutdown$$00000000)
    .ARM.Collect$$libshutdown$$00000002      0x08000206   Section        0  libshutdown2.o(.ARM.Collect$$libshutdown$$00000002)
    .ARM.Collect$$libshutdown$$00000004      0x08000206   Section        0  libshutdown2.o(.ARM.Collect$$libshutdown$$00000004)
    .ARM.Collect$$libshutdown$$00000006      0x08000206   Section        0  libshutdown2.o(.ARM.Collect$$libshutdown$$00000006)
    .ARM.Collect$$libshutdown$$00000009      0x08000206   Section        0  libshutdown2.o(.ARM.Collect$$libshutdown$$00000009)
    .ARM.Collect$$libshutdown$$0000000C      0x08000206   Section        0  libshutdown2.o(.ARM.Collect$$libshutdown$$0000000C)
    .ARM.Collect$$libshutdown$$0000000E      0x08000206   Section        0  libshutdown2.o(.ARM.Collect$$libshutdown$$0000000E)
    .ARM.Collect$$libshutdown$$00000011      0x08000206   Section        0  libshutdown2.o(.ARM.Collect$$libshutdown$$00000011)
    .ARM.Collect$$libshutdown$$00000012      0x08000206   Section        2  libshutdown2.o(.ARM.Collect$$libshutdown$$00000012)
    .ARM.Collect$$rtentry$$00000000          0x08000208   Section        0  __rtentry.o(.ARM.Collect$$rtentry$$00000000)
    .ARM.Collect$$rtentry$$00000002          0x08000208   Section        0  __rtentry2.o(.ARM.Collect$$rtentry$$00000002)
    .ARM.Collect$$rtentry$$00000004          0x08000208   Section        6  __rtentry4.o(.ARM.Collect$$rtentry$$00000004)
    .ARM.Collect$$rtentry$$00000009          0x0800020e   Section        0  __rtentry2.o(.ARM.Collect$$rtentry$$00000009)
    .ARM.Collect$$rtentry$$0000000A          0x0800020e   Section        4  __rtentry2.o(.ARM.Collect$$rtentry$$0000000A)
    .ARM.Collect$$rtentry$$0000000C          0x08000212   Section        0  __rtentry2.o(.ARM.Collect$$rtentry$$0000000C)
    .ARM.Collect$$rtentry$$0000000D          0x08000212   Section        8  __rtentry2.o(.ARM.Collect$$rtentry$$0000000D)
    .ARM.Collect$$rtexit$$00000000           0x0800021a   Section        2  rtexit.o(.ARM.Collect$$rtexit$$00000000)
    .ARM.Collect$$rtexit$$00000002           0x0800021c   Section        0  rtexit2.o(.ARM.Collect$$rtexit$$00000002)
    .ARM.Collect$$rtexit$$00000003           0x0800021c   Section        4  rtexit2.o(.ARM.Collect$$rtexit$$00000003)
    .ARM.Collect$$rtexit$$00000004           0x08000220   Section        6  rtexit2.o(.ARM.Collect$$rtexit$$00000004)
    .text                                    0x08000228   Section       64  startup_stm32f40_41xxx.o(.text)
    $v0                                      0x08000228   Number         0  startup_stm32f40_41xxx.o(.text)
    .text                                    0x08000268   Section        0  heapauxi.o(.text)
    .text                                    0x08000270   Section        8  libspace.o(.text)
    .text                                    0x08000278   Section       74  sys_stackheap_outer.o(.text)
    .text                                    0x080002c2   Section        0  exit.o(.text)
    .text                                    0x080002d4   Section        0  sys_exit.o(.text)
    .text                                    0x080002e0   Section        2  use_no_semi.o(.text)
    .text                                    0x080002e2   Section        0  indicate_semi.o(.text)
    i.Bsp_Init                               0x080002e2   Section        0  bsp_init.o(i.Bsp_Init)
    i.CAN1_Configuration                     0x08000310   Section        0  can.o(i.CAN1_Configuration)
    i.CAN2_Configuration                     0x08000404   Section        0  can.o(i.CAN2_Configuration)
    i.CAN_FilterInit                         0x080004f0   Section        0  stm32f4xx_can.o(i.CAN_FilterInit)
    i.CAN_ITConfig                           0x080005f8   Section        0  stm32f4xx_can.o(i.CAN_ITConfig)
    i.CAN_Init                               0x0800060a   Section        0  stm32f4xx_can.o(i.CAN_Init)
    i.DMA_Cmd                                0x0800071e   Section        0  stm32f4xx_dma.o(i.DMA_Cmd)
    i.DMA_DeInit                             0x08000734   Section        0  stm32f4xx_dma.o(i.DMA_DeInit)
    i.DMA_GetCmdStatus                       0x0800088c   Section        0  stm32f4xx_dma.o(i.DMA_GetCmdStatus)
    i.DMA_GetCurrDataCounter                 0x080008a0   Section        0  stm32f4xx_dma.o(i.DMA_GetCurrDataCounter)
    i.DMA_Init                               0x080008a8   Section        0  stm32f4xx_dma.o(i.DMA_Init)
    i.Data_u8_to_int                         0x08000900   Section        0  stm32f4xx_it.o(i.Data_u8_to_int)
    i.GPIO_Init                              0x08000924   Section        0  stm32f4xx_gpio.o(i.GPIO_Init)
    i.GPIO_PinAFConfig                       0x080009b4   Section        0  stm32f4xx_gpio.o(i.GPIO_PinAFConfig)
    i.NVIC_Init                              0x080009fc   Section        0  misc.o(i.NVIC_Init)
    i.OS_RUN                                 0x08000a74   Section        0  os.o(i.OS_RUN)
    i.RCC_AHB1PeriphClockCmd                 0x08000c24   Section        0  stm32f4xx_rcc.o(i.RCC_AHB1PeriphClockCmd)
    i.RCC_APB1PeriphClockCmd                 0x08000c44   Section        0  stm32f4xx_rcc.o(i.RCC_APB1PeriphClockCmd)
    i.RCC_APB1PeriphResetCmd                 0x08000c64   Section        0  stm32f4xx_rcc.o(i.RCC_APB1PeriphResetCmd)
    i.RCC_APB2PeriphClockCmd                 0x08000c84   Section        0  stm32f4xx_rcc.o(i.RCC_APB2PeriphClockCmd)
    i.RCC_APB2PeriphResetCmd                 0x08000ca4   Section        0  stm32f4xx_rcc.o(i.RCC_APB2PeriphResetCmd)
    i.RCC_GetClocksFreq                      0x08000cc4   Section        0  stm32f4xx_rcc.o(i.RCC_GetClocksFreq)
    i.SetSysClock                            0x08000dac   Section        0  system_stm32f4xx.o(i.SetSysClock)
    SetSysClock                              0x08000dad   Thumb Code   220  system_stm32f4xx.o(i.SetSysClock)
    i.SystemInit                             0x08000e98   Section        0  system_stm32f4xx.o(i.SystemInit)
    i.SystemMonitorTask                      0x08000f00   Section        0  systemmonitor.o(i.SystemMonitorTask)
    i.TIM5_Configuration                     0x08000f14   Section        0  tim.o(i.TIM5_Configuration)
    i.TIM8_PWM_Init                          0x08000f4c   Section        0  pwm.o(i.TIM8_PWM_Init)
    i.TIM9_PWM_Init                          0x08001010   Section        0  pwm.o(i.TIM9_PWM_Init)
    i.TIM_ARRPreloadConfig                   0x080010b0   Section        0  stm32f4xx_tim.o(i.TIM_ARRPreloadConfig)
    i.TIM_Cmd                                0x080010c8   Section        0  stm32f4xx_tim.o(i.TIM_Cmd)
    i.TIM_CtrlPWMOutputs                     0x080010e0   Section        0  stm32f4xx_tim.o(i.TIM_CtrlPWMOutputs)
    i.TIM_OC2Init                            0x08001100   Section        0  stm32f4xx_tim.o(i.TIM_OC2Init)
    i.TIM_OC2PreloadConfig                   0x080011a4   Section        0  stm32f4xx_tim.o(i.TIM_OC2PreloadConfig)
    i.TIM_OC3Init                            0x080011c0   Section        0  stm32f4xx_tim.o(i.TIM_OC3Init)
    i.TIM_OC3PreloadConfig                   0x08001260   Section        0  stm32f4xx_tim.o(i.TIM_OC3PreloadConfig)
    i.TIM_OC4Init                            0x08001274   Section        0  stm32f4xx_tim.o(i.TIM_OC4Init)
    i.TIM_OC4PreloadConfig                   0x080012ec   Section        0  stm32f4xx_tim.o(i.TIM_OC4PreloadConfig)
    i.TIM_TimeBaseInit                       0x08001308   Section        0  stm32f4xx_tim.o(i.TIM_TimeBaseInit)
    i.USART1_IRQHandler                      0x0800138c   Section        0  stm32f4xx_it.o(i.USART1_IRQHandler)
    i.USART2_Configuration                   0x08001390   Section        0  usart.o(i.USART2_Configuration)
    i.USART2_IRQHandler                      0x08001510   Section        0  stm32f4xx_it.o(i.USART2_IRQHandler)
    i.USART_Cmd                              0x08001568   Section        0  stm32f4xx_usart.o(i.USART_Cmd)
    i.USART_DMACmd                           0x08001580   Section        0  stm32f4xx_usart.o(i.USART_DMACmd)
    i.USART_DeInit                           0x08001594   Section        0  stm32f4xx_usart.o(i.USART_DeInit)
    i.USART_GetITStatus                      0x08001684   Section        0  stm32f4xx_usart.o(i.USART_GetITStatus)
    i.USART_ITConfig                         0x080016d8   Section        0  stm32f4xx_usart.o(i.USART_ITConfig)
    i.USART_Init                             0x08001724   Section        0  stm32f4xx_usart.o(i.USART_Init)
    i.main                                   0x080017f8   Section        0  main.o(i.main)
    i.u8_to_int                              0x08001806   Section        0  stm32f4xx_it.o(i.u8_to_int)
    x$fpl$fpinit                             0x08001830   Section       10  fpinit.o(x$fpl$fpinit)
    $v0                                      0x08001830   Number         0  fpinit.o(x$fpl$fpinit)
    .conststring                             0x0800183c   Section       18  os.o(.conststring)
    .data                                    0x20000000   Section       52  os.o(.data)
    .data                                    0x20000034   Section       42  global.o(.data)
    .data                                    0x2000005e   Section       16  stm32f4xx_rcc.o(.data)
    APBAHBPrescTable                         0x2000005e   Data          16  stm32f4xx_rcc.o(.data)
    .bss                                     0x20000070   Section      882  global.o(.bss)
    .bss                                     0x200003e4   Section       96  libspace.o(.bss)
    HEAP                                     0x20000448   Section      512  startup_stm32f40_41xxx.o(HEAP)
    Heap_Mem                                 0x20000448   Data         512  startup_stm32f40_41xxx.o(HEAP)
    STACK                                    0x20000648   Section     1024  startup_stm32f40_41xxx.o(STACK)
    Stack_Mem                                0x20000648   Data        1024  startup_stm32f40_41xxx.o(STACK)
    __initial_sp                             0x20000a48   Data           0  startup_stm32f40_41xxx.o(STACK)

    Global Symbols

    Symbol Name                              Value     Ov Type        Size  Object(Section)

    BuildAttributes$$THM_ISAv4$E$P$D$K$B$S$7EM$VFPi3$EXTD16$VFPS$VFMA$PE$A:L22UL41UL21$X:L11$S22US41US21$IEEE1$IW$USESV6$~STKCKD$USESV7$~SHL$OTIME$ROPI$IEEEJ$EBA8$UX$STANDARDLIB$REQ8$PRES8$EABIv2 0x00000000   Number         0  anon$$obj.o ABSOLUTE
    __ARM_use_no_argv                        0x00000000   Number         0  main.o ABSOLUTE
    _printf_flags                            0x00000000   Number         0  printf_stubs.o ABSOLUTE
    _printf_return_value                     0x00000000   Number         0  printf_stubs.o ABSOLUTE
    _printf_sizespec                         0x00000000   Number         0  printf_stubs.o ABSOLUTE
    _printf_widthprec                        0x00000000   Number         0  printf_stubs.o ABSOLUTE
    __ARM_exceptions_init                     - Undefined Weak Reference
    __alloca_initialize                       - Undefined Weak Reference
    __arm_fini_                               - Undefined Weak Reference
    __arm_preinit_                            - Undefined Weak Reference
    __cpp_initialize__aeabi_                  - Undefined Weak Reference
    __cxa_finalize                            - Undefined Weak Reference
    __sigvec_lookup                           - Undefined Weak Reference
    _atexit_init                              - Undefined Weak Reference
    _call_atexit_fns                          - Undefined Weak Reference
    _clock_init                               - Undefined Weak Reference
    _fp_trap_init                             - Undefined Weak Reference
    _fp_trap_shutdown                         - Undefined Weak Reference
    _get_lc_collate                           - Undefined Weak Reference
    _get_lc_monetary                          - Undefined Weak Reference
    _get_lc_time                              - Undefined Weak Reference
    _getenv_init                              - Undefined Weak Reference
    _handle_redirection                       - Undefined Weak Reference
    _init_alloc                               - Undefined Weak Reference
    _init_user_alloc                          - Undefined Weak Reference
    _initio                                   - Undefined Weak Reference
    _printf_mbtowc                            - Undefined Weak Reference
    _printf_wc                                - Undefined Weak Reference
    _rand_init                                - Undefined Weak Reference
    _signal_finish                            - Undefined Weak Reference
    _signal_init                              - Undefined Weak Reference
    _terminate_alloc                          - Undefined Weak Reference
    _terminate_user_alloc                     - Undefined Weak Reference
    _terminateio                              - Undefined Weak Reference
    __Vectors_Size                           0x00000188   Number         0  startup_stm32f40_41xxx.o ABSOLUTE
    __Vectors                                0x08000000   Data           4  startup_stm32f40_41xxx.o(RESET)
    __Vectors_End                            0x08000188   Data           0  startup_stm32f40_41xxx.o(RESET)
    __main                                   0x08000189   Thumb Code     8  __main.o(!!!main)
    __scatterload                            0x08000191   Thumb Code     0  __scatter.o(!!!scatter)
    __scatterload_rt2                        0x08000191   Thumb Code    44  __scatter.o(!!!scatter)
    __scatterload_rt2_thumb_only             0x08000191   Thumb Code     0  __scatter.o(!!!scatter)
    __scatterload_null                       0x0800019f   Thumb Code     0  __scatter.o(!!!scatter)
    __scatterload_copy                       0x080001c5   Thumb Code    26  __scatter_copy.o(!!handler_copy)
    __scatterload_zeroinit                   0x080001e1   Thumb Code    28  __scatter_zi.o(!!handler_zi)
    __rt_lib_init                            0x080001fd   Thumb Code     0  libinit.o(.ARM.Collect$$libinit$$00000000)
    __rt_lib_init_fp_1                       0x080001ff   Thumb Code     0  libinit2.o(.ARM.Collect$$libinit$$00000001)
    __rt_lib_init_alloca_1                   0x08000203   Thumb Code     0  libinit2.o(.ARM.Collect$$libinit$$0000002E)
    __rt_lib_init_argv_1                     0x08000203   Thumb Code     0  libinit2.o(.ARM.Collect$$libinit$$0000002C)
    __rt_lib_init_atexit_1                   0x08000203   Thumb Code     0  libinit2.o(.ARM.Collect$$libinit$$0000001B)
    __rt_lib_init_clock_1                    0x08000203   Thumb Code     0  libinit2.o(.ARM.Collect$$libinit$$00000021)
    __rt_lib_init_cpp_1                      0x08000203   Thumb Code     0  libinit2.o(.ARM.Collect$$libinit$$00000032)
    __rt_lib_init_exceptions_1               0x08000203   Thumb Code     0  libinit2.o(.ARM.Collect$$libinit$$00000030)
    __rt_lib_init_fp_trap_1                  0x08000203   Thumb Code     0  libinit2.o(.ARM.Collect$$libinit$$0000001F)
    __rt_lib_init_getenv_1                   0x08000203   Thumb Code     0  libinit2.o(.ARM.Collect$$libinit$$00000023)
    __rt_lib_init_heap_1                     0x08000203   Thumb Code     0  libinit2.o(.ARM.Collect$$libinit$$0000000A)
    __rt_lib_init_lc_collate_1               0x08000203   Thumb Code     0  libinit2.o(.ARM.Collect$$libinit$$00000011)
    __rt_lib_init_lc_ctype_1                 0x08000203   Thumb Code     0  libinit2.o(.ARM.Collect$$libinit$$00000013)
    __rt_lib_init_lc_monetary_1              0x08000203   Thumb Code     0  libinit2.o(.ARM.Collect$$libinit$$00000015)
    __rt_lib_init_lc_numeric_1               0x08000203   Thumb Code     0  libinit2.o(.ARM.Collect$$libinit$$00000017)
    __rt_lib_init_lc_time_1                  0x08000203   Thumb Code     0  libinit2.o(.ARM.Collect$$libinit$$00000019)
    __rt_lib_init_preinit_1                  0x08000203   Thumb Code     0  libinit2.o(.ARM.Collect$$libinit$$00000004)
    __rt_lib_init_rand_1                     0x08000203   Thumb Code     0  libinit2.o(.ARM.Collect$$libinit$$0000000E)
    __rt_lib_init_return                     0x08000203   Thumb Code     0  libinit2.o(.ARM.Collect$$libinit$$00000033)
    __rt_lib_init_signal_1                   0x08000203   Thumb Code     0  libinit2.o(.ARM.Collect$$libinit$$0000001D)
    __rt_lib_init_stdio_1                    0x08000203   Thumb Code     0  libinit2.o(.ARM.Collect$$libinit$$00000025)
    __rt_lib_init_user_alloc_1               0x08000203   Thumb Code     0  libinit2.o(.ARM.Collect$$libinit$$0000000C)
    __rt_lib_shutdown                        0x08000205   Thumb Code     0  libshutdown.o(.ARM.Collect$$libshutdown$$00000000)
    __rt_lib_shutdown_cpp_1                  0x08000207   Thumb Code     0  libshutdown2.o(.ARM.Collect$$libshutdown$$00000004)
    __rt_lib_shutdown_fini_1                 0x08000207   Thumb Code     0  libshutdown2.o(.ARM.Collect$$libshutdown$$00000002)
    __rt_lib_shutdown_fp_trap_1              0x08000207   Thumb Code     0  libshutdown2.o(.ARM.Collect$$libshutdown$$00000009)
    __rt_lib_shutdown_heap_1                 0x08000207   Thumb Code     0  libshutdown2.o(.ARM.Collect$$libshutdown$$00000011)
    __rt_lib_shutdown_return                 0x08000207   Thumb Code     0  libshutdown2.o(.ARM.Collect$$libshutdown$$00000012)
    __rt_lib_shutdown_signal_1               0x08000207   Thumb Code     0  libshutdown2.o(.ARM.Collect$$libshutdown$$0000000C)
    __rt_lib_shutdown_stdio_1                0x08000207   Thumb Code     0  libshutdown2.o(.ARM.Collect$$libshutdown$$00000006)
    __rt_lib_shutdown_user_alloc_1           0x08000207   Thumb Code     0  libshutdown2.o(.ARM.Collect$$libshutdown$$0000000E)
    __rt_entry                               0x08000209   Thumb Code     0  __rtentry.o(.ARM.Collect$$rtentry$$00000000)
    __rt_entry_presh_1                       0x08000209   Thumb Code     0  __rtentry2.o(.ARM.Collect$$rtentry$$00000002)
    __rt_entry_sh                            0x08000209   Thumb Code     0  __rtentry4.o(.ARM.Collect$$rtentry$$00000004)
    __rt_entry_li                            0x0800020f   Thumb Code     0  __rtentry2.o(.ARM.Collect$$rtentry$$0000000A)
    __rt_entry_postsh_1                      0x0800020f   Thumb Code     0  __rtentry2.o(.ARM.Collect$$rtentry$$00000009)
    __rt_entry_main                          0x08000213   Thumb Code     0  __rtentry2.o(.ARM.Collect$$rtentry$$0000000D)
    __rt_entry_postli_1                      0x08000213   Thumb Code     0  __rtentry2.o(.ARM.Collect$$rtentry$$0000000C)
    __rt_exit                                0x0800021b   Thumb Code     0  rtexit.o(.ARM.Collect$$rtexit$$00000000)
    __rt_exit_ls                             0x0800021d   Thumb Code     0  rtexit2.o(.ARM.Collect$$rtexit$$00000003)
    __rt_exit_prels_1                        0x0800021d   Thumb Code     0  rtexit2.o(.ARM.Collect$$rtexit$$00000002)
    __rt_exit_exit                           0x08000221   Thumb Code     0  rtexit2.o(.ARM.Collect$$rtexit$$00000004)
    Reset_Handler                            0x08000229   Thumb Code     8  startup_stm32f40_41xxx.o(.text)
    NMI_Handler                              0x08000231   Thumb Code     2  startup_stm32f40_41xxx.o(.text)
    HardFault_Handler                        0x08000233   Thumb Code     2  startup_stm32f40_41xxx.o(.text)
    MemManage_Handler                        0x08000235   Thumb Code     2  startup_stm32f40_41xxx.o(.text)
    BusFault_Handler                         0x08000237   Thumb Code     2  startup_stm32f40_41xxx.o(.text)
    UsageFault_Handler                       0x08000239   Thumb Code     2  startup_stm32f40_41xxx.o(.text)
    SVC_Handler                              0x0800023b   Thumb Code     2  startup_stm32f40_41xxx.o(.text)
    DebugMon_Handler                         0x0800023d   Thumb Code     2  startup_stm32f40_41xxx.o(.text)
    PendSV_Handler                           0x0800023f   Thumb Code     2  startup_stm32f40_41xxx.o(.text)
    SysTick_Handler                          0x08000241   Thumb Code     2  startup_stm32f40_41xxx.o(.text)
    ADC_IRQHandler                           0x08000243   Thumb Code     0  startup_stm32f40_41xxx.o(.text)
    CAN1_RX0_IRQHandler                      0x08000243   Thumb Code     0  startup_stm32f40_41xxx.o(.text)
    CAN1_RX1_IRQHandler                      0x08000243   Thumb Code     0  startup_stm32f40_41xxx.o(.text)
    CAN1_SCE_IRQHandler                      0x08000243   Thumb Code     0  startup_stm32f40_41xxx.o(.text)
    CAN1_TX_IRQHandler                       0x08000243   Thumb Code     0  startup_stm32f40_41xxx.o(.text)
    CAN2_RX0_IRQHandler                      0x08000243   Thumb Code     0  startup_stm32f40_41xxx.o(.text)
    CAN2_RX1_IRQHandler                      0x08000243   Thumb Code     0  startup_stm32f40_41xxx.o(.text)
    CAN2_SCE_IRQHandler                      0x08000243   Thumb Code     0  startup_stm32f40_41xxx.o(.text)
    CAN2_TX_IRQHandler                       0x08000243   Thumb Code     0  startup_stm32f40_41xxx.o(.text)
    CRYP_IRQHandler                          0x08000243   Thumb Code     0  startup_stm32f40_41xxx.o(.text)
    DCMI_IRQHandler                          0x08000243   Thumb Code     0  startup_stm32f40_41xxx.o(.text)
    DMA1_Stream0_IRQHandler                  0x08000243   Thumb Code     0  startup_stm32f40_41xxx.o(.text)
    DMA1_Stream1_IRQHandler                  0x08000243   Thumb Code     0  startup_stm32f40_41xxx.o(.text)
    DMA1_Stream2_IRQHandler                  0x08000243   Thumb Code     0  startup_stm32f40_41xxx.o(.text)
    DMA1_Stream3_IRQHandler                  0x08000243   Thumb Code     0  startup_stm32f40_41xxx.o(.text)
    DMA1_Stream4_IRQHandler                  0x08000243   Thumb Code     0  startup_stm32f40_41xxx.o(.text)
    DMA1_Stream5_IRQHandler                  0x08000243   Thumb Code     0  startup_stm32f40_41xxx.o(.text)
    DMA1_Stream6_IRQHandler                  0x08000243   Thumb Code     0  startup_stm32f40_41xxx.o(.text)
    DMA1_Stream7_IRQHandler                  0x08000243   Thumb Code     0  startup_stm32f40_41xxx.o(.text)
    DMA2_Stream0_IRQHandler                  0x08000243   Thumb Code     0  startup_stm32f40_41xxx.o(.text)
    DMA2_Stream1_IRQHandler                  0x08000243   Thumb Code     0  startup_stm32f40_41xxx.o(.text)
    DMA2_Stream2_IRQHandler                  0x08000243   Thumb Code     0  startup_stm32f40_41xxx.o(.text)
    DMA2_Stream3_IRQHandler                  0x08000243   Thumb Code     0  startup_stm32f40_41xxx.o(.text)
    DMA2_Stream4_IRQHandler                  0x08000243   Thumb Code     0  startup_stm32f40_41xxx.o(.text)
    DMA2_Stream5_IRQHandler                  0x08000243   Thumb Code     0  startup_stm32f40_41xxx.o(.text)
    DMA2_Stream6_IRQHandler                  0x08000243   Thumb Code     0  startup_stm32f40_41xxx.o(.text)
    DMA2_Stream7_IRQHandler                  0x08000243   Thumb Code     0  startup_stm32f40_41xxx.o(.text)
    ETH_IRQHandler                           0x08000243   Thumb Code     0  startup_stm32f40_41xxx.o(.text)
    ETH_WKUP_IRQHandler                      0x08000243   Thumb Code     0  startup_stm32f40_41xxx.o(.text)
    EXTI0_IRQHandler                         0x08000243   Thumb Code     0  startup_stm32f40_41xxx.o(.text)
    EXTI15_10_IRQHandler                     0x08000243   Thumb Code     0  startup_stm32f40_41xxx.o(.text)
    EXTI1_IRQHandler                         0x08000243   Thumb Code     0  startup_stm32f40_41xxx.o(.text)
    EXTI2_IRQHandler                         0x08000243   Thumb Code     0  startup_stm32f40_41xxx.o(.text)
    EXTI3_IRQHandler                         0x08000243   Thumb Code     0  startup_stm32f40_41xxx.o(.text)
    EXTI4_IRQHandler                         0x08000243   Thumb Code     0  startup_stm32f40_41xxx.o(.text)
    EXTI9_5_IRQHandler                       0x08000243   Thumb Code     0  startup_stm32f40_41xxx.o(.text)
    FLASH_IRQHandler                         0x08000243   Thumb Code     0  startup_stm32f40_41xxx.o(.text)
    FPU_IRQHandler                           0x08000243   Thumb Code     0  startup_stm32f40_41xxx.o(.text)
    FSMC_IRQHandler                          0x08000243   Thumb Code     0  startup_stm32f40_41xxx.o(.text)
    HASH_RNG_IRQHandler                      0x08000243   Thumb Code     0  startup_stm32f40_41xxx.o(.text)
    I2C1_ER_IRQHandler                       0x08000243   Thumb Code     0  startup_stm32f40_41xxx.o(.text)
    I2C1_EV_IRQHandler                       0x08000243   Thumb Code     0  startup_stm32f40_41xxx.o(.text)
    I2C2_ER_IRQHandler                       0x08000243   Thumb Code     0  startup_stm32f40_41xxx.o(.text)
    I2C2_EV_IRQHandler                       0x08000243   Thumb Code     0  startup_stm32f40_41xxx.o(.text)
    I2C3_ER_IRQHandler                       0x08000243   Thumb Code     0  startup_stm32f40_41xxx.o(.text)
    I2C3_EV_IRQHandler                       0x08000243   Thumb Code     0  startup_stm32f40_41xxx.o(.text)
    OTG_FS_IRQHandler                        0x08000243   Thumb Code     0  startup_stm32f40_41xxx.o(.text)
    OTG_FS_WKUP_IRQHandler                   0x08000243   Thumb Code     0  startup_stm32f40_41xxx.o(.text)
    OTG_HS_EP1_IN_IRQHandler                 0x08000243   Thumb Code     0  startup_stm32f40_41xxx.o(.text)
    OTG_HS_EP1_OUT_IRQHandler                0x08000243   Thumb Code     0  startup_stm32f40_41xxx.o(.text)
    OTG_HS_IRQHandler                        0x08000243   Thumb Code     0  startup_stm32f40_41xxx.o(.text)
    OTG_HS_WKUP_IRQHandler                   0x08000243   Thumb Code     0  startup_stm32f40_41xxx.o(.text)
    PVD_IRQHandler                           0x08000243   Thumb Code     0  startup_stm32f40_41xxx.o(.text)
    RCC_IRQHandler                           0x08000243   Thumb Code     0  startup_stm32f40_41xxx.o(.text)
    RTC_Alarm_IRQHandler                     0x08000243   Thumb Code     0  startup_stm32f40_41xxx.o(.text)
    RTC_WKUP_IRQHandler                      0x08000243   Thumb Code     0  startup_stm32f40_41xxx.o(.text)
    SDIO_IRQHandler                          0x08000243   Thumb Code     0  startup_stm32f40_41xxx.o(.text)
    SPI1_IRQHandler                          0x08000243   Thumb Code     0  startup_stm32f40_41xxx.o(.text)
    SPI2_IRQHandler                          0x08000243   Thumb Code     0  startup_stm32f40_41xxx.o(.text)
    SPI3_IRQHandler                          0x08000243   Thumb Code     0  startup_stm32f40_41xxx.o(.text)
    TAMP_STAMP_IRQHandler                    0x08000243   Thumb Code     0  startup_stm32f40_41xxx.o(.text)
    TIM1_BRK_TIM9_IRQHandler                 0x08000243   Thumb Code     0  startup_stm32f40_41xxx.o(.text)
    TIM1_CC_IRQHandler                       0x08000243   Thumb Code     0  startup_stm32f40_41xxx.o(.text)
    TIM1_TRG_COM_TIM11_IRQHandler            0x08000243   Thumb Code     0  startup_stm32f40_41xxx.o(.text)
    TIM1_UP_TIM10_IRQHandler                 0x08000243   Thumb Code     0  startup_stm32f40_41xxx.o(.text)
    TIM2_IRQHandler                          0x08000243   Thumb Code     0  startup_stm32f40_41xxx.o(.text)
    TIM3_IRQHandler                          0x08000243   Thumb Code     0  startup_stm32f40_41xxx.o(.text)
    TIM4_IRQHandler                          0x08000243   Thumb Code     0  startup_stm32f40_41xxx.o(.text)
    TIM5_IRQHandler                          0x08000243   Thumb Code     0  startup_stm32f40_41xxx.o(.text)
    TIM6_DAC_IRQHandler                      0x08000243   Thumb Code     0  startup_stm32f40_41xxx.o(.text)
    TIM7_IRQHandler                          0x08000243   Thumb Code     0  startup_stm32f40_41xxx.o(.text)
    TIM8_BRK_TIM12_IRQHandler                0x08000243   Thumb Code     0  startup_stm32f40_41xxx.o(.text)
    TIM8_CC_IRQHandler                       0x08000243   Thumb Code     0  startup_stm32f40_41xxx.o(.text)
    TIM8_TRG_COM_TIM14_IRQHandler            0x08000243   Thumb Code     0  startup_stm32f40_41xxx.o(.text)
    TIM8_UP_TIM13_IRQHandler                 0x08000243   Thumb Code     0  startup_stm32f40_41xxx.o(.text)
    UART4_IRQHandler                         0x08000243   Thumb Code     0  startup_stm32f40_41xxx.o(.text)
    UART5_IRQHandler                         0x08000243   Thumb Code     0  startup_stm32f40_41xxx.o(.text)
    USART3_IRQHandler                        0x08000243   Thumb Code     0  startup_stm32f40_41xxx.o(.text)
    USART6_IRQHandler                        0x08000243   Thumb Code     0  startup_stm32f40_41xxx.o(.text)
    WWDG_IRQHandler                          0x08000243   Thumb Code     0  startup_stm32f40_41xxx.o(.text)
    __user_initial_stackheap                 0x08000245   Thumb Code     0  startup_stm32f40_41xxx.o(.text)
    __use_two_region_memory                  0x08000269   Thumb Code     2  heapauxi.o(.text)
    __rt_heap_escrow$2region                 0x0800026b   Thumb Code     2  heapauxi.o(.text)
    __rt_heap_expand$2region                 0x0800026d   Thumb Code     2  heapauxi.o(.text)
    __user_libspace                          0x08000271   Thumb Code     8  libspace.o(.text)
    __user_perproc_libspace                  0x08000271   Thumb Code     0  libspace.o(.text)
    __user_perthread_libspace                0x08000271   Thumb Code     0  libspace.o(.text)
    __user_setup_stackheap                   0x08000279   Thumb Code    74  sys_stackheap_outer.o(.text)
    exit                                     0x080002c3   Thumb Code    18  exit.o(.text)
    _sys_exit                                0x080002d5   Thumb Code     8  sys_exit.o(.text)
    __I$use$semihosting                      0x080002e1   Thumb Code     0  use_no_semi.o(.text)
    __use_no_semihosting_swi                 0x080002e1   Thumb Code     2  use_no_semi.o(.text)
    Bsp_Init                                 0x080002e3   Thumb Code    44  bsp_init.o(i.Bsp_Init)
    __semihosting_library_function           0x080002e3   Thumb Code     0  indicate_semi.o(.text)
    CAN1_Configuration                       0x08000311   Thumb Code   234  can.o(i.CAN1_Configuration)
    CAN2_Configuration                       0x08000405   Thumb Code   228  can.o(i.CAN2_Configuration)
    CAN_FilterInit                           0x080004f1   Thumb Code   258  stm32f4xx_can.o(i.CAN_FilterInit)
    CAN_ITConfig                             0x080005f9   Thumb Code    18  stm32f4xx_can.o(i.CAN_ITConfig)
    CAN_Init                                 0x0800060b   Thumb Code   276  stm32f4xx_can.o(i.CAN_Init)
    DMA_Cmd                                  0x0800071f   Thumb Code    22  stm32f4xx_dma.o(i.DMA_Cmd)
    DMA_DeInit                               0x08000735   Thumb Code   324  stm32f4xx_dma.o(i.DMA_DeInit)
    DMA_GetCmdStatus                         0x0800088d   Thumb Code    20  stm32f4xx_dma.o(i.DMA_GetCmdStatus)
    DMA_GetCurrDataCounter                   0x080008a1   Thumb Code     8  stm32f4xx_dma.o(i.DMA_GetCurrDataCounter)
    DMA_Init                                 0x080008a9   Thumb Code    82  stm32f4xx_dma.o(i.DMA_Init)
    Data_u8_to_int                           0x08000901   Thumb Code    28  stm32f4xx_it.o(i.Data_u8_to_int)
    GPIO_Init                                0x08000925   Thumb Code   144  stm32f4xx_gpio.o(i.GPIO_Init)
    GPIO_PinAFConfig                         0x080009b5   Thumb Code    70  stm32f4xx_gpio.o(i.GPIO_PinAFConfig)
    NVIC_Init                                0x080009fd   Thumb Code   106  misc.o(i.NVIC_Init)
    OS_RUN                                   0x08000a75   Thumb Code   408  os.o(i.OS_RUN)
    RCC_AHB1PeriphClockCmd                   0x08000c25   Thumb Code    26  stm32f4xx_rcc.o(i.RCC_AHB1PeriphClockCmd)
    RCC_APB1PeriphClockCmd                   0x08000c45   Thumb Code    26  stm32f4xx_rcc.o(i.RCC_APB1PeriphClockCmd)
    RCC_APB1PeriphResetCmd                   0x08000c65   Thumb Code    26  stm32f4xx_rcc.o(i.RCC_APB1PeriphResetCmd)
    RCC_APB2PeriphClockCmd                   0x08000c85   Thumb Code    26  stm32f4xx_rcc.o(i.RCC_APB2PeriphClockCmd)
    RCC_APB2PeriphResetCmd                   0x08000ca5   Thumb Code    26  stm32f4xx_rcc.o(i.RCC_APB2PeriphResetCmd)
    RCC_GetClocksFreq                        0x08000cc5   Thumb Code   214  stm32f4xx_rcc.o(i.RCC_GetClocksFreq)
    SystemInit                               0x08000e99   Thumb Code    88  system_stm32f4xx.o(i.SystemInit)
    SystemMonitorTask                        0x08000f01   Thumb Code    14  systemmonitor.o(i.SystemMonitorTask)
    TIM5_Configuration                       0x08000f15   Thumb Code    50  tim.o(i.TIM5_Configuration)
    TIM8_PWM_Init                            0x08000f4d   Thumb Code   186  pwm.o(i.TIM8_PWM_Init)
    TIM9_PWM_Init                            0x08001011   Thumb Code   150  pwm.o(i.TIM9_PWM_Init)
    TIM_ARRPreloadConfig                     0x080010b1   Thumb Code    24  stm32f4xx_tim.o(i.TIM_ARRPreloadConfig)
    TIM_Cmd                                  0x080010c9   Thumb Code    24  stm32f4xx_tim.o(i.TIM_Cmd)
    TIM_CtrlPWMOutputs                       0x080010e1   Thumb Code    30  stm32f4xx_tim.o(i.TIM_CtrlPWMOutputs)
    TIM_OC2Init                              0x08001101   Thumb Code   154  stm32f4xx_tim.o(i.TIM_OC2Init)
    TIM_OC2PreloadConfig                     0x080011a5   Thumb Code    26  stm32f4xx_tim.o(i.TIM_OC2PreloadConfig)
    TIM_OC3Init                              0x080011c1   Thumb Code   150  stm32f4xx_tim.o(i.TIM_OC3Init)
    TIM_OC3PreloadConfig                     0x08001261   Thumb Code    18  stm32f4xx_tim.o(i.TIM_OC3PreloadConfig)
    TIM_OC4Init                              0x08001275   Thumb Code   112  stm32f4xx_tim.o(i.TIM_OC4Init)
    TIM_OC4PreloadConfig                     0x080012ed   Thumb Code    26  stm32f4xx_tim.o(i.TIM_OC4PreloadConfig)
    TIM_TimeBaseInit                         0x08001309   Thumb Code   104  stm32f4xx_tim.o(i.TIM_TimeBaseInit)
    USART1_IRQHandler                        0x0800138d   Thumb Code     2  stm32f4xx_it.o(i.USART1_IRQHandler)
    USART2_Configuration                     0x08001391   Thumb Code   360  usart.o(i.USART2_Configuration)
    USART2_IRQHandler                        0x08001511   Thumb Code    74  stm32f4xx_it.o(i.USART2_IRQHandler)
    USART_Cmd                                0x08001569   Thumb Code    24  stm32f4xx_usart.o(i.USART_Cmd)
    USART_DMACmd                             0x08001581   Thumb Code    18  stm32f4xx_usart.o(i.USART_DMACmd)
    USART_DeInit                             0x08001595   Thumb Code   206  stm32f4xx_usart.o(i.USART_DeInit)
    USART_GetITStatus                        0x08001685   Thumb Code    84  stm32f4xx_usart.o(i.USART_GetITStatus)
    USART_ITConfig                           0x080016d9   Thumb Code    74  stm32f4xx_usart.o(i.USART_ITConfig)
    USART_Init                               0x08001725   Thumb Code   204  stm32f4xx_usart.o(i.USART_Init)
    main                                     0x080017f9   Thumb Code    14  main.o(i.main)
    u8_to_int                                0x08001807   Thumb Code    42  stm32f4xx_it.o(i.u8_to_int)
    _fp_init                                 0x08001831   Thumb Code    10  fpinit.o(x$fpl$fpinit)
    __fplib_config_fpu_vfp                   0x08001839   Thumb Code     0  fpinit.o(x$fpl$fpinit)
    __fplib_config_pureend_doubles           0x08001839   Thumb Code     0  fpinit.o(x$fpl$fpinit)
    Region$$Table$$Base                      0x08001850   Number         0  anon$$obj.o(Region$$Table)
    Region$$Table$$Limit                     0x08001870   Number         0  anon$$obj.o(Region$$Table)
    TaskTotalTime                            0x20000000   Data           4  os.o(.data)
    TaskTotalTimeMost                        0x20000004   Data           4  os.o(.data)
    TaskTotalTimeLeast                       0x20000008   Data           4  os.o(.data)
    G_ST_Task                                0x2000000c   Data          36  os.o(.data)
    TotalTaskNum                             0x20000030   Data           4  os.o(.data)
    PIDKiSign                                0x20000034   Data           1  global.o(.data)
    USART3_Rx_DMAbuff                        0x20000035   Data           6  global.o(.data)
    DataReceived_Flag                        0x2000003b   Data           1  global.o(.data)
    UA2TxDMAbuf                              0x2000003c   Data           1  global.o(.data)
    Time_Minute                              0x20000040   Data           4  global.o(.data)
    Time_Second                              0x20000044   Data           1  global.o(.data)
    USART_RX_STA                             0x20000046   Data           2  global.o(.data)
    Res1                                     0x20000048   Data           2  global.o(.data)
    g_uiAirValve                             0x2000004c   Data           4  global.o(.data)
    current_lift                             0x20000050   Data           2  global.o(.data)
    current_clip                             0x20000052   Data           2  global.o(.data)
    current_rotate                           0x20000054   Data           2  global.o(.data)
    systemmonitor                            0x20000056   Data           8  global.o(.data)
    USART2_Tx_DMAbuff                        0x20000070   Data          10  global.o(.bss)
    USART2_Rx_DMAbuff                        0x2000007a   Data          10  global.o(.bss)
    UART4_Rx_DMAbuff                         0x20000084   Data          45  global.o(.bss)
    UART4_Tx_DMAbuff                         0x200000b1   Data         200  global.o(.bss)
    USART3_Tx_DMAbuff                        0x20000179   Data         300  global.o(.bss)
    Data_From_C1                             0x200002a8   Data          64  global.o(.bss)
    UA2RxDMAbuf                              0x200002e8   Data         200  global.o(.bss)
    USART_RX_BUF                             0x200003b0   Data          50  global.o(.bss)
    __libspace_start                         0x200003e4   Data          96  libspace.o(.bss)
    __temporary_stack_top$libspace           0x20000444   Data           0  libspace.o(.bss)



==============================================================================

Memory Map of the image

  Image Entry point : 0x08000189

  Load Region LR_IROM1 (Base: 0x08000000, Size: 0x000018e0, Max: 0x00080000, ABSOLUTE)

    Execution Region ER_IROM1 (Exec base: 0x08000000, Load base: 0x08000000, Size: 0x00001870, Max: 0x00080000, ABSOLUTE)

    Exec Addr    Load Addr    Size         Type   Attr      Idx    E Section Name        Object

    0x08000000   0x08000000   0x00000188   Data   RO          832    RESET               startup_stm32f40_41xxx.o
    0x08000188   0x08000188   0x00000008   Code   RO         6160  * !!!main             c_w.l(__main.o)
    0x08000190   0x08000190   0x00000034   Code   RO         6513    !!!scatter          c_w.l(__scatter.o)
    0x080001c4   0x080001c4   0x0000001a   Code   RO         6515    !!handler_copy      c_w.l(__scatter_copy.o)
    0x080001de   0x080001de   0x00000002   PAD
    0x080001e0   0x080001e0   0x0000001c   Code   RO         6517    !!handler_zi        c_w.l(__scatter_zi.o)
    0x080001fc   0x080001fc   0x00000002   Code   RO         6378    .ARM.Collect$$libinit$$00000000  c_w.l(libinit.o)
    0x080001fe   0x080001fe   0x00000004   Code   RO         6387    .ARM.Collect$$libinit$$00000001  c_w.l(libinit2.o)
    0x08000202   0x08000202   0x00000000   Code   RO         6390    .ARM.Collect$$libinit$$00000004  c_w.l(libinit2.o)
    0x08000202   0x08000202   0x00000000   Code   RO         6393    .ARM.Collect$$libinit$$0000000A  c_w.l(libinit2.o)
    0x08000202   0x08000202   0x00000000   Code   RO         6395    .ARM.Collect$$libinit$$0000000C  c_w.l(libinit2.o)
    0x08000202   0x08000202   0x00000000   Code   RO         6397    .ARM.Collect$$libinit$$0000000E  c_w.l(libinit2.o)
    0x08000202   0x08000202   0x00000000   Code   RO         6400    .ARM.Collect$$libinit$$00000011  c_w.l(libinit2.o)
    0x08000202   0x08000202   0x00000000   Code   RO         6402    .ARM.Collect$$libinit$$00000013  c_w.l(libinit2.o)
    0x08000202   0x08000202   0x00000000   Code   RO         6404    .ARM.Collect$$libinit$$00000015  c_w.l(libinit2.o)
    0x08000202   0x08000202   0x00000000   Code   RO         6406    .ARM.Collect$$libinit$$00000017  c_w.l(libinit2.o)
    0x08000202   0x08000202   0x00000000   Code   RO         6408    .ARM.Collect$$libinit$$00000019  c_w.l(libinit2.o)
    0x08000202   0x08000202   0x00000000   Code   RO         6410    .ARM.Collect$$libinit$$0000001B  c_w.l(libinit2.o)
    0x08000202   0x08000202   0x00000000   Code   RO         6412    .ARM.Collect$$libinit$$0000001D  c_w.l(libinit2.o)
    0x08000202   0x08000202   0x00000000   Code   RO         6414    .ARM.Collect$$libinit$$0000001F  c_w.l(libinit2.o)
    0x08000202   0x08000202   0x00000000   Code   RO         6416    .ARM.Collect$$libinit$$00000021  c_w.l(libinit2.o)
    0x08000202   0x08000202   0x00000000   Code   RO         6418    .ARM.Collect$$libinit$$00000023  c_w.l(libinit2.o)
    0x08000202   0x08000202   0x00000000   Code   RO         6420    .ARM.Collect$$libinit$$00000025  c_w.l(libinit2.o)
    0x08000202   0x08000202   0x00000000   Code   RO         6424    .ARM.Collect$$libinit$$0000002C  c_w.l(libinit2.o)
    0x08000202   0x08000202   0x00000000   Code   RO         6426    .ARM.Collect$$libinit$$0000002E  c_w.l(libinit2.o)
    0x08000202   0x08000202   0x00000000   Code   RO         6428    .ARM.Collect$$libinit$$00000030  c_w.l(libinit2.o)
    0x08000202   0x08000202   0x00000000   Code   RO         6430    .ARM.Collect$$libinit$$00000032  c_w.l(libinit2.o)
    0x08000202   0x08000202   0x00000002   Code   RO         6431    .ARM.Collect$$libinit$$00000033  c_w.l(libinit2.o)
    0x08000204   0x08000204   0x00000002   Code   RO         6451    .ARM.Collect$$libshutdown$$00000000  c_w.l(libshutdown.o)
    0x08000206   0x08000206   0x00000000   Code   RO         6464    .ARM.Collect$$libshutdown$$00000002  c_w.l(libshutdown2.o)
    0x08000206   0x08000206   0x00000000   Code   RO         6466    .ARM.Collect$$libshutdown$$00000004  c_w.l(libshutdown2.o)
    0x08000206   0x08000206   0x00000000   Code   RO         6468    .ARM.Collect$$libshutdown$$00000006  c_w.l(libshutdown2.o)
    0x08000206   0x08000206   0x00000000   Code   RO         6471    .ARM.Collect$$libshutdown$$00000009  c_w.l(libshutdown2.o)
    0x08000206   0x08000206   0x00000000   Code   RO         6474    .ARM.Collect$$libshutdown$$0000000C  c_w.l(libshutdown2.o)
    0x08000206   0x08000206   0x00000000   Code   RO         6476    .ARM.Collect$$libshutdown$$0000000E  c_w.l(libshutdown2.o)
    0x08000206   0x08000206   0x00000000   Code   RO         6479    .ARM.Collect$$libshutdown$$00000011  c_w.l(libshutdown2.o)
    0x08000206   0x08000206   0x00000002   Code   RO         6480    .ARM.Collect$$libshutdown$$00000012  c_w.l(libshutdown2.o)
    0x08000208   0x08000208   0x00000000   Code   RO         6196    .ARM.Collect$$rtentry$$00000000  c_w.l(__rtentry.o)
    0x08000208   0x08000208   0x00000000   Code   RO         6298    .ARM.Collect$$rtentry$$00000002  c_w.l(__rtentry2.o)
    0x08000208   0x08000208   0x00000006   Code   RO         6310    .ARM.Collect$$rtentry$$00000004  c_w.l(__rtentry4.o)
    0x0800020e   0x0800020e   0x00000000   Code   RO         6300    .ARM.Collect$$rtentry$$00000009  c_w.l(__rtentry2.o)
    0x0800020e   0x0800020e   0x00000004   Code   RO         6301    .ARM.Collect$$rtentry$$0000000A  c_w.l(__rtentry2.o)
    0x08000212   0x08000212   0x00000000   Code   RO         6303    .ARM.Collect$$rtentry$$0000000C  c_w.l(__rtentry2.o)
    0x08000212   0x08000212   0x00000008   Code   RO         6304    .ARM.Collect$$rtentry$$0000000D  c_w.l(__rtentry2.o)
    0x0800021a   0x0800021a   0x00000002   Code   RO         6383    .ARM.Collect$$rtexit$$00000000  c_w.l(rtexit.o)
    0x0800021c   0x0800021c   0x00000000   Code   RO         6433    .ARM.Collect$$rtexit$$00000002  c_w.l(rtexit2.o)
    0x0800021c   0x0800021c   0x00000004   Code   RO         6434    .ARM.Collect$$rtexit$$00000003  c_w.l(rtexit2.o)
    0x08000220   0x08000220   0x00000006   Code   RO         6435    .ARM.Collect$$rtexit$$00000004  c_w.l(rtexit2.o)
    0x08000226   0x08000226   0x00000002   PAD
    0x08000228   0x08000228   0x00000040   Code   RO          833    .text               startup_stm32f40_41xxx.o
    0x08000268   0x08000268   0x00000006   Code   RO         6158    .text               c_w.l(heapauxi.o)
    0x0800026e   0x0800026e   0x00000002   PAD
    0x08000270   0x08000270   0x00000008   Code   RO         6294    .text               c_w.l(libspace.o)
    0x08000278   0x08000278   0x0000004a   Code   RO         6329    .text               c_w.l(sys_stackheap_outer.o)
    0x080002c2   0x080002c2   0x00000012   Code   RO         6371    .text               c_w.l(exit.o)
    0x080002d4   0x080002d4   0x0000000c   Code   RO         6443    .text               c_w.l(sys_exit.o)
    0x080002e0   0x080002e0   0x00000002   Code   RO         6454    .text               c_w.l(use_no_semi.o)
    0x080002e2   0x080002e2   0x00000000   Code   RO         6456    .text               c_w.l(indicate_semi.o)
    0x080002e2   0x080002e2   0x0000002c   Code   RO          290    i.Bsp_Init          bsp_init.o
    0x0800030e   0x0800030e   0x00000002   PAD
    0x08000310   0x08000310   0x000000f4   Code   RO          659    i.CAN1_Configuration  can.o
    0x08000404   0x08000404   0x000000ec   Code   RO          660    i.CAN2_Configuration  can.o
    0x080004f0   0x080004f0   0x00000108   Code   RO         1131    i.CAN_FilterInit    stm32f4xx_can.o
    0x080005f8   0x080005f8   0x00000012   Code   RO         1137    i.CAN_ITConfig      stm32f4xx_can.o
    0x0800060a   0x0800060a   0x00000114   Code   RO         1138    i.CAN_Init          stm32f4xx_can.o
    0x0800071e   0x0800071e   0x00000016   Code   RO         1828    i.DMA_Cmd           stm32f4xx_dma.o
    0x08000734   0x08000734   0x00000158   Code   RO         1829    i.DMA_DeInit        stm32f4xx_dma.o
    0x0800088c   0x0800088c   0x00000014   Code   RO         1833    i.DMA_GetCmdStatus  stm32f4xx_dma.o
    0x080008a0   0x080008a0   0x00000008   Code   RO         1834    i.DMA_GetCurrDataCounter  stm32f4xx_dma.o
    0x080008a8   0x080008a8   0x00000058   Code   RO         1840    i.DMA_Init          stm32f4xx_dma.o
    0x08000900   0x08000900   0x00000024   Code   RO          209    i.Data_u8_to_int    stm32f4xx_it.o
    0x08000924   0x08000924   0x00000090   Code   RO         2562    i.GPIO_Init         stm32f4xx_gpio.o
    0x080009b4   0x080009b4   0x00000046   Code   RO         2563    i.GPIO_PinAFConfig  stm32f4xx_gpio.o
    0x080009fa   0x080009fa   0x00000002   PAD
    0x080009fc   0x080009fc   0x00000078   Code   RO          839    i.NVIC_Init         misc.o
    0x08000a74   0x08000a74   0x000001b0   Code   RO          324    i.OS_RUN            os.o
    0x08000c24   0x08000c24   0x00000020   Code   RO         3426    i.RCC_AHB1PeriphClockCmd  stm32f4xx_rcc.o
    0x08000c44   0x08000c44   0x00000020   Code   RO         3435    i.RCC_APB1PeriphClockCmd  stm32f4xx_rcc.o
    0x08000c64   0x08000c64   0x00000020   Code   RO         3437    i.RCC_APB1PeriphResetCmd  stm32f4xx_rcc.o
    0x08000c84   0x08000c84   0x00000020   Code   RO         3438    i.RCC_APB2PeriphClockCmd  stm32f4xx_rcc.o
    0x08000ca4   0x08000ca4   0x00000020   Code   RO         3440    i.RCC_APB2PeriphResetCmd  stm32f4xx_rcc.o
    0x08000cc4   0x08000cc4   0x000000e8   Code   RO         3447    i.RCC_GetClocksFreq  stm32f4xx_rcc.o
    0x08000dac   0x08000dac   0x000000ec   Code   RO          253    i.SetSysClock       system_stm32f4xx.o
    0x08000e98   0x08000e98   0x00000068   Code   RO          255    i.SystemInit        system_stm32f4xx.o
    0x08000f00   0x08000f00   0x00000014   Code   RO          371    i.SystemMonitorTask  systemmonitor.o
    0x08000f14   0x08000f14   0x00000038   Code   RO          703    i.TIM5_Configuration  tim.o
    0x08000f4c   0x08000f4c   0x000000c4   Code   RO          724    i.TIM8_PWM_Init     pwm.o
    0x08001010   0x08001010   0x000000a0   Code   RO          725    i.TIM9_PWM_Init     pwm.o
    0x080010b0   0x080010b0   0x00000018   Code   RO         4761    i.TIM_ARRPreloadConfig  stm32f4xx_tim.o
    0x080010c8   0x080010c8   0x00000018   Code   RO         4773    i.TIM_Cmd           stm32f4xx_tim.o
    0x080010e0   0x080010e0   0x0000001e   Code   RO         4775    i.TIM_CtrlPWMOutputs  stm32f4xx_tim.o
    0x080010fe   0x080010fe   0x00000002   PAD
    0x08001100   0x08001100   0x000000a4   Code   RO         4807    i.TIM_OC2Init       stm32f4xx_tim.o
    0x080011a4   0x080011a4   0x0000001a   Code   RO         4810    i.TIM_OC2PreloadConfig  stm32f4xx_tim.o
    0x080011be   0x080011be   0x00000002   PAD
    0x080011c0   0x080011c0   0x000000a0   Code   RO         4812    i.TIM_OC3Init       stm32f4xx_tim.o
    0x08001260   0x08001260   0x00000012   Code   RO         4815    i.TIM_OC3PreloadConfig  stm32f4xx_tim.o
    0x08001272   0x08001272   0x00000002   PAD
    0x08001274   0x08001274   0x00000078   Code   RO         4817    i.TIM_OC4Init       stm32f4xx_tim.o
    0x080012ec   0x080012ec   0x0000001a   Code   RO         4819    i.TIM_OC4PreloadConfig  stm32f4xx_tim.o
    0x08001306   0x08001306   0x00000002   PAD
    0x08001308   0x08001308   0x00000084   Code   RO         4845    i.TIM_TimeBaseInit  stm32f4xx_tim.o
    0x0800138c   0x0800138c   0x00000002   Code   RO          210    i.USART1_IRQHandler  stm32f4xx_it.o
    0x0800138e   0x0800138e   0x00000002   PAD
    0x08001390   0x08001390   0x00000180   Code   RO          812    i.USART2_Configuration  usart.o
    0x08001510   0x08001510   0x00000058   Code   RO          211    i.USART2_IRQHandler  stm32f4xx_it.o
    0x08001568   0x08001568   0x00000018   Code   RO         5323    i.USART_Cmd         stm32f4xx_usart.o
    0x08001580   0x08001580   0x00000012   Code   RO         5324    i.USART_DMACmd      stm32f4xx_usart.o
    0x08001592   0x08001592   0x00000002   PAD
    0x08001594   0x08001594   0x000000f0   Code   RO         5325    i.USART_DeInit      stm32f4xx_usart.o
    0x08001684   0x08001684   0x00000054   Code   RO         5327    i.USART_GetITStatus  stm32f4xx_usart.o
    0x080016d8   0x080016d8   0x0000004a   Code   RO         5329    i.USART_ITConfig    stm32f4xx_usart.o
    0x08001722   0x08001722   0x00000002   PAD
    0x08001724   0x08001724   0x000000d4   Code   RO         5330    i.USART_Init        stm32f4xx_usart.o
    0x080017f8   0x080017f8   0x0000000e   Code   RO            4    i.main              main.o
    0x08001806   0x08001806   0x0000002a   Code   RO          212    i.u8_to_int         stm32f4xx_it.o
    0x08001830   0x08001830   0x0000000a   Code   RO         6441    x$fpl$fpinit        fz_wm.l(fpinit.o)
    0x0800183a   0x0800183a   0x00000002   PAD
    0x0800183c   0x0800183c   0x00000012   Data   RO          311    .conststring        os.o
    0x0800184e   0x0800184e   0x00000002   PAD
    0x08001850   0x08001850   0x00000020   Data   RO         6511    Region$$Table       anon$$obj.o


    Execution Region RW_IRAM1 (Exec base: 0x20000000, Load base: 0x08001870, Size: 0x00000a48, Max: 0x00020000, ABSOLUTE)

    Exec Addr    Load Addr    Size         Type   Attr      Idx    E Section Name        Object

    0x20000000   0x08001870   0x00000034   Data   RW          312    .data               os.o
    0x20000034   0x080018a4   0x0000002a   Data   RW          351    .data               global.o
    0x2000005e   0x080018ce   0x00000010   Data   RW         3479    .data               stm32f4xx_rcc.o
    0x2000006e   0x080018de   0x00000002   PAD
    0x20000070        -       0x00000372   Zero   RW          350    .bss                global.o
    0x200003e2   0x080018de   0x00000002   PAD
    0x200003e4        -       0x00000060   Zero   RW         6295    .bss                c_w.l(libspace.o)
    0x20000444   0x080018de   0x00000004   PAD
    0x20000448        -       0x00000200   Zero   RW          831    HEAP                startup_stm32f40_41xxx.o
    0x20000648        -       0x00000400   Zero   RW          830    STACK               startup_stm32f40_41xxx.o


==============================================================================

Image component sizes


      Code (inc. data)   RO Data    RW Data    ZI Data      Debug   Object Name

        44          0          0          0          0        507   bsp_init.o
       480         18          0          0          0       1582   can.o
         0          0          0         42        882       1568   global.o
        14          0          0          0          0     306687   main.o
       120         14          0          0          0       1072   misc.o
       432         24         18         52          0       2234   os.o
       356         20          0          0          0       1584   pwm.o
        64         26        392          0       1536        876   startup_stm32f40_41xxx.o
       558          6          0          0          0       3139   stm32f4xx_can.o
       482         26          0          0          0       4454   stm32f4xx_dma.o
       214          0          0          0          0       1867   stm32f4xx_gpio.o
       168         22          0          0          0       2565   stm32f4xx_it.o
       392         48          0         16          0       6037   stm32f4xx_rcc.o
       724         56          0          0          0       7320   stm32f4xx_tim.o
       652         42          0          0          0       5208   stm32f4xx_usart.o
       340         32          0          0          0       1585   system_stm32f4xx.o
        20          6          0          0          0        500   systemmonitor.o
        56          6          0          0          0        553   tim.o
       384         24          0          0          0        819   usart.o

    ----------------------------------------------------------------------
      5518        370        444        112       2420     350157   Object Totals
         0          0         32          0          0          0   (incl. Generated)
        18          0          2          2          2          0   (incl. Padding)

    ----------------------------------------------------------------------

      Code (inc. data)   RO Data    RW Data    ZI Data      Debug   Library Member Name

         8          0          0          0          0         68   __main.o
         0          0          0          0          0          0   __rtentry.o
        12          0          0          0          0          0   __rtentry2.o
         6          0          0          0          0          0   __rtentry4.o
        52          8          0          0          0          0   __scatter.o
        26          0          0          0          0          0   __scatter_copy.o
        28          0          0          0          0          0   __scatter_zi.o
        18          0          0          0          0         80   exit.o
         6          0          0          0          0        152   heapauxi.o
         0          0          0          0          0          0   indicate_semi.o
         2          0          0          0          0          0   libinit.o
         6          0          0          0          0          0   libinit2.o
         2          0          0          0          0          0   libshutdown.o
         2          0          0          0          0          0   libshutdown2.o
         8          4          0          0         96         68   libspace.o
         2          0          0          0          0          0   rtexit.o
        10          0          0          0          0          0   rtexit2.o
        12          4          0          0          0         68   sys_exit.o
        74          0          0          0          0         80   sys_stackheap_outer.o
         2          0          0          0          0         68   use_no_semi.o
        10          0          0          0          0        116   fpinit.o

    ----------------------------------------------------------------------
       294         16          0          0        100        700   Library Totals
         8          0          0          0          4          0   (incl. Padding)

    ----------------------------------------------------------------------

      Code (inc. data)   RO Data    RW Data    ZI Data      Debug   Library Name

       276         16          0          0         96        584   c_w.l
        10          0          0          0          0        116   fz_wm.l

    ----------------------------------------------------------------------
       294         16          0          0        100        700   Library Totals

    ----------------------------------------------------------------------

==============================================================================


      Code (inc. data)   RO Data    RW Data    ZI Data      Debug   

      5812        386        444        112       2520     346301   Grand Totals
      5812        386        444        112       2520     346301   ELF Image Totals
      5812        386        444        112          0          0   ROM Totals

==============================================================================

    Total RO  Size (Code + RO Data)                 6256 (   6.11kB)
    Total RW  Size (RW Data + ZI Data)              2632 (   2.57kB)
    Total ROM Size (Code + RO Data + RW Data)       6368 (   6.22kB)

==============================================================================

