Component: ARM Compiler 5.06 update 7 (build 960) Tool: armlink [4d3601]

==============================================================================

Section Cross References

    main.o(i.Data_Send_MainControl2_Task) refers to data_send_task.o(i.Send_Data_To_MainControl2) for Send_Data_To_MainControl2
    main.o(i.Data_Send_MainControl2_Task) refers to global.o(.bss) for systemmonitor
    main.o(i.Data_Send_Sensor_Task) refers to data_send_task.o(i.Send_Data_To_Sensor1) for Send_Data_To_Sensor1
    main.o(i.Data_Send_Sensor_Task) refers to data_send_task.o(i.Send_Data_To_Sensor2) for Send_Data_To_Sensor2
    main.o(i.Data_Send_Sensor_Task) refers to global.o(.bss) for systemmonitor
    main.o(i.main) refers to bsp_init.o(i.Bsp_Init) for Bsp_Init
    main.o(i.main) refers to os.o(i.OS_RUN) for OS_RUN
    stm32f4xx_it.o(i.CAN1_RX0_IRQHandler) refers to stm32f4xx_can.o(i.CAN_GetITStatus) for CAN_GetITStatus
    stm32f4xx_it.o(i.CAN1_RX0_IRQHandler) refers to stm32f4xx_can.o(i.CAN_ClearITPendingBit) for CAN_ClearITPendingBit
    stm32f4xx_it.o(i.CAN1_RX0_IRQHandler) refers to stm32f4xx_can.o(i.CAN_Receive) for CAN_Receive
    stm32f4xx_it.o(i.CAN1_RX0_IRQHandler) refers to can_control.o(i.GetEncodeNumber) for GetEncodeNumber
    stm32f4xx_it.o(i.CAN1_RX0_IRQHandler) refers to can_control.o(i.GetSpeed) for GetSpeed
    stm32f4xx_it.o(i.CAN1_RX0_IRQHandler) refers to can_control.o(i.Abs_Encoder_Process) for Abs_Encoder_Process
    stm32f4xx_it.o(i.CAN1_RX0_IRQHandler) refers to global.o(.bss) for Track_Encoder1
    stm32f4xx_it.o(i.CAN2_RX0_IRQHandler) refers to stm32f4xx_can.o(i.CAN_GetITStatus) for CAN_GetITStatus
    stm32f4xx_it.o(i.CAN2_RX0_IRQHandler) refers to stm32f4xx_can.o(i.CAN_ClearITPendingBit) for CAN_ClearITPendingBit
    stm32f4xx_it.o(i.CAN2_RX0_IRQHandler) refers to stm32f4xx_can.o(i.CAN_Receive) for CAN_Receive
    stm32f4xx_it.o(i.CAN2_RX0_IRQHandler) refers to can_control.o(i.GetEncodeNumber) for GetEncodeNumber
    stm32f4xx_it.o(i.CAN2_RX0_IRQHandler) refers to can_control.o(i.GetSpeed) for GetSpeed
    stm32f4xx_it.o(i.CAN2_RX0_IRQHandler) refers to can_control.o(i.Abs_Encoder_Process) for Abs_Encoder_Process
    stm32f4xx_it.o(i.CAN2_RX0_IRQHandler) refers to global.o(.bss) for trigger_encoder
    stm32f4xx_it.o(i.UART4_IRQHandler) refers to stm32f4xx_usart.o(i.USART_GetITStatus) for USART_GetITStatus
    stm32f4xx_it.o(i.UART5_IRQHandler) refers to stm32f4xx_usart.o(i.USART_GetITStatus) for USART_GetITStatus
    stm32f4xx_it.o(i.UART5_IRQHandler) refers to algorithm.o(i.USART_Receive) for USART_Receive
    stm32f4xx_it.o(i.UART5_IRQHandler) refers to dji_protocal.o(i.Rc_RsysProtocol) for Rc_RsysProtocol
    stm32f4xx_it.o(i.UART5_IRQHandler) refers to global.o(.data) for UART5_Rcr
    stm32f4xx_it.o(i.UART5_IRQHandler) refers to global.o(.bss) for systemmonitor
    stm32f4xx_it.o(i.USART1_IRQHandler) refers to stm32f4xx_usart.o(i.USART_GetITStatus) for USART_GetITStatus
    stm32f4xx_it.o(i.USART1_IRQHandler) refers to rc_control.o(i.RemoteDataProcess) for RemoteDataProcess
    stm32f4xx_it.o(i.USART1_IRQHandler) refers to stm32f4xx_dma.o(i.DMA_Cmd) for DMA_Cmd
    stm32f4xx_it.o(i.USART1_IRQHandler) refers to global.o(.bss) for sbus_rx_buffer
    stm32f4xx_it.o(i.USART2_IRQHandler) refers to stm32f4xx_usart.o(i.USART_GetITStatus) for USART_GetITStatus
    stm32f4xx_it.o(i.USART2_IRQHandler) refers to algorithm.o(i.Sensor_Data_Process) for Sensor_Data_Process
    stm32f4xx_it.o(i.USART2_IRQHandler) refers to stm32f4xx_dma.o(i.DMA_Cmd) for DMA_Cmd
    stm32f4xx_it.o(i.USART2_IRQHandler) refers to global.o(.bss) for systemmonitor
    stm32f4xx_it.o(i.USART3_IRQHandler) refers to stm32f4xx_usart.o(i.USART_GetITStatus) for USART_GetITStatus
    stm32f4xx_it.o(i.USART3_IRQHandler) refers to algorithm.o(i.Sensor_Data_Process) for Sensor_Data_Process
    stm32f4xx_it.o(i.USART3_IRQHandler) refers to stm32f4xx_dma.o(i.DMA_Cmd) for DMA_Cmd
    stm32f4xx_it.o(i.USART3_IRQHandler) refers to global.o(.bss) for systemmonitor
    system_stm32f4xx.o(i.SystemCoreClockUpdate) refers to system_stm32f4xx.o(.data) for SystemCoreClock
    system_stm32f4xx.o(i.SystemInit) refers to system_stm32f4xx.o(i.SetSysClock) for SetSysClock
    bsp_init.o(i.Bsp_Init) refers to tim.o(i.TIM5_Configuration) for TIM5_Configuration
    bsp_init.o(i.Bsp_Init) refers to gpio.o(i.GPIO_Configuration) for GPIO_Configuration
    bsp_init.o(i.Bsp_Init) refers to can.o(i.CAN1_Configuration) for CAN1_Configuration
    bsp_init.o(i.Bsp_Init) refers to can.o(i.CAN2_Configuration) for CAN2_Configuration
    bsp_init.o(i.Bsp_Init) refers to pwm.o(i.TIM9_PWM_Init) for TIM9_PWM_Init
    bsp_init.o(i.Bsp_Init) refers to pwm.o(i.TIM8_PWM_Init) for TIM8_PWM_Init
    bsp_init.o(i.Bsp_Init) refers to usart.o(i.USART3_Configuration) for USART3_Configuration
    bsp_init.o(i.Bsp_Init) refers to usart.o(i.USART2_Configuration) for USART2_Configuration
[...]
    ..\File\API\usart_control.c              0x00000000   Number         0  usart_control.o ABSOLUTE
    ..\File\BSP\can.c                        0x00000000   Number         0  can.o ABSOLUTE
    ..\File\BSP\gpio.c                       0x00000000   Number         0  gpio.o ABSOLUTE
    ..\File\BSP\pwm.c                        0x00000000   Number         0  pwm.o ABSOLUTE
    ..\File\BSP\sys.c                        0x00000000   Number         0  sys.o ABSOLUTE
    ..\File\BSP\tim.c                        0x00000000   Number         0  tim.o ABSOLUTE
    ..\File\BSP\usart.c                      0x00000000   Number         0  usart.o ABSOLUTE
    ..\File\BSP\verify.c                     0x00000000   Number         0  verify.o ABSOLUTE
    ..\File\STM32_LIB\CMSIS\startup_stm32f40_41xxx.s 0x00000000   Number         0  startup_stm32f40_41xxx.o ABSOLUTE
    ..\File\STM32_LIB\FWLIB\misc.c           0x00000000   Number         0  misc.o ABSOLUTE
    ..\File\STM32_LIB\FWLIB\stm32f4xx_adc.c  0x00000000   Number         0  stm32f4xx_adc.o ABSOLUTE
    ..\File\STM32_LIB\FWLIB\stm32f4xx_can.c  0x00000000   Number         0  stm32f4xx_can.o ABSOLUTE
    ..\File\STM32_LIB\FWLIB\stm32f4xx_crc.c  0x00000000   Number         0  stm32f4xx_crc.o ABSOLUTE
    ..\File\STM32_LIB\FWLIB\stm32f4xx_cryp.c 0x00000000   Number         0  stm32f4xx_cryp.o ABSOLUTE
    ..\File\STM32_LIB\FWLIB\stm32f4xx_cryp_aes.c 0x00000000   Number         0  stm32f4xx_cryp_aes.o ABSOLUTE
    ..\File\STM32_LIB\FWLIB\stm32f4xx_cryp_des.c 0x00000000   Number         0  stm32f4xx_cryp_des.o ABSOLUTE
    ..\File\STM32_LIB\FWLIB\stm32f4xx_cryp_tdes.c 0x00000000   Number         0  stm32f4xx_cryp_tdes.o ABSOLUTE
    ..\File\STM32_LIB\FWLIB\stm32f4xx_dac.c  0x00000000   Number         0  stm32f4xx_dac.o ABSOLUTE
    ..\File\STM32_LIB\FWLIB\stm32f4xx_dbgmcu.c 0x00000000   Number         0  stm32f4xx_dbgmcu.o ABSOLUTE
    ..\File\STM32_LIB\FWLIB\stm32f4xx_dcmi.c 0x00000000   Number         0  stm32f4xx_dcmi.o ABSOLUTE
    ..\File\STM32_LIB\FWLIB\stm32f4xx_dma.c  0x00000000   Number         0  stm32f4xx_dma.o ABSOLUTE
    ..\File\STM32_LIB\FWLIB\stm32f4xx_dma2d.c 0x00000000   Number         0  stm32f4xx_dma2d.o ABSOLUTE
    ..\File\STM32_LIB\FWLIB\stm32f4xx_exti.c 0x00000000   Number         0  stm32f4xx_exti.o ABSOLUTE
    ..\File\STM32_LIB\FWLIB\stm32f4xx_flash.c 0x00000000   Number         0  stm32f4xx_flash.o ABSOLUTE
    ..\File\STM32_LIB\FWLIB\stm32f4xx_flash_ramfunc.c 0x00000000   Number         0  stm32f4xx_flash_ramfunc.o ABSOLUTE
    ..\File\STM32_LIB\FWLIB\stm32f4xx_fsmc.c 0x00000000   Number         0  stm32f4xx_fsmc.o ABSOLUTE
    ..\File\STM32_LIB\FWLIB\stm32f4xx_gpio.c 0x00000000   Number         0  stm32f4xx_gpio.o ABSOLUTE
    ..\File\STM32_LIB\FWLIB\stm32f4xx_hash.c 0x00000000   Number         0  stm32f4xx_hash.o ABSOLUTE
    ..\File\STM32_LIB\FWLIB\stm32f4xx_hash_md5.c 0x00000000   Number         0  stm32f4xx_hash_md5.o ABSOLUTE
    ..\File\STM32_LIB\FWLIB\stm32f4xx_hash_sha1.c 0x00000000   Number         0  stm32f4xx_hash_sha1.o ABSOLUTE
    ..\File\STM32_LIB\FWLIB\stm32f4xx_i2c.c  0x00000000   Number         0  stm32f4xx_i2c.o ABSOLUTE
    ..\File\STM32_LIB\FWLIB\stm32f4xx_iwdg.c 0x00000000   Number         0  stm32f4xx_iwdg.o ABSOLUTE
    ..\File\STM32_LIB\FWLIB\stm32f4xx_ltdc.c 0x00000000   Number         0  stm32f4xx_ltdc.o ABSOLUTE
    ..\File\STM32_LIB\FWLIB\stm32f4xx_pwr.c  0x00000000   Number         0  stm32f4xx_pwr.o ABSOLUTE
    ..\File\STM32_LIB\FWLIB\stm32f4xx_rcc.c  0x00000000   Number         0  stm32f4xx_rcc.o ABSOLUTE
    ..\File\STM32_LIB\FWLIB\stm32f4xx_rng.c  0x00000000   Number         0  stm32f4xx_rng.o ABSOLUTE
    ..\File\STM32_LIB\FWLIB\stm32f4xx_rtc.c  0x00000000   Number         0  stm32f4xx_rtc.o ABSOLUTE
    ..\File\STM32_LIB\FWLIB\stm32f4xx_sai.c  0x00000000   Number         0  stm32f4xx_sai.o ABSOLUTE
    ..\File\STM32_LIB\FWLIB\stm32f4xx_sdio.c 0x00000000   Number         0  stm32f4xx_sdio.o ABSOLUTE
    ..\File\STM32_LIB\FWLIB\stm32f4xx_spi.c  0x00000000   Number         0  stm32f4xx_spi.o ABSOLUTE
    ..\File\STM32_LIB\FWLIB\stm32f4xx_syscfg.c 0x00000000   Number         0  stm32f4xx_syscfg.o ABSOLUTE
    ..\File\STM32_LIB\FWLIB\stm32f4xx_tim.c  0x00000000   Number         0  stm32f4xx_tim.o ABSOLUTE
    ..\File\STM32_LIB\FWLIB\stm32f4xx_usart.c 0x00000000   Number         0  stm32f4xx_usart.o ABSOLUTE
    ..\File\STM32_LIB\FWLIB\stm32f4xx_wwdg.c 0x00000000   Number         0  stm32f4xx_wwdg.o ABSOLUTE
    ..\File\TASK\data_send_task.c            0x00000000   Number         0  data_send_task.o ABSOLUTE
    ..\File\TASK\systemmonitor.c             0x00000000   Number         0  systemmonitor.o ABSOLUTE
    ..\File\USER\bsp_init.c                  0x00000000   Number         0  bsp_init.o ABSOLUTE
    ..\File\USER\global.c                    0x00000000   Number         0  global.o ABSOLUTE
    ..\File\USER\main.c                      0x00000000   Number         0  main.o ABSOLUTE
    ..\File\USER\os.c                        0x00000000   Number         0  os.o ABSOLUTE
    ..\File\USER\stm32f4xx_it.c              0x00000000   Number         0  stm32f4xx_it.o ABSOLUTE
    ..\File\USER\system_stm32f4xx.c          0x00000000   Number         0  system_stm32f4xx.o ABSOLUTE
    ..\\File\\API\\Servo.c                   0x00000000   Number         0  servo.o ABSOLUTE
    ..\\File\\API\\algorithm.c               0x00000000   Number         0  algorithm.o ABSOLUTE
    ..\\File\\API\\can_control.c             0x00000000   Number         0  can_control.o ABSOLUTE
    ..\\File\\API\\dji_protocal.c            0x00000000   Number         0  dji_protocal.o ABSOLUTE
    ..\\File\\API\\rc_control.c              0x00000000   Number         0  rc_control.o ABSOLUTE
    ..\\File\\API\\usart_control.c           0x00000000   Number         0  usart_control.o ABSOLUTE
    ..\\File\\BSP\\can.c                     0x00000000   Number         0  can.o ABSOLUTE
    ..\\File\\BSP\\gpio.c                    0x00000000   Number         0  gpio.o ABSOLUTE
    ..\\File\\BSP\\pwm.c                     0x00000000   Number         0  pwm.o ABSOLUTE
    ..\\File\\BSP\\sys.c                     0x00000000   Number         0  sys.o ABSOLUTE
    ..\\File\\BSP\\tim.c                     0x00000000   Number         0  tim.o ABSOLUTE
    ..\\File\\BSP\\usart.c                   0x00000000   Number         0  usart.o ABSOLUTE
    ..\\File\\BSP\\verify.c                  0x00000000   Number         0  verify.o ABSOLUTE
    ..\\File\\STM32_LIB\\FWLIB\\misc.c       0x00000000   Number         0  misc.o ABSOLUTE
    ..\\File\\STM32_LIB\\FWLIB\\stm32f4xx_adc.c 0x00000000   Number         0  stm32f4xx_adc.o ABSOLUTE
    ..\\File\\STM32_LIB\\FWLIB\\stm32f4xx_can.c 0x00000000   Number         0  stm32f4xx_can.o ABSOLUTE
    ..\\File\\STM32_LIB\\FWLIB\\stm32f4xx_crc.c 0x00000000   Number         0  stm32f4xx_crc.o ABSOLUTE
    ..\\File\\STM32_LIB\\FWLIB\\stm32f4xx_cryp.c 0x00000000   Number         0  stm32f4xx_cryp.o ABSOLUTE
    ..\\File\\STM32_LIB\\FWLIB\\stm32f4xx_cryp_aes.c 0x00000000   Number         0  stm32f4xx_cryp_aes.o ABSOLUTE
    ..\\File\\STM32_LIB\\FWLIB\\stm32f4xx_cryp_des.c 0x00000000   Number         0  stm32f4xx_cryp_des.o ABSOLUTE
    ..\\File\\STM32_LIB\\FWLIB\\stm32f4xx_cryp_tdes.c 0x00000000   Number         0  stm32f4xx_cryp_tdes.o ABSOLUTE
    ..\\File\\STM32_LIB\\FWLIB\\stm32f4xx_dac.c 0x00000000   Number         0  stm32f4xx_dac.o ABSOLUTE
    ..\\File\\STM32_LIB\\FWLIB\\stm32f4xx_dbgmcu.c 0x00000000   Number         0  stm32f4xx_dbgmcu.o ABSOLUTE
    ..\\File\\STM32_LIB\\FWLIB\\stm32f4xx_dcmi.c 0x00000000   Number         0  stm32f4xx_dcmi.o ABSOLUTE
    ..\\File\\STM32_LIB\\FWLIB\\stm32f4xx_dma.c 0x00000000   Number         0  stm32f4xx_dma.o ABSOLUTE
    ..\\File\\STM32_LIB\\FWLIB\\stm32f4xx_dma2d.c 0x00000000   Number         0  stm32f4xx_dma2d.o ABSOLUTE
    ..\\File\\STM32_LIB\\FWLIB\\stm32f4xx_exti.c 0x00000000   Number         0  stm32f4xx_exti.o ABSOLUTE
    ..\\File\\STM32_LIB\\FWLIB\\stm32f4xx_flash.c 0x00000000   Number         0  stm32f4xx_flash.o ABSOLUTE
    ..\\File\\STM32_LIB\\FWLIB\\stm32f4xx_flash_ramfunc.c 0x00000000   Number         0  stm32f4xx_flash_ramfunc.o ABSOLUTE
    ..\\File\\STM32_LIB\\FWLIB\\stm32f4xx_fsmc.c 0x00000000   Number         0  stm32f4xx_fsmc.o ABSOLUTE
    ..\\File\\STM32_LIB\\FWLIB\\stm32f4xx_gpio.c 0x00000000   Number         0  stm32f4xx_gpio.o ABSOLUTE
    ..\\File\\STM32_LIB\\FWLIB\\stm32f4xx_hash.c 0x00000000   Number         0  stm32f4xx_hash.o ABSOLUTE
    ..\\File\\STM32_LIB\\FWLIB\\stm32f4xx_hash_md5.c 0x00000000   Number         0  stm32f4xx_hash_md5.o ABSOLUTE
    ..\\File\\STM32_LIB\\FWLIB\\stm32f4xx_hash_sha1.c 0x00000000   Number         0  stm32f4xx_hash_sha1.o ABSOLUTE
    ..\\File\\STM32_LIB\\FWLIB\\stm32f4xx_i2c.c 0x00000000   Number         0  stm32f4xx_i2c.o ABSOLUTE
    ..\\File\\STM32_LIB\\FWLIB\\stm32f4xx_iwdg.c 0x00000000   Number         0  stm32f4xx_iwdg.o ABSOLUTE
    ..\\File\\STM32_LIB\\FWLIB\\stm32f4xx_ltdc.c 0x00000000   Number         0  stm32f4xx_ltdc.o ABSOLUTE
    ..\\File\\STM32_LIB\\FWLIB\\stm32f4xx_pwr.c 0x00000000   Number         0  stm32f4xx_pwr.o ABSOLUTE
    ..\\File\\STM32_LIB\\FWLIB\\stm32f4xx_rcc.c 0x00000000   Number         0  stm32f4xx_rcc.o ABSOLUTE
    ..\\File\\STM32_LIB\\FWLIB\\stm32f4xx_rng.c 0x00000000   Number         0  stm32f4xx_rng.o ABSOLUTE
    ..\\File\\STM32_LIB\\FWLIB\\stm32f4xx_rtc.c 0x00000000   Number         0  stm32f4xx_rtc.o ABSOLUTE
    ..\\File\\STM32_LIB\\FWLIB\\stm32f4xx_sai.c 0x00000000   Number         0  stm32f4xx_sai.o ABSOLUTE
    ..\\File\\STM32_LIB\\FWLIB\\stm32f4xx_sdio.c 0x00000000   Number         0  stm32f4xx_sdio.o ABSOLUTE
    ..\\File\\STM32_LIB\\FWLIB\\stm32f4xx_spi.c 0x00000000   Number         0  stm32f4xx_spi.o ABSOLUTE
    ..\\File\\STM32_LIB\\FWLIB\\stm32f4xx_syscfg.c 0x00000000   Number         0  stm32f4xx_syscfg.o ABSOLUTE
    ..\\File\\STM32_LIB\\FWLIB\\stm32f4xx_tim.c 0x00000000   Number         0  stm32f4xx_tim.o ABSOLUTE
    ..\\File\\STM32_LIB\\FWLIB\\stm32f4xx_usart.c 0x00000000   Number         0  stm32f4xx_usart.o ABSOLUTE
    ..\\File\\STM32_LIB\\FWLIB\\stm32f4xx_wwdg.c 0x00000000   Number         0  stm32f4xx_wwdg.o ABSOLUTE
    ..\\File\\TASK\\data_send_task.c         0x00000000   Number         0  data_send_task.o ABSOLUTE
    ..\\File\\TASK\\systemmonitor.c          0x00000000   Number         0  systemmonitor.o ABSOLUTE
    ..\\File\\USER\\bsp_init.c               0x00000000   Number         0  bsp_init.o ABSOLUTE
    ..\\File\\USER\\global.c                 0x00000000   Number         0  global.o ABSOLUTE
    ..\\File\\USER\\main.c                   0x00000000   Number         0  main.o ABSOLUTE
    ..\\File\\USER\\os.c                     0x00000000   Number         0  os.o ABSOLUTE
    ..\\File\\USER\\stm32f4xx_it.c           0x00000000   Number         0  stm32f4xx_it.o ABSOLUTE
    ..\\File\\USER\\system_stm32f4xx.c       0x00000000   Number         0  system_stm32f4xx.o ABSOLUTE
    dc.s                                     0x00000000   Number         0  dc.o ABSOLUTE
    RESET                                    0x08000000   Section      392  startup_stm32f40_41xxx.o(RESET)
    !!!main                                  0x08000188   Section        8  __main.o(!!!main)
    !!!scatter                               0x08000190   Section       52  __scatter.o(!!!scatter)
    !!dczerorl2                              0x080001c4   Section       90  __dczerorl2.o(!!dczerorl2)
    !!handler_zi                             0x08000220   Section       28  __scatter_zi.o(!!handler_zi)
    .ARM.Collect$$libinit$$00000000          0x0800023c   Section        2  libinit.o(.ARM.Collect$$libinit$$00000000)
    .ARM.Collect$$libinit$$00000001          0x0800023e   Section        4  libinit2.o(.ARM.Collect$$libinit$$00000001)
    .ARM.Collect$$libinit$$00000004          0x08000242   Section        0  libinit2.o(.ARM.Collect$$libinit$$00000004)
    .ARM.Collect$$libinit$$0000000A          0x08000242   Section        0  libinit2.o(.ARM.Collect$$libinit$$0000000A)
    .ARM.Collect$$libinit$$0000000C          0x08000242   Section        0  libinit2.o(.ARM.Collect$$libinit$$0000000C)
    .ARM.Collect$$libinit$$0000000E          0x08000242   Section        0  libinit2.o(.ARM.Collect$$libinit$$0000000E)
    .ARM.Collect$$libinit$$00000011          0x08000242   Section        0  libinit2.o(.ARM.Collect$$libinit$$00000011)
    .ARM.Collect$$libinit$$00000013          0x08000242   Section        0  libinit2.o(.ARM.Collect$$libinit$$00000013)
    .ARM.Collect$$libinit$$00000015          0x08000242   Section        0  libinit2.o(.ARM.Collect$$libinit$$00000015)
    .ARM.Collect$$libinit$$00000017          0x08000242   Section        0  libinit2.o(.ARM.Collect$$libinit$$00000017)
    .ARM.Collect$$libinit$$00000019          0x08000242   Section        0  libinit2.o(.ARM.Collect$$libinit$$00000019)
    .ARM.Collect$$libinit$$0000001B          0x08000242   Section        0  libinit2.o(.ARM.Collect$$libinit$$0000001B)
    .ARM.Collect$$libinit$$0000001D          0x08000242   Section        0  libinit2.o(.ARM.Collect$$libinit$$0000001D)
    .ARM.Collect$$libinit$$0000001F          0x08000242   Section        0  libinit2.o(.ARM.Collect$$libinit$$0000001F)
    .ARM.Collect$$libinit$$00000021          0x08000242   Section        0  libinit2.o(.ARM.Collect$$libinit$$00000021)
    .ARM.Collect$$libinit$$00000023          0x08000242   Section        0  libinit2.o(.ARM.Collect$$libinit$$00000023)
    .ARM.Collect$$libinit$$00000025          0x08000242   Section        0  libinit2.o(.ARM.Collect$$libinit$$00000025)
    .ARM.Collect$$libinit$$0000002C          0x08000242   Section        0  libinit2.o(.ARM.Collect$$libinit$$0000002C)
    .ARM.Collect$$libinit$$0000002E          0x08000242   Section        0  libinit2.o(.ARM.Collect$$libinit$$0000002E)
    .ARM.Collect$$libinit$$00000030          0x08000242   Section        0  libinit2.o(.ARM.Collect$$libinit$$00000030)
    .ARM.Collect$$libinit$$00000032          0x08000242   Section        0  libinit2.o(.ARM.Collect$$libinit$$00000032)
    .ARM.Collect$$libinit$$00000033          0x08000242   Section        2  libinit2.o(.ARM.Collect$$libinit$$00000033)
    .ARM.Collect$$libshutdown$$00000000      0x08000244   Section        2  libshutdown.o(.ARM.Collect$$libshutdown$$00000000)
    .ARM.Collect$$libshutdown$$00000002      0x08000246   Section        0  libshutdown2.o(.ARM.Collect$$libshutdown$$00000002)
    .ARM.Collect$$libshutdown$$00000004      0x08000246   Section        0  libshutdown2.o(.ARM.Collect$$libshutdown$$00000004)
    .ARM.Collect$$libshutdown$$00000006      0x08000246   Section        0  libshutdown2.o(.ARM.Collect$$libshutdown$$00000006)
    .ARM.Collect$$libshutdown$$00000009      0x08000246   Section        0  libshutdown2.o(.ARM.Collect$$libshutdown$$00000009)
    .ARM.Collect$$libshutdown$$0000000C      0x08000246   Section        0  libshutdown2.o(.ARM.Collect$$libshutdown$$0000000C)
    .ARM.Collect$$libshutdown$$0000000E      0x08000246   Section        0  libshutdown2.o(.ARM.Collect$$libshutdown$$0000000E)
    .ARM.Collect$$libshutdown$$00000011      0x08000246   Section        0  libshutdown2.o(.ARM.Collect$$libshutdown$$00000011)
    .ARM.Collect$$libshutdown$$00000012      0x08000246   Section        2  libshutdown2.o(.ARM.Collect$$libshutdown$$00000012)
    .ARM.Collect$$rtentry$$00000000          0x08000248   Section        0  __rtentry.o(.ARM.Collect$$rtentry$$00000000)
    .ARM.Collect$$rtentry$$00000002          0x08000248   Section        0  __rtentry2.o(.ARM.Collect$$rtentry$$00000002)
    .ARM.Collect$$rtentry$$00000004          0x08000248   Section        6  __rtentry4.o(.ARM.Collect$$rtentry$$00000004)
    .ARM.Collect$$rtentry$$00000009          0x0800024e   Section        0  __rtentry2.o(.ARM.Collect$$rtentry$$00000009)
    .ARM.Collect$$rtentry$$0000000A          0x0800024e   Section        4  __rtentry2.o(.ARM.Collect$$rtentry$$0000000A)
    .ARM.Collect$$rtentry$$0000000C          0x08000252   Section        0  __rtentry2.o(.ARM.Collect$$rtentry$$0000000C)
    .ARM.Collect$$rtentry$$0000000D          0x08000252   Section        8  __rtentry2.o(.ARM.Collect$$rtentry$$0000000D)
    .ARM.Collect$$rtexit$$00000000           0x0800025a   Section        2  rtexit.o(.ARM.Collect$$rtexit$$00000000)
    .ARM.Collect$$rtexit$$00000002           0x0800025c   Section        0  rtexit2.o(.ARM.Collect$$rtexit$$00000002)
    .ARM.Collect$$rtexit$$00000003           0x0800025c   Section        4  rtexit2.o(.ARM.Collect$$rtexit$$00000003)
    .ARM.Collect$$rtexit$$00000004           0x08000260   Section        6  rtexit2.o(.ARM.Collect$$rtexit$$00000004)
    .text                                    0x08000268   Section       64  startup_stm32f40_41xxx.o(.text)
    $v0                                      0x08000268   Number         0  startup_stm32f40_41xxx.o(.text)
    .text                                    0x080002a8   Section      138  rt_memcpy_v6.o(.text)
    .text                                    0x08000332   Section       68  rt_memclr.o(.text)
    .text                                    0x08000376   Section       78  rt_memclr_w.o(.text)
    .text                                    0x080003c4   Section        0  heapauxi.o(.text)
    .text                                    0x080003ca   Section      100  rt_memcpy_w.o(.text)
    .text                                    0x08000430   Section        8  libspace.o(.text)
    .text                                    0x08000438   Section       74  sys_stackheap_outer.o(.text)
    .text                                    0x08000482   Section        0  exit.o(.text)
    .text                                    0x08000494   Section        0  sys_exit.o(.text)
    .text                                    0x080004a0   Section        2  use_no_semi.o(.text)
    .text                                    0x080004a2   Section        0  indicate_semi.o(.text)
    i.Abs_Encoder_Process                    0x080004a2   Section        0  can_control.o(i.Abs_Encoder_Process)
    i.Armor_Angle_Judgment                   0x080004ec   Section        0  dji_protocal.o(i.Armor_Angle_Judgment)
    i.Bsp_Init                               0x080004f0   Section        0  bsp_init.o(i.Bsp_Init)
    i.CAN1_Configuration                     0x0800052c   Section        0  can.o(i.CAN1_Configuration)
    i.CAN1_RX0_IRQHandler                    0x08000620   Section        0  stm32f4xx_it.o(i.CAN1_RX0_IRQHandler)
    i.CAN2_Configuration                     0x080006e0   Section        0  can.o(i.CAN2_Configuration)
    i.CAN2_RX0_IRQHandler                    0x080007cc   Section        0  stm32f4xx_it.o(i.CAN2_RX0_IRQHandler)
    i.CAN_ClearITPendingBit                  0x080008bc   Section        0  stm32f4xx_can.o(i.CAN_ClearITPendingBit)
    i.CAN_FilterInit                         0x08000964   Section        0  stm32f4xx_can.o(i.CAN_FilterInit)
    i.CAN_GetITStatus                        0x08000a6c   Section        0  stm32f4xx_can.o(i.CAN_GetITStatus)
    i.CAN_ITConfig                           0x08000b8c   Section        0  stm32f4xx_can.o(i.CAN_ITConfig)
    i.CAN_Init                               0x08000b9e   Section        0  stm32f4xx_can.o(i.CAN_Init)
    i.CAN_Receive                            0x08000cb2   Section        0  stm32f4xx_can.o(i.CAN_Receive)
    i.CheckITStatus                          0x08000da2   Section        0  stm32f4xx_can.o(i.CheckITStatus)
    CheckITStatus                            0x08000da3   Thumb Code    18  stm32f4xx_can.o(i.CheckITStatus)
    i.DMA_ClearITPendingBit                  0x08000db4   Section        0  stm32f4xx_dma.o(i.DMA_ClearITPendingBit)
    i.DMA_Cmd                                0x08000de8   Section        0  stm32f4xx_dma.o(i.DMA_Cmd)
    i.DMA_DeInit                             0x08000e00   Section        0  stm32f4xx_dma.o(i.DMA_DeInit)
    i.DMA_GetCmdStatus                       0x08000f58   Section        0  stm32f4xx_dma.o(i.DMA_GetCmdStatus)
    i.DMA_GetCurrDataCounter                 0x08000f6c   Section        0  stm32f4xx_dma.o(i.DMA_GetCurrDataCounter)
    i.DMA_Init                               0x08000f74   Section        0  stm32f4xx_dma.o(i.DMA_Init)
    i.Data_Send_MainControl2_Task            0x08000fcc   Section        0  main.o(i.Data_Send_MainControl2_Task)
    i.Data_Send_Sensor_Task                  0x08000fe4   Section        0  main.o(i.Data_Send_Sensor_Task)
    i.GPIO_Configuration                     0x08001000   Section        0  gpio.o(i.GPIO_Configuration)
    i.GPIO_Init                              0x08001034   Section        0  stm32f4xx_gpio.o(i.GPIO_Init)
    i.GPIO_PinAFConfig                       0x080010c4   Section        0  stm32f4xx_gpio.o(i.GPIO_PinAFConfig)
    i.GetEncodeNumber                        0x0800110a   Section        0  can_control.o(i.GetEncodeNumber)
    i.GetSpeed                               0x08001116   Section        0  can_control.o(i.GetSpeed)
    i.Get_CRC16_Check_Sum                    0x08001124   Section        0  verify.o(i.Get_CRC16_Check_Sum)
    i.Get_CRC8_Check_Sum                     0x08001158   Section        0  verify.o(i.Get_CRC8_Check_Sum)
    i.MonitorDataDeal                        0x0800117c   Section        0  dji_protocal.o(i.MonitorDataDeal)
    i.NVIC_Init                              0x08001508   Section        0  misc.o(i.NVIC_Init)
    i.OS_RUN                                 0x08001580   Section        0  os.o(i.OS_RUN)
    i.RCC_AHB1PeriphClockCmd                 0x08001730   Section        0  stm32f4xx_rcc.o(i.RCC_AHB1PeriphClockCmd)
    i.RCC_APB1PeriphClockCmd                 0x08001750   Section        0  stm32f4xx_rcc.o(i.RCC_APB1PeriphClockCmd)
    i.RCC_APB1PeriphResetCmd                 0x08001770   Section        0  stm32f4xx_rcc.o(i.RCC_APB1PeriphResetCmd)
    i.RCC_APB2PeriphClockCmd                 0x08001790   Section        0  stm32f4xx_rcc.o(i.RCC_APB2PeriphClockCmd)
    i.RCC_APB2PeriphResetCmd                 0x080017b0   Section        0  stm32f4xx_rcc.o(i.RCC_APB2PeriphResetCmd)
    i.RCC_GetClocksFreq                      0x080017d0   Section        0  stm32f4xx_rcc.o(i.RCC_GetClocksFreq)
    i.Rc_RsysProtocol                        0x080018b8   Section        0  dji_protocal.o(i.Rc_RsysProtocol)
    i.RemoteDataProcess                      0x08001a44   Section        0  rc_control.o(i.RemoteDataProcess)
    i.Send_Data_To_MainControl2              0x08001af0   Section        0  data_send_task.o(i.Send_Data_To_MainControl2)
    i.Send_Data_To_Sensor1                   0x08001b30   Section        0  data_send_task.o(i.Send_Data_To_Sensor1)
    i.Send_Data_To_Sensor2                   0x08001bb8   Section        0  data_send_task.o(i.Send_Data_To_Sensor2)
    i.Sensor_Data_Process                    0x08001c3c   Section        0  algorithm.o(i.Sensor_Data_Process)
    i.SetSysClock                            0x08001d28   Section        0  system_stm32f4xx.o(i.SetSysClock)
    SetSysClock                              0x08001d29   Thumb Code   220  system_stm32f4xx.o(i.SetSysClock)
    i.SystemInit                             0x08001e14   Section        0  system_stm32f4xx.o(i.SystemInit)
    i.SystemMonitorTask                      0x08001e7c   Section        0  systemmonitor.o(i.SystemMonitorTask)
    i.TIM5_Configuration                     0x08001e98   Section        0  tim.o(i.TIM5_Configuration)
    i.TIM8_PWM_Init                          0x08001ed0   Section        0  pwm.o(i.TIM8_PWM_Init)
    i.TIM9_PWM_Init                          0x08001f94   Section        0  pwm.o(i.TIM9_PWM_Init)
    i.TIM_ARRPreloadConfig                   0x08002034   Section        0  stm32f4xx_tim.o(i.TIM_ARRPreloadConfig)
    i.TIM_Cmd                                0x0800204c   Section        0  stm32f4xx_tim.o(i.TIM_Cmd)
    i.TIM_CtrlPWMOutputs                     0x08002064   Section        0  stm32f4xx_tim.o(i.TIM_CtrlPWMOutputs)
    i.TIM_OC2Init                            0x08002084   Section        0  stm32f4xx_tim.o(i.TIM_OC2Init)
    i.TIM_OC2PreloadConfig                   0x08002128   Section        0  stm32f4xx_tim.o(i.TIM_OC2PreloadConfig)
    i.TIM_OC3Init                            0x08002144   Section        0  stm32f4xx_tim.o(i.TIM_OC3Init)
    i.TIM_OC3PreloadConfig                   0x080021e4   Section        0  stm32f4xx_tim.o(i.TIM_OC3PreloadConfig)
    i.TIM_OC4Init                            0x080021f8   Section        0  stm32f4xx_tim.o(i.TIM_OC4Init)
    i.TIM_OC4PreloadConfig                   0x08002270   Section        0  stm32f4xx_tim.o(i.TIM_OC4PreloadConfig)
    i.TIM_TimeBaseInit                       0x0800228c   Section        0  stm32f4xx_tim.o(i.TIM_TimeBaseInit)
    i.UART4_Configuration                    0x08002310   Section        0  usart.o(i.UART4_Configuration)
    i.UART4_IRQHandler                       0x08002490   Section        0  stm32f4xx_it.o(i.UART4_IRQHandler)
    i.UART5_Configuration                    0x080024b0   Section        0  usart.o(i.UART5_Configuration)
    i.UART5_IRQHandler                       0x08002668   Section        0  stm32f4xx_it.o(i.UART5_IRQHandler)
    i.USART1_IRQHandler                      0x080026a4   Section        0  stm32f4xx_it.o(i.USART1_IRQHandler)
    i.USART2_Configuration                   0x080026f4   Section        0  usart.o(i.USART2_Configuration)
    i.USART2_IRQHandler                      0x08002884   Section        0  stm32f4xx_it.o(i.USART2_IRQHandler)
    i.USART3_Configuration                   0x080028d0   Section        0  usart.o(i.USART3_Configuration)
    i.USART3_IRQHandler                      0x08002a70   Section        0  stm32f4xx_it.o(i.USART3_IRQHandler)
    i.USART_Cmd                              0x08002abc   Section        0  stm32f4xx_usart.o(i.USART_Cmd)
    i.USART_DMACmd                           0x08002ad4   Section        0  stm32f4xx_usart.o(i.USART_DMACmd)
    i.USART_DeInit                           0x08002ae8   Section        0  stm32f4xx_usart.o(i.USART_DeInit)
    i.USART_GetITStatus                      0x08002bd8   Section        0  stm32f4xx_usart.o(i.USART_GetITStatus)
    i.USART_ITConfig                         0x08002c2c   Section        0  stm32f4xx_usart.o(i.USART_ITConfig)
    i.USART_Init                             0x08002c78   Section        0  stm32f4xx_usart.o(i.USART_Init)
    i.USART_Receive                          0x08002d4c   Section        0  algorithm.o(i.USART_Receive)
    i.Verify_CRC16_Check_Sum                 0x08002e04   Section        0  verify.o(i.Verify_CRC16_Check_Sum)
    i.Verify_CRC8_Check_Sum                  0x08002e44   Section        0  verify.o(i.Verify_CRC8_Check_Sum)
    i.hexToBinary                            0x08002e72   Section        0  algorithm.o(i.hexToBinary)
    i.main                                   0x08002e9a   Section        0  main.o(i.main)
    x$fpl$fpinit                             0x08002ea8   Section       10  fpinit.o(x$fpl$fpinit)
    $v0                                      0x08002ea8   Number         0  fpinit.o(x$fpl$fpinit)
    .constdata                               0x08002eb2   Section      770  verify.o(.constdata)
    .conststring                             0x080031b4   Section       58  os.o(.conststring)
    .data                                    0x20000000   Section      124  os.o(.data)
    .data                                    0x2000007c   Section       86  global.o(.data)
    .data                                    0x200000d4   Section      330  dji_protocal.o(.data)
    .data                                    0x2000021e   Section        2  verify.o(.data)
    .data                                    0x20000220   Section       16  stm32f4xx_rcc.o(.data)
    APBAHBPrescTable                         0x20000220   Data          16  stm32f4xx_rcc.o(.data)
    .bss                                     0x20000230   Section     1534  global.o(.bss)
    .bss                                     0x20000830   Section     1052  dji_protocal.o(.bss)
    .bss                                     0x20000c4c   Section       96  libspace.o(.bss)
    HEAP                                     0x20000cb0   Section      512  startup_stm32f40_41xxx.o(HEAP)
    Heap_Mem                                 0x20000cb0   Data         512  startup_stm32f40_41xxx.o(HEAP)
    STACK                                    0x20000eb0   Section     1024  startup_stm32f40_41xxx.o(STACK)
    Stack_Mem                                0x20000eb0   Data        1024  startup_stm32f40_41xxx.o(STACK)
    __initial_sp                             0x200012b0   Data           0  startup_stm32f40_41xxx.o(STACK)

    Global Symbols

    Symbol Name                              Value     Ov Type        Size  Object(Section)

    BuildAttributes$$THM_ISAv4$E$P$D$K$B$S$7EM$VFPi3$EXTD16$VFPS$VFMA$PE$A:L22UL41UL21$X:L11$S22US41US21$IEEE1$IW$USESV6$~STKCKD$USESV7$~SHL$OTIME$ROPI$IEEEJ$EBA8$UX$STANDARDLIB$REQ8$PRES8$EABIv2 0x00000000   Number         0  anon$$obj.o ABSOLUTE
    __ARM_use_no_argv                        0x00000000   Number         0  main.o ABSOLUTE
    __ARM_exceptions_init                     - Undefined Weak Reference
    __alloca_initialize                       - Undefined Weak Reference
    __arm_fini_                               - Undefined Weak Reference
    __arm_preinit_                            - Undefined Weak Reference
    __cpp_initialize__aeabi_                  - Undefined Weak Reference
    __cxa_finalize                            - Undefined Weak Reference
    __rt_locale                               - Undefined Weak Reference
    __sigvec_lookup                           - Undefined Weak Reference
    _atexit_init                              - Undefined Weak Reference
    _call_atexit_fns                          - Undefined Weak Reference
    _clock_init                               - Undefined Weak Reference
    _fp_trap_init                             - Undefined Weak Reference
    _fp_trap_shutdown                         - Undefined Weak Reference
    _get_lc_collate                           - Undefined Weak Reference
    _get_lc_ctype                             - Undefined Weak Reference
    _get_lc_monetary                          - Undefined Weak Reference
    _get_lc_numeric                           - Undefined Weak Reference
    _get_lc_time                              - Undefined Weak Reference
    _getenv_init                              - Undefined Weak Reference
    _handle_redirection                       - Undefined Weak Reference
    _init_alloc                               - Undefined Weak Reference
    _init_user_alloc                          - Undefined Weak Reference
    _initio                                   - Undefined Weak Reference
    _rand_init                                - Undefined Weak Reference
    _signal_finish                            - Undefined Weak Reference
    _signal_init                              - Undefined Weak Reference
    _terminate_alloc                          - Undefined Weak Reference
    _terminate_user_alloc                     - Undefined Weak Reference
    _terminateio                              - Undefined Weak Reference
    __Vectors_Size                           0x00000188   Number         0  startup_stm32f40_41xxx.o ABSOLUTE
    __Vectors                                0x08000000   Data           4  startup_stm32f40_41xxx.o(RESET)
    __Vectors_End                            0x08000188   Data           0  startup_stm32f40_41xxx.o(RESET)
    __main                                   0x08000189   Thumb Code     8  __main.o(!!!main)
    __scatterload                            0x08000191   Thumb Code     0  __scatter.o(!!!scatter)
    __scatterload_rt2                        0x08000191   Thumb Code    44  __scatter.o(!!!scatter)
    __scatterload_rt2_thumb_only             0x08000191   Thumb Code     0  __scatter.o(!!!scatter)
    __scatterload_null                       0x0800019f   Thumb Code     0  __scatter.o(!!!scatter)
    __decompress                             0x080001c5   Thumb Code    90  __dczerorl2.o(!!dczerorl2)
    __decompress1                            0x080001c5   Thumb Code     0  __dczerorl2.o(!!dczerorl2)
    __scatterload_zeroinit                   0x08000221   Thumb Code    28  __scatter_zi.o(!!handler_zi)
    __rt_lib_init                            0x0800023d   Thumb Code     0  libinit.o(.ARM.Collect$$libinit$$00000000)
    __rt_lib_init_fp_1                       0x0800023f   Thumb Code     0  libinit2.o(.ARM.Collect$$libinit$$00000001)
    __rt_lib_init_alloca_1                   0x08000243   Thumb Code     0  libinit2.o(.ARM.Collect$$libinit$$0000002E)
    __rt_lib_init_argv_1                     0x08000243   Thumb Code     0  libinit2.o(.ARM.Collect$$libinit$$0000002C)
    __rt_lib_init_atexit_1                   0x08000243   Thumb Code     0  libinit2.o(.ARM.Collect$$libinit$$0000001B)
    __rt_lib_init_clock_1                    0x08000243   Thumb Code     0  libinit2.o(.ARM.Collect$$libinit$$00000021)
    __rt_lib_init_cpp_1                      0x08000243   Thumb Code     0  libinit2.o(.ARM.Collect$$libinit$$00000032)
    __rt_lib_init_exceptions_1               0x08000243   Thumb Code     0  libinit2.o(.ARM.Collect$$libinit$$00000030)
    __rt_lib_init_fp_trap_1                  0x08000243   Thumb Code     0  libinit2.o(.ARM.Collect$$libinit$$0000001F)
    __rt_lib_init_getenv_1                   0x08000243   Thumb Code     0  libinit2.o(.ARM.Collect$$libinit$$00000023)
    __rt_lib_init_heap_1                     0x08000243   Thumb Code     0  libinit2.o(.ARM.Collect$$libinit$$0000000A)
    __rt_lib_init_lc_collate_1               0x08000243   Thumb Code     0  libinit2.o(.ARM.Collect$$libinit$$00000011)
    __rt_lib_init_lc_ctype_1                 0x08000243   Thumb Code     0  libinit2.o(.ARM.Collect$$libinit$$00000013)
    __rt_lib_init_lc_monetary_1              0x08000243   Thumb Code     0  libinit2.o(.ARM.Collect$$libinit$$00000015)
    __rt_lib_init_lc_numeric_1               0x08000243   Thumb Code     0  libinit2.o(.ARM.Collect$$libinit$$00000017)
    __rt_lib_init_lc_time_1                  0x08000243   Thumb Code     0  libinit2.o(.ARM.Collect$$libinit$$00000019)
    __rt_lib_init_preinit_1                  0x08000243   Thumb Code     0  libinit2.o(.ARM.Collect$$libinit$$00000004)
    __rt_lib_init_rand_1                     0x08000243   Thumb Code     0  libinit2.o(.ARM.Collect$$libinit$$0000000E)
    __rt_lib_init_return                     0x08000243   Thumb Code     0  libinit2.o(.ARM.Collect$$libinit$$00000033)
    __rt_lib_init_signal_1                   0x08000243   Thumb Code     0  libinit2.o(.ARM.Collect$$libinit$$0000001D)
    __rt_lib_init_stdio_1                    0x08000243   Thumb Code     0  libinit2.o(.ARM.Collect$$libinit$$00000025)
    __rt_lib_init_user_alloc_1               0x08000243   Thumb Code     0  libinit2.o(.ARM.Collect$$libinit$$0000000C)
    __rt_lib_shutdown                        0x08000245   Thumb Code     0  libshutdown.o(.ARM.Collect$$libshutdown$$00000000)
    __rt_lib_shutdown_cpp_1                  0x08000247   Thumb Code     0  libshutdown2.o(.ARM.Collect$$libshutdown$$00000004)
    __rt_lib_shutdown_fini_1                 0x08000247   Thumb Code     0  libshutdown2.o(.ARM.Collect$$libshutdown$$00000002)
    __rt_lib_shutdown_fp_trap_1              0x08000247   Thumb Code     0  libshutdown2.o(.ARM.Collect$$libshutdown$$00000009)
    __rt_lib_shutdown_heap_1                 0x08000247   Thumb Code     0  libshutdown2.o(.ARM.Collect$$libshutdown$$00000011)
    __rt_lib_shutdown_return                 0x08000247   Thumb Code     0  libshutdown2.o(.ARM.Collect$$libshutdown$$00000012)
    __rt_lib_shutdown_signal_1               0x08000247   Thumb Code     0  libshutdown2.o(.ARM.Collect$$libshutdown$$0000000C)
    __rt_lib_shutdown_stdio_1                0x08000247   Thumb Code     0  libshutdown2.o(.ARM.Collect$$libshutdown$$00000006)
    __rt_lib_shutdown_user_alloc_1           0x08000247   Thumb Code     0  libshutdown2.o(.ARM.Collect$$libshutdown$$0000000E)
    __rt_entry                               0x08000249   Thumb Code     0  __rtentry.o(.ARM.Collect$$rtentry$$00000000)
    __rt_entry_presh_1                       0x08000249   Thumb Code     0  __rtentry2.o(.ARM.Collect$$rtentry$$00000002)
    __rt_entry_sh                            0x08000249   Thumb Code     0  __rtentry4.o(.ARM.Collect$$rtentry$$00000004)
    __rt_entry_li                            0x0800024f   Thumb Code     0  __rtentry2.o(.ARM.Collect$$rtentry$$0000000A)
    __rt_entry_postsh_1                      0x0800024f   Thumb Code     0  __rtentry2.o(.ARM.Collect$$rtentry$$00000009)
    __rt_entry_main                          0x08000253   Thumb Code     0  __rtentry2.o(.ARM.Collect$$rtentry$$0000000D)
    __rt_entry_postli_1                      0x08000253   Thumb Code     0  __rtentry2.o(.ARM.Collect$$rtentry$$0000000C)
    __rt_exit                                0x0800025b   Thumb Code     0  rtexit.o(.ARM.Collect$$rtexit$$00000000)
    __rt_exit_ls                             0x0800025d   Thumb Code     0  rtexit2.o(.ARM.Collect$$rtexit$$00000003)
    __rt_exit_prels_1                        0x0800025d   Thumb Code     0  rtexit2.o(.ARM.Collect$$rtexit$$00000002)
    __rt_exit_exit                           0x08000261   Thumb Code     0  rtexit2.o(.ARM.Collect$$rtexit$$00000004)
    Reset_Handler                            0x08000269   Thumb Code     8  startup_stm32f40_41xxx.o(.text)
    NMI_Handler                              0x08000271   Thumb Code     2  startup_stm32f40_41xxx.o(.text)
    HardFault_Handler                        0x08000273   Thumb Code     2  startup_stm32f40_41xxx.o(.text)
    MemManage_Handler                        0x08000275   Thumb Code     2  startup_stm32f40_41xxx.o(.text)
    BusFault_Handler                         0x08000277   Thumb Code     2  startup_stm32f40_41xxx.o(.text)
    UsageFault_Handler                       0x08000279   Thumb Code     2  startup_stm32f40_41xxx.o(.text)
    SVC_Handler                              0x0800027b   Thumb Code     2  startup_stm32f40_41xxx.o(.text)
    DebugMon_Handler                         0x0800027d   Thumb Code     2  startup_stm32f40_41xxx.o(.text)
    PendSV_Handler                           0x0800027f   Thumb Code     2  startup_stm32f40_41xxx.o(.text)
    SysTick_Handler                          0x08000281   Thumb Code     2  startup_stm32f40_41xxx.o(.text)
    ADC_IRQHandler                           0x08000283   Thumb Code     0  startup_stm32f40_41xxx.o(.text)
    CAN1_RX1_IRQHandler                      0x08000283   Thumb Code     0  startup_stm32f40_41xxx.o(.text)
    CAN1_SCE_IRQHandler                      0x08000283   Thumb Code     0  startup_stm32f40_41xxx.o(.text)
    CAN1_TX_IRQHandler                       0x08000283   Thumb Code     0  startup_stm32f40_41xxx.o(.text)
    CAN2_RX1_IRQHandler                      0x08000283   Thumb Code     0  startup_stm32f40_41xxx.o(.text)
    CAN2_SCE_IRQHandler                      0x08000283   Thumb Code     0  startup_stm32f40_41xxx.o(.text)
    CAN2_TX_IRQHandler                       0x08000283   Thumb Code     0  startup_stm32f40_41xxx.o(.text)
    CRYP_IRQHandler                          0x08000283   Thumb Code     0  startup_stm32f40_41xxx.o(.text)
    DCMI_IRQHandler                          0x08000283   Thumb Code     0  startup_stm32f40_41xxx.o(.text)
    DMA1_Stream0_IRQHandler                  0x08000283   Thumb Code     0  startup_stm32f40_41xxx.o(.text)
    DMA1_Stream1_IRQHandler                  0x08000283   Thumb Code     0  startup_stm32f40_41xxx.o(.text)
    DMA1_Stream2_IRQHandler                  0x08000283   Thumb Code     0  startup_stm32f40_41xxx.o(.text)
    DMA1_Stream3_IRQHandler                  0x08000283   Thumb Code     0  startup_stm32f40_41xxx.o(.text)
    DMA1_Stream4_IRQHandler                  0x08000283   Thumb Code     0  startup_stm32f40_41xxx.o(.text)
    DMA1_Stream5_IRQHandler                  0x08000283   Thumb Code     0  startup_stm32f40_41xxx.o(.text)
    DMA1_Stream6_IRQHandler                  0x08000283   Thumb Code     0  startup_stm32f40_41xxx.o(.text)
    DMA1_Stream7_IRQHandler                  0x08000283   Thumb Code     0  startup_stm32f40_41xxx.o(.text)
    DMA2_Stream0_IRQHandler                  0x08000283   Thumb Code     0  startup_stm32f40_41xxx.o(.text)
    DMA2_Stream1_IRQHandler                  0x08000283   Thumb Code     0  startup_stm32f40_41xxx.o(.text)
    DMA2_Stream2_IRQHandler                  0x08000283   Thumb Code     0  startup_stm32f40_41xxx.o(.text)
    DMA2_Stream3_IRQHandler                  0x08000283   Thumb Code     0  startup_stm32f40_41xxx.o(.text)
    DMA2_Stream4_IRQHandler                  0x08000283   Thumb Code     0  startup_stm32f40_41xxx.o(.text)
    DMA2_Stream5_IRQHandler                  0x08000283   Thumb Code     0  startup_stm32f40_41xxx.o(.text)
    DMA2_Stream6_IRQHandler                  0x08000283   Thumb Code     0  startup_stm32f40_41xxx.o(.text)
    DMA2_Stream7_IRQHandler                  0x08000283   Thumb Code     0  startup_stm32f40_41xxx.o(.text)
    ETH_IRQHandler                           0x08000283   Thumb Code     0  startup_stm32f40_41xxx.o(.text)
    ETH_WKUP_IRQHandler                      0x08000283   Thumb Code     0  startup_stm32f40_41xxx.o(.text)
    EXTI0_IRQHandler                         0x08000283   Thumb Code     0  startup_stm32f40_41xxx.o(.text)
    EXTI15_10_IRQHandler                     0x08000283   Thumb Code     0  startup_stm32f40_41xxx.o(.text)
    EXTI1_IRQHandler                         0x08000283   Thumb Code     0  startup_stm32f40_41xxx.o(.text)
    EXTI2_IRQHandler                         0x08000283   Thumb Code     0  startup_stm32f40_41xxx.o(.text)
    EXTI3_IRQHandler                         0x08000283   Thumb Code     0  startup_stm32f40_41xxx.o(.text)
    EXTI4_IRQHandler                         0x08000283   Thumb Code     0  startup_stm32f40_41xxx.o(.text)
    EXTI9_5_IRQHandler                       0x08000283   Thumb Code     0  startup_stm32f40_41xxx.o(.text)
    FLASH_IRQHandler                         0x08000283   Thumb Code     0  startup_stm32f40_41xxx.o(.text)
    FPU_IRQHandler                           0x08000283   Thumb Code     0  startup_stm32f40_41xxx.o(.text)
    FSMC_IRQHandler                          0x08000283   Thumb Code     0  startup_stm32f40_41xxx.o(.text)
    HASH_RNG_IRQHandler                      0x08000283   Thumb Code     0  startup_stm32f40_41xxx.o(.text)
    I2C1_ER_IRQHandler                       0x08000283   Thumb Code     0  startup_stm32f40_41xxx.o(.text)
    I2C1_EV_IRQHandler                       0x08000283   Thumb Code     0  startup_stm32f40_41xxx.o(.text)
    I2C2_ER_IRQHandler                       0x08000283   Thumb Code     0  startup_stm32f40_41xxx.o(.text)
    I2C2_EV_IRQHandler                       0x08000283   Thumb Code     0  startup_stm32f40_41xxx.o(.text)
    I2C3_ER_IRQHandler                       0x08000283   Thumb Code     0  startup_stm32f40_41xxx.o(.text)
    I2C3_EV_IRQHandler                       0x08000283   Thumb Code     0  startup_stm32f40_41xxx.o(.text)
    OTG_FS_IRQHandler                        0x08000283   Thumb Code     0  startup_stm32f40_41xxx.o(.text)
    OTG_FS_WKUP_IRQHandler                   0x08000283   Thumb Code     0  startup_stm32f40_41xxx.o(.text)
    OTG_HS_EP1_IN_IRQHandler                 0x08000283   Thumb Code     0  startup_stm32f40_41xxx.o(.text)
    OTG_HS_EP1_OUT_IRQHandler                0x08000283   Thumb Code     0  startup_stm32f40_41xxx.o(.text)
    OTG_HS_IRQHandler                        0x08000283   Thumb Code     0  startup_stm32f40_41xxx.o(.text)
    OTG_HS_WKUP_IRQHandler                   0x08000283   Thumb Code     0  startup_stm32f40_41xxx.o(.text)
    PVD_IRQHandler                           0x08000283   Thumb Code     0  startup_stm32f40_41xxx.o(.text)
    RCC_IRQHandler                           0x08000283   Thumb Code     0  startup_stm32f40_41xxx.o(.text)
    RTC_Alarm_IRQHandler                     0x08000283   Thumb Code     0  startup_stm32f40_41xxx.o(.text)
    RTC_WKUP_IRQHandler                      0x08000283   Thumb Code     0  startup_stm32f40_41xxx.o(.text)
    SDIO_IRQHandler                          0x08000283   Thumb Code     0  startup_stm32f40_41xxx.o(.text)
    SPI1_IRQHandler                          0x08000283   Thumb Code     0  startup_stm32f40_41xxx.o(.text)
    SPI2_IRQHandler                          0x08000283   Thumb Code     0  startup_stm32f40_41xxx.o(.text)
    SPI3_IRQHandler                          0x08000283   Thumb Code     0  startup_stm32f40_41xxx.o(.text)
    TAMP_STAMP_IRQHandler                    0x08000283   Thumb Code     0  startup_stm32f40_41xxx.o(.text)
    TIM1_BRK_TIM9_IRQHandler                 0x08000283   Thumb Code     0  startup_stm32f40_41xxx.o(.text)
    TIM1_CC_IRQHandler                       0x08000283   Thumb Code     0  startup_stm32f40_41xxx.o(.text)
    TIM1_TRG_COM_TIM11_IRQHandler            0x08000283   Thumb Code     0  startup_stm32f40_41xxx.o(.text)
    TIM1_UP_TIM10_IRQHandler                 0x08000283   Thumb Code     0  startup_stm32f40_41xxx.o(.text)
    TIM2_IRQHandler                          0x08000283   Thumb Code     0  startup_stm32f40_41xxx.o(.text)
    TIM3_IRQHandler                          0x08000283   Thumb Code     0  startup_stm32f40_41xxx.o(.text)
    TIM4_IRQHandler                          0x08000283   Thumb Code     0  startup_stm32f40_41xxx.o(.text)
    TIM5_IRQHandler                          0x08000283   Thumb Code     0  startup_stm32f40_41xxx.o(.text)
    TIM6_DAC_IRQHandler                      0x08000283   Thumb Code     0  startup_stm32f40_41xxx.o(.text)
    TIM7_IRQHandler                          0x08000283   Thumb Code     0  startup_stm32f40_41xxx.o(.text)
    TIM8_BRK_TIM12_IRQHandler                0x08000283   Thumb Code     0  startup_stm32f40_41xxx.o(.text)
    TIM8_CC_IRQHandler                       0x08000283   Thumb Code     0  startup_stm32f40_41xxx.o(.text)
    TIM8_TRG_COM_TIM14_IRQHandler            0x08000283   Thumb Code     0  startup_stm32f40_41xxx.o(.text)
    TIM8_UP_TIM13_IRQHandler                 0x08000283   Thumb Code     0  startup_stm32f40_41xxx.o(.text)
    USART6_IRQHandler                        0x08000283   Thumb Code     0  startup_stm32f40_41xxx.o(.text)
    WWDG_IRQHandler                          0x08000283   Thumb Code     0  startup_stm32f40_41xxx.o(.text)
    __user_initial_stackheap                 0x08000285   Thumb Code     0  startup_stm32f40_41xxx.o(.text)
    __aeabi_memcpy                           0x080002a9   Thumb Code     0  rt_memcpy_v6.o(.text)
    __rt_memcpy                              0x080002a9   Thumb Code   138  rt_memcpy_v6.o(.text)
    _memcpy_lastbytes                        0x0800030f   Thumb Code     0  rt_memcpy_v6.o(.text)
    __aeabi_memclr                           0x08000333   Thumb Code     0  rt_memclr.o(.text)
    __rt_memclr                              0x08000333   Thumb Code    68  rt_memclr.o(.text)
    _memset                                  0x08000337   Thumb Code     0  rt_memclr.o(.text)
    __aeabi_memclr4                          0x08000377   Thumb Code     0  rt_memclr_w.o(.text)
    __aeabi_memclr8                          0x08000377   Thumb Code     0  rt_memclr_w.o(.text)
    __rt_memclr_w                            0x08000377   Thumb Code    78  rt_memclr_w.o(.text)
    _memset_w                                0x0800037b   Thumb Code     0  rt_memclr_w.o(.text)
    __use_two_region_memory                  0x080003c5   Thumb Code     2  heapauxi.o(.text)
    __rt_heap_escrow$2region                 0x080003c7   Thumb Code     2  heapauxi.o(.text)
    __rt_heap_expand$2region                 0x080003c9   Thumb Code     2  heapauxi.o(.text)
    __aeabi_memcpy4                          0x080003cb   Thumb Code     0  rt_memcpy_w.o(.text)
    __aeabi_memcpy8                          0x080003cb   Thumb Code     0  rt_memcpy_w.o(.text)
    __rt_memcpy_w                            0x080003cb   Thumb Code   100  rt_memcpy_w.o(.text)
    _memcpy_lastbytes_aligned                0x08000413   Thumb Code     0  rt_memcpy_w.o(.text)
    __user_libspace                          0x08000431   Thumb Code     8  libspace.o(.text)
    __user_perproc_libspace                  0x08000431   Thumb Code     0  libspace.o(.text)
    __user_perthread_libspace                0x08000431   Thumb Code     0  libspace.o(.text)
    __user_setup_stackheap                   0x08000439   Thumb Code    74  sys_stackheap_outer.o(.text)
    exit                                     0x08000483   Thumb Code    18  exit.o(.text)
    _sys_exit                                0x08000495   Thumb Code     8  sys_exit.o(.text)
    __I$use$semihosting                      0x080004a1   Thumb Code     0  use_no_semi.o(.text)
    __use_no_semihosting_swi                 0x080004a1   Thumb Code     2  use_no_semi.o(.text)
    Abs_Encoder_Process                      0x080004a3   Thumb Code    74  can_control.o(i.Abs_Encoder_Process)
    __semihosting_library_function           0x080004a3   Thumb Code     0  indicate_semi.o(.text)
    Armor_Angle_Judgment                     0x080004ed   Thumb Code     4  dji_protocal.o(i.Armor_Angle_Judgment)
    Bsp_Init                                 0x080004f1   Thumb Code    60  bsp_init.o(i.Bsp_Init)
    CAN1_Configuration                       0x0800052d   Thumb Code   234  can.o(i.CAN1_Configuration)
    CAN1_RX0_IRQHandler                      0x08000621   Thumb Code   176  stm32f4xx_it.o(i.CAN1_RX0_IRQHandler)
    CAN2_Configuration                       0x080006e1   Thumb Code   228  can.o(i.CAN2_Configuration)
    CAN2_RX0_IRQHandler                      0x080007cd   Thumb Code   218  stm32f4xx_it.o(i.CAN2_RX0_IRQHandler)
    CAN_ClearITPendingBit                    0x080008bd   Thumb Code   162  stm32f4xx_can.o(i.CAN_ClearITPendingBit)
    CAN_FilterInit                           0x08000965   Thumb Code   258  stm32f4xx_can.o(i.CAN_FilterInit)
    CAN_GetITStatus                          0x08000a6d   Thumb Code   284  stm32f4xx_can.o(i.CAN_GetITStatus)
    CAN_ITConfig                             0x08000b8d   Thumb Code    18  stm32f4xx_can.o(i.CAN_ITConfig)
    CAN_Init                                 0x08000b9f   Thumb Code   276  stm32f4xx_can.o(i.CAN_Init)
    CAN_Receive                              0x08000cb3   Thumb Code   240  stm32f4xx_can.o(i.CAN_Receive)
    DMA_ClearITPendingBit                    0x08000db5   Thumb Code    38  stm32f4xx_dma.o(i.DMA_ClearITPendingBit)
    DMA_Cmd                                  0x08000de9   Thumb Code    22  stm32f4xx_dma.o(i.DMA_Cmd)
    DMA_DeInit                               0x08000e01   Thumb Code   324  stm32f4xx_dma.o(i.DMA_DeInit)
    DMA_GetCmdStatus                         0x08000f59   Thumb Code    20  stm32f4xx_dma.o(i.DMA_GetCmdStatus)
    DMA_GetCurrDataCounter                   0x08000f6d   Thumb Code     8  stm32f4xx_dma.o(i.DMA_GetCurrDataCounter)
    DMA_Init                                 0x08000f75   Thumb Code    82  stm32f4xx_dma.o(i.DMA_Init)
    Data_Send_MainControl2_Task              0x08000fcd   Thumb Code    18  main.o(i.Data_Send_MainControl2_Task)
    Data_Send_Sensor_Task                    0x08000fe5   Thumb Code    22  main.o(i.Data_Send_Sensor_Task)
    GPIO_Configuration                       0x08001001   Thumb Code    48  gpio.o(i.GPIO_Configuration)
    GPIO_Init                                0x08001035   Thumb Code   144  stm32f4xx_gpio.o(i.GPIO_Init)
    GPIO_PinAFConfig                         0x080010c5   Thumb Code    70  stm32f4xx_gpio.o(i.GPIO_PinAFConfig)
    GetEncodeNumber                          0x0800110b   Thumb Code    12  can_control.o(i.GetEncodeNumber)
    GetSpeed                                 0x08001117   Thumb Code    14  can_control.o(i.GetSpeed)
    Get_CRC16_Check_Sum                      0x08001125   Thumb Code    46  verify.o(i.Get_CRC16_Check_Sum)
    Get_CRC8_Check_Sum                       0x08001159   Thumb Code    30  verify.o(i.Get_CRC8_Check_Sum)
    MonitorDataDeal                          0x0800117d   Thumb Code   798  dji_protocal.o(i.MonitorDataDeal)
    NVIC_Init                                0x08001509   Thumb Code   106  misc.o(i.NVIC_Init)
    OS_RUN                                   0x08001581   Thumb Code   408  os.o(i.OS_RUN)
    RCC_AHB1PeriphClockCmd                   0x08001731   Thumb Code    26  stm32f4xx_rcc.o(i.RCC_AHB1PeriphClockCmd)
    RCC_APB1PeriphClockCmd                   0x08001751   Thumb Code    26  stm32f4xx_rcc.o(i.RCC_APB1PeriphClockCmd)
    RCC_APB1PeriphResetCmd                   0x08001771   Thumb Code    26  stm32f4xx_rcc.o(i.RCC_APB1PeriphResetCmd)
    RCC_APB2PeriphClockCmd                   0x08001791   Thumb Code    26  stm32f4xx_rcc.o(i.RCC_APB2PeriphClockCmd)
    RCC_APB2PeriphResetCmd                   0x080017b1   Thumb Code    26  stm32f4xx_rcc.o(i.RCC_APB2PeriphResetCmd)
    RCC_GetClocksFreq                        0x080017d1   Thumb Code   214  stm32f4xx_rcc.o(i.RCC_GetClocksFreq)
    Rc_RsysProtocol                          0x080018b9   Thumb Code   366  dji_protocal.o(i.Rc_RsysProtocol)
    RemoteDataProcess                        0x08001a45   Thumb Code   166  rc_control.o(i.RemoteDataProcess)
    Send_Data_To_MainControl2                0x08001af1   Thumb Code    52  data_send_task.o(i.Send_Data_To_MainControl2)
    Send_Data_To_Sensor1                     0x08001b31   Thumb Code   120  data_send_task.o(i.Send_Data_To_Sensor1)
    Send_Data_To_Sensor2                     0x08001bb9   Thumb Code   114  data_send_task.o(i.Send_Data_To_Sensor2)
    Sensor_Data_Process                      0x08001c3d   Thumb Code   208  algorithm.o(i.Sensor_Data_Process)
    SystemInit                               0x08001e15   Thumb Code    88  system_stm32f4xx.o(i.SystemInit)
    SystemMonitorTask                        0x08001e7d   Thumb Code    24  systemmonitor.o(i.SystemMonitorTask)
    TIM5_Configuration                       0x08001e99   Thumb Code    50  tim.o(i.TIM5_Configuration)
    TIM8_PWM_Init                            0x08001ed1   Thumb Code   186  pwm.o(i.TIM8_PWM_Init)
    TIM9_PWM_Init                            0x08001f95   Thumb Code   150  pwm.o(i.TIM9_PWM_Init)
    TIM_ARRPreloadConfig                     0x08002035   Thumb Code    24  stm32f4xx_tim.o(i.TIM_ARRPreloadConfig)
    TIM_Cmd                                  0x0800204d   Thumb Code    24  stm32f4xx_tim.o(i.TIM_Cmd)
    TIM_CtrlPWMOutputs                       0x08002065   Thumb Code    30  stm32f4xx_tim.o(i.TIM_CtrlPWMOutputs)
    TIM_OC2Init                              0x08002085   Thumb Code   154  stm32f4xx_tim.o(i.TIM_OC2Init)
    TIM_OC2PreloadConfig                     0x08002129   Thumb Code    26  stm32f4xx_tim.o(i.TIM_OC2PreloadConfig)
    TIM_OC3Init                              0x08002145   Thumb Code   150  stm32f4xx_tim.o(i.TIM_OC3Init)
    TIM_OC3PreloadConfig                     0x080021e5   Thumb Code    18  stm32f4xx_tim.o(i.TIM_OC3PreloadConfig)
    TIM_OC4Init                              0x080021f9   Thumb Code   112  stm32f4xx_tim.o(i.TIM_OC4Init)
    TIM_OC4PreloadConfig                     0x08002271   Thumb Code    26  stm32f4xx_tim.o(i.TIM_OC4PreloadConfig)
    TIM_TimeBaseInit                         0x0800228d   Thumb Code   104  stm32f4xx_tim.o(i.TIM_TimeBaseInit)
    UART4_Configuration                      0x08002311   Thumb Code   358  usart.o(i.UART4_Configuration)
    UART4_IRQHandler                         0x08002491   Thumb Code    26  stm32f4xx_it.o(i.UART4_IRQHandler)
    UART5_Configuration                      0x080024b1   Thumb Code   414  usart.o(i.UART5_Configuration)
    UART5_IRQHandler                         0x08002669   Thumb Code    46  stm32f4xx_it.o(i.UART5_IRQHandler)
    USART1_IRQHandler                        0x080026a5   Thumb Code    64  stm32f4xx_it.o(i.USART1_IRQHandler)
    USART2_Configuration                     0x080026f5   Thumb Code   378  usart.o(i.USART2_Configuration)
    USART2_IRQHandler                        0x08002885   Thumb Code    64  stm32f4xx_it.o(i.USART2_IRQHandler)
    USART3_Configuration                     0x080028d1   Thumb Code   390  usart.o(i.USART3_Configuration)
    USART3_IRQHandler                        0x08002a71   Thumb Code    64  stm32f4xx_it.o(i.USART3_IRQHandler)
    USART_Cmd                                0x08002abd   Thumb Code    24  stm32f4xx_usart.o(i.USART_Cmd)
    USART_DMACmd                             0x08002ad5   Thumb Code    18  stm32f4xx_usart.o(i.USART_DMACmd)
    USART_DeInit                             0x08002ae9   Thumb Code   206  stm32f4xx_usart.o(i.USART_DeInit)
    USART_GetITStatus                        0x08002bd9   Thumb Code    84  stm32f4xx_usart.o(i.USART_GetITStatus)
    USART_ITConfig                           0x08002c2d   Thumb Code    74  stm32f4xx_usart.o(i.USART_ITConfig)
    USART_Init                               0x08002c79   Thumb Code   204  stm32f4xx_usart.o(i.USART_Init)
    USART_Receive                            0x08002d4d   Thumb Code   182  algorithm.o(i.USART_Receive)
    Verify_CRC16_Check_Sum                   0x08002e05   Thumb Code    60  verify.o(i.Verify_CRC16_Check_Sum)
    Verify_CRC8_Check_Sum                    0x08002e45   Thumb Code    46  verify.o(i.Verify_CRC8_Check_Sum)
    hexToBinary                              0x08002e73   Thumb Code    40  algorithm.o(i.hexToBinary)
    main                                     0x08002e9b   Thumb Code    14  main.o(i.main)
    _fp_init                                 0x08002ea9   Thumb Code    10  fpinit.o(x$fpl$fpinit)
    __fplib_config_fpu_vfp                   0x08002eb1   Thumb Code     0  fpinit.o(x$fpl$fpinit)
    __fplib_config_pureend_doubles           0x08002eb1   Thumb Code     0  fpinit.o(x$fpl$fpinit)
    CRC8_INIT                                0x08002eb2   Data           1  verify.o(.constdata)
    CRC8_TAB                                 0x08002eb3   Data         256  verify.o(.constdata)
    CRC16_Table                              0x08002fb4   Data         512  verify.o(.constdata)
    Region$$Table$$Base                      0x080031f0   Number         0  anon$$obj.o(Region$$Table)
    Region$$Table$$Limit                     0x08003210   Number         0  anon$$obj.o(Region$$Table)
    TaskTotalTime                            0x20000000   Data           4  os.o(.data)
    TaskTotalTimeMost                        0x20000004   Data           4  os.o(.data)
    TaskTotalTimeLeast                       0x20000008   Data           4  os.o(.data)
    G_ST_Task                                0x2000000c   Data         108  os.o(.data)
    TotalTaskNum                             0x20000078   Data           4  os.o(.data)
    PIDKiSign                                0x2000007c   Data           1  global.o(.data)
    sensor_mode1                             0x2000007e   Data           2  global.o(.data)
    sensor_mode2                             0x20000080   Data           2  global.o(.data)
    sensor_buff1                             0x20000082   Data           2  global.o(.data)
    sensor_buff2                             0x20000084   Data           2  global.o(.data)
    sensor_data1                             0x20000088   Data           4  global.o(.data)
    sensor_data2                             0x2000008c   Data           4  global.o(.data)
    USART2_Tx_DMAbuff                        0x20000090   Data           5  global.o(.data)
    USART3_Tx_DMAbuff                        0x20000095   Data           5  global.o(.data)
    Compare_Servo1                           0x2000009a   Data           2  global.o(.data)
    Compare_Servo2                           0x2000009c   Data           2  global.o(.data)
    Compare_Servo3                           0x2000009e   Data           2  global.o(.data)
    servo_time                               0x200000a0   Data           2  global.o(.data)
    UART5_Rcr                                0x200000a4   Data          28  global.o(.data)
    Autodart_Flag                            0x200000c0   Data           1  global.o(.data)
    USART_RX_STA                             0x200000c2   Data           2  global.o(.data)
    Res1                                     0x200000c4   Data           2  global.o(.data)
    g_uiAirValve                             0x200000c8   Data           4  global.o(.data)
    current_lift                             0x200000cc   Data           2  global.o(.data)
    current_clip                             0x200000ce   Data           2  global.o(.data)
    current_rotate                           0x200000d0   Data           2  global.o(.data)
    G_ST_Game_Result                         0x200000d4   Data           1  dji_protocal.o(.data)
    G_ST_Dart_Status                         0x200000d5   Data           3  dji_protocal.o(.data)
    G_ST_Event_Data                          0x200000d8   Data           4  dji_protocal.o(.data)
    G_ST_Supply_Projectile_Action            0x200000dc   Data           4  dji_protocal.o(.data)
    G_ST_Referee_Warning                     0x200000e0   Data           2  dji_protocal.o(.data)
    G_ST_Dart_Remaining_Time                 0x200000e2   Data           1  dji_protocal.o(.data)
    G_ST_Buff                                0x200000e3   Data           1  dji_protocal.o(.data)
    G_ST_Aerial_Robot_Energy                 0x200000e4   Data           1  dji_protocal.o(.data)
    G_ST_Robot_Hurt                          0x200000e5   Data           1  dji_protocal.o(.data)
    G_ST_Shoot_Data                          0x200000e6   Data           7  dji_protocal.o(.data)
    G_ST_Bullet_Remaining                    0x200000ed   Data           6  dji_protocal.o(.data)
    G_ST_RFID_Status                         0x200000f3   Data           4  dji_protocal.o(.data)
    G_ST_Dart_Client_Cmd                     0x200000f7   Data           6  dji_protocal.o(.data)
    G_ST_Student_Interactive_Header_Data     0x200000fd   Data           6  dji_protocal.o(.data)
    G_ST_Client_Custom_Graphic_Delete        0x20000103   Data           2  dji_protocal.o(.data)
    DataFromAerial                           0x20000105   Data           1  dji_protocal.o(.data)
    AimStar_Y                                0x20000106   Data           4  dji_protocal.o(.data)
    AimStar_X1                               0x2000010a   Data           4  dji_protocal.o(.data)
    AimStar_X2                               0x2000010e   Data           4  dji_protocal.o(.data)
    AimStar_X3                               0x20000112   Data           4  dji_protocal.o(.data)
    AimStar_X4                               0x20000116   Data           4  dji_protocal.o(.data)
    AimStar_X5                               0x2000011a   Data           4  dji_protocal.o(.data)
    AimStar_X6                               0x2000011e   Data           4  dji_protocal.o(.data)
    AimStar_X7                               0x20000122   Data           4  dji_protocal.o(.data)
    AimStar_X                                0x20000128   Data          28  dji_protocal.o(.data)
    floatData1Name                           0x20000144   Data           4  dji_protocal.o(.data)
    floatData2Name                           0x20000148   Data           4  dji_protocal.o(.data)
    floatData3Name                           0x2000014c   Data           4  dji_protocal.o(.data)
    floatData4Name                           0x20000150   Data           4  dji_protocal.o(.data)
    floatData5Name                           0x20000154   Data           4  dji_protocal.o(.data)
    floatData6Name                           0x20000158   Data           4  dji_protocal.o(.data)
    floatData7Name                           0x2000015c   Data           4  dji_protocal.o(.data)
    floatDataName                            0x20000160   Data          28  dji_protocal.o(.data)
    Speed_Char                               0x2000017c   Data           4  dji_protocal.o(.data)
    Enemy_Senor_F                            0x20000180   Data           4  dji_protocal.o(.data)
    Enemy_Senor_L                            0x20000184   Data           4  dji_protocal.o(.data)
    Enemy_Senor_B                            0x20000188   Data           4  dji_protocal.o(.data)
    Enemy_Senor_R                            0x2000018c   Data           4  dji_protocal.o(.data)
    Enemy_Senor                              0x20000190   Data          16  dji_protocal.o(.data)
    Rsys_RX_Status                           0x200001a0   Data           1  dji_protocal.o(.data)
    usData                                   0x200001a1   Data           1  dji_protocal.o(.data)
    usDataLength                             0x200001a2   Data           2  dji_protocal.o(.data)
    ucCmdID                                  0x200001a4   Data           2  dji_protocal.o(.data)
    Buf_num                                  0x200001a6   Data           1  dji_protocal.o(.data)
    Last_Attacked                            0x200001a8   Data           4  dji_protocal.o(.data)
    G_ST_Supply_Projectile_Action_Pre        0x200001ac   Data           4  dji_protocal.o(.data)
    Custom_Data_Length                       0x200001b0   Data           2  dji_protocal.o(.data)
    Des_ID                                   0x200001b2   Data           2  dji_protocal.o(.data)
    Soldier_USE_ID                           0x200001b4   Data           2  dji_protocal.o(.data)
    Friend_ID                                0x200001b6   Data           2  dji_protocal.o(.data)
    Data_to_Radar                            0x200001b8   Data           1  dji_protocal.o(.data)
    Data_to_Visual                           0x200001b9   Data           6  dji_protocal.o(.data)
    attackAngle                              0x200001c0   Data           4  dji_protocal.o(.data)
    Send_Char                                0x200001c4   Data          30  dji_protocal.o(.data)
    Send_Warning                             0x200001e2   Data          30  dji_protocal.o(.data)
    Send_                                    0x20000200   Data          30  dji_protocal.o(.data)
    CRC16_INIT                               0x2000021e   Data           2  verify.o(.data)
    UART5_Rx_DMAbuff                         0x20000230   Data         500  global.o(.bss)
    UART5_Tx_DMAbuff                         0x20000424   Data         128  global.o(.bss)
    binaryArray1                             0x200004a4   Data          16  global.o(.bss)
    binaryArray2                             0x200004b4   Data          16  global.o(.bss)
    USART2_Rx_DMAbuff                        0x200004c4   Data          10  global.o(.bss)
    UART4_Rx_DMAbuff                         0x200004ce   Data          45  global.o(.bss)
    UART4_Tx_DMAbuff                         0x200004fb   Data         200  global.o(.bss)
    USART3_Rx_DMAbuff                        0x200005c3   Data          10  global.o(.bss)
    Track_Encoder1                           0x200005d0   Data          32  global.o(.bss)
    Track_Encoder2                           0x200005f0   Data          32  global.o(.bss)
    pitch_encoder                            0x20000610   Data          32  global.o(.bss)
    trigger_encoder                          0x20000630   Data          32  global.o(.bss)
    synchronous_encoder1                     0x20000650   Data          32  global.o(.bss)
    synchronous_encoder2                     0x20000670   Data          32  global.o(.bss)
    yaw_encoder                              0x20000690   Data          32  global.o(.bss)
    UA5RxMailbox                             0x200006b0   Data         250  global.o(.bss)
    sbus_rx_buffer                           0x200007aa   Data          36  global.o(.bss)
    RC_CtrlData                              0x200007ce   Data          22  global.o(.bss)
    USART_RX_BUF                             0x200007e4   Data          50  global.o(.bss)
    systemmonitor                            0x20000816   Data          24  global.o(.bss)
    Client_Sendata_Coe                       0x20000830   Data          48  dji_protocal.o(.bss)
    RSYS_Monitor                             0x20000860   Data          44  dji_protocal.o(.bss)
    G_ST_Game_Status                         0x2000088c   Data          11  dji_protocal.o(.bss)
    G_ST_Game_Robot_HP                       0x20000897   Data          32  dji_protocal.o(.bss)
    G_ST_Game_Robot_Status                   0x200008b7   Data          27  dji_protocal.o(.bss)
    G_ST_Power_Heat_Data                     0x200008d2   Data          16  dji_protocal.o(.bss)
    G_ST_Game_Robot_Pos                      0x200008e2   Data          16  dji_protocal.o(.bss)
    G_ST_Robot_Interactive_Data              0x200008f2   Data         226  dji_protocal.o(.bss)
    G_ST_Client_Custom_Graphic_Single        0x200009d4   Data          15  dji_protocal.o(.bss)
    G_ST_Client_Custom_Graphic_Double        0x200009e3   Data          30  dji_protocal.o(.bss)
    G_ST_Client_Custom_Graphic_Five          0x20000a01   Data          75  dji_protocal.o(.bss)
    G_ST_Client_Custom_Graphic_Seven         0x20000a4c   Data         105  dji_protocal.o(.bss)
    G_ST_Client_Custom_Character             0x20000ab5   Data          45  dji_protocal.o(.bss)
    G_ST_Client_Custom_Character2            0x20000ae2   Data          45  dji_protocal.o(.bss)
    Rsys_RX_Buf                              0x20000b0f   Data         250  dji_protocal.o(.bss)
    Custom_DataBuf                           0x20000c09   Data          16  dji_protocal.o(.bss)
    Data_to_Ariel                            0x20000c1c   Data          32  dji_protocal.o(.bss)
    Data_From_Visual                         0x20000c3c   Data          16  dji_protocal.o(.bss)
    __libspace_start                         0x20000c4c   Data          96  libspace.o(.bss)
    __temporary_stack_top$libspace           0x20000cac   Data           0  libspace.o(.bss)



==============================================================================

Memory Map of the image

  Image Entry point : 0x08000189

  Load Region LR_IROM1 (Base: 0x08000000, Size: 0x00003440, Max: 0x00080000, ABSOLUTE, COMPRESSED[0x00003318])

    Execution Region ER_IROM1 (Exec base: 0x08000000, Load base: 0x08000000, Size: 0x00003210, Max: 0x00080000, ABSOLUTE)

    Exec Addr    Load Addr    Size         Type   Attr      Idx    E Section Name        Object

    0x08000000   0x08000000   0x00000188   Data   RO         1056    RESET               startup_stm32f40_41xxx.o
    0x08000188   0x08000188   0x00000008   Code   RO         5801  * !!!main             c_w.l(__main.o)
    0x08000190   0x08000190   0x00000034   Code   RO         6018    !!!scatter          c_w.l(__scatter.o)
    0x080001c4   0x080001c4   0x0000005a   Code   RO         6016    !!dczerorl2         c_w.l(__dczerorl2.o)
    0x0800021e   0x0800021e   0x00000002   PAD
    0x08000220   0x08000220   0x0000001c   Code   RO         6020    !!handler_zi        c_w.l(__scatter_zi.o)
    0x0800023c   0x0800023c   0x00000002   Code   RO         5887    .ARM.Collect$$libinit$$00000000  c_w.l(libinit.o)
    0x0800023e   0x0800023e   0x00000004   Code   RO         5890    .ARM.Collect$$libinit$$00000001  c_w.l(libinit2.o)
    0x08000242   0x08000242   0x00000000   Code   RO         5893    .ARM.Collect$$libinit$$00000004  c_w.l(libinit2.o)
    0x08000242   0x08000242   0x00000000   Code   RO         5896    .ARM.Collect$$libinit$$0000000A  c_w.l(libinit2.o)
    0x08000242   0x08000242   0x00000000   Code   RO         5898    .ARM.Collect$$libinit$$0000000C  c_w.l(libinit2.o)
    0x08000242   0x08000242   0x00000000   Code   RO         5900    .ARM.Collect$$libinit$$0000000E  c_w.l(libinit2.o)
    0x08000242   0x08000242   0x00000000   Code   RO         5903    .ARM.Collect$$libinit$$00000011  c_w.l(libinit2.o)
    0x08000242   0x08000242   0x00000000   Code   RO         5905    .ARM.Collect$$libinit$$00000013  c_w.l(libinit2.o)
    0x08000242   0x08000242   0x00000000   Code   RO         5907    .ARM.Collect$$libinit$$00000015  c_w.l(libinit2.o)
    0x08000242   0x08000242   0x00000000   Code   RO         5909    .ARM.Collect$$libinit$$00000017  c_w.l(libinit2.o)
    0x08000242   0x08000242   0x00000000   Code   RO         5911    .ARM.Collect$$libinit$$00000019  c_w.l(libinit2.o)
    0x08000242   0x08000242   0x00000000   Code   RO         5913    .ARM.Collect$$libinit$$0000001B  c_w.l(libinit2.o)
    0x08000242   0x08000242   0x00000000   Code   RO         5915    .ARM.Collect$$libinit$$0000001D  c_w.l(libinit2.o)
    0x08000242   0x08000242   0x00000000   Code   RO         5917    .ARM.Collect$$libinit$$0000001F  c_w.l(libinit2.o)
    0x08000242   0x08000242   0x00000000   Code   RO         5919    .ARM.Collect$$libinit$$00000021  c_w.l(libinit2.o)
    0x08000242   0x08000242   0x00000000   Code   RO         5921    .ARM.Collect$$libinit$$00000023  c_w.l(libinit2.o)
    0x08000242   0x08000242   0x00000000   Code   RO         5923    .ARM.Collect$$libinit$$00000025  c_w.l(libinit2.o)
    0x08000242   0x08000242   0x00000000   Code   RO         5927    .ARM.Collect$$libinit$$0000002C  c_w.l(libinit2.o)
    0x08000242   0x08000242   0x00000000   Code   RO         5929    .ARM.Collect$$libinit$$0000002E  c_w.l(libinit2.o)
    0x08000242   0x08000242   0x00000000   Code   RO         5931    .ARM.Collect$$libinit$$00000030  c_w.l(libinit2.o)
    0x08000242   0x08000242   0x00000000   Code   RO         5933    .ARM.Collect$$libinit$$00000032  c_w.l(libinit2.o)
    0x08000242   0x08000242   0x00000002   Code   RO         5934    .ARM.Collect$$libinit$$00000033  c_w.l(libinit2.o)
    0x08000244   0x08000244   0x00000002   Code   RO         5954    .ARM.Collect$$libshutdown$$00000000  c_w.l(libshutdown.o)
    0x08000246   0x08000246   0x00000000   Code   RO         5967    .ARM.Collect$$libshutdown$$00000002  c_w.l(libshutdown2.o)
    0x08000246   0x08000246   0x00000000   Code   RO         5969    .ARM.Collect$$libshutdown$$00000004  c_w.l(libshutdown2.o)
    0x08000246   0x08000246   0x00000000   Code   RO         5971    .ARM.Collect$$libshutdown$$00000006  c_w.l(libshutdown2.o)
    0x08000246   0x08000246   0x00000000   Code   RO         5974    .ARM.Collect$$libshutdown$$00000009  c_w.l(libshutdown2.o)
    0x08000246   0x08000246   0x00000000   Code   RO         5977    .ARM.Collect$$libshutdown$$0000000C  c_w.l(libshutdown2.o)
    0x08000246   0x08000246   0x00000000   Code   RO         5979    .ARM.Collect$$libshutdown$$0000000E  c_w.l(libshutdown2.o)
    0x08000246   0x08000246   0x00000000   Code   RO         5982    .ARM.Collect$$libshutdown$$00000011  c_w.l(libshutdown2.o)
    0x08000246   0x08000246   0x00000002   Code   RO         5983    .ARM.Collect$$libshutdown$$00000012  c_w.l(libshutdown2.o)
    0x08000248   0x08000248   0x00000000   Code   RO         5837    .ARM.Collect$$rtentry$$00000000  c_w.l(__rtentry.o)
    0x08000248   0x08000248   0x00000000   Code   RO         5856    .ARM.Collect$$rtentry$$00000002  c_w.l(__rtentry2.o)
    0x08000248   0x08000248   0x00000006   Code   RO         5868    .ARM.Collect$$rtentry$$00000004  c_w.l(__rtentry4.o)
    0x0800024e   0x0800024e   0x00000000   Code   RO         5858    .ARM.Collect$$rtentry$$00000009  c_w.l(__rtentry2.o)
    0x0800024e   0x0800024e   0x00000004   Code   RO         5859    .ARM.Collect$$rtentry$$0000000A  c_w.l(__rtentry2.o)
    0x08000252   0x08000252   0x00000000   Code   RO         5861    .ARM.Collect$$rtentry$$0000000C  c_w.l(__rtentry2.o)
    0x08000252   0x08000252   0x00000008   Code   RO         5862    .ARM.Collect$$rtentry$$0000000D  c_w.l(__rtentry2.o)
    0x0800025a   0x0800025a   0x00000002   Code   RO         5888    .ARM.Collect$$rtexit$$00000000  c_w.l(rtexit.o)
    0x0800025c   0x0800025c   0x00000000   Code   RO         5936    .ARM.Collect$$rtexit$$00000002  c_w.l(rtexit2.o)
    0x0800025c   0x0800025c   0x00000004   Code   RO         5937    .ARM.Collect$$rtexit$$00000003  c_w.l(rtexit2.o)
    0x08000260   0x08000260   0x00000006   Code   RO         5938    .ARM.Collect$$rtexit$$00000004  c_w.l(rtexit2.o)
    0x08000266   0x08000266   0x00000002   PAD
    0x08000268   0x08000268   0x00000040   Code   RO         1057    .text               startup_stm32f40_41xxx.o
    0x080002a8   0x080002a8   0x0000008a   Code   RO         5793    .text               c_w.l(rt_memcpy_v6.o)
    0x08000332   0x08000332   0x00000044   Code   RO         5795    .text               c_w.l(rt_memclr.o)
    0x08000376   0x08000376   0x0000004e   Code   RO         5797    .text               c_w.l(rt_memclr_w.o)
    0x080003c4   0x080003c4   0x00000006   Code   RO         5799    .text               c_w.l(heapauxi.o)
    0x080003ca   0x080003ca   0x00000064   Code   RO         5840    .text               c_w.l(rt_memcpy_w.o)
    0x0800042e   0x0800042e   0x00000002   PAD
    0x08000430   0x08000430   0x00000008   Code   RO         5875    .text               c_w.l(libspace.o)
    0x08000438   0x08000438   0x0000004a   Code   RO         5878    .text               c_w.l(sys_stackheap_outer.o)
    0x08000482   0x08000482   0x00000012   Code   RO         5880    .text               c_w.l(exit.o)
    0x08000494   0x08000494   0x0000000c   Code   RO         5946    .text               c_w.l(sys_exit.o)
    0x080004a0   0x080004a0   0x00000002   Code   RO         5957    .text               c_w.l(use_no_semi.o)
    0x080004a2   0x080004a2   0x00000000   Code   RO         5959    .text               c_w.l(indicate_semi.o)
    0x080004a2   0x080004a2   0x0000004a   Code   RO          568    i.Abs_Encoder_Process  can_control.o
    0x080004ec   0x080004ec   0x00000004   Code   RO          717    i.Armor_Angle_Judgment  dji_protocal.o
    0x080004f0   0x080004f0   0x0000003c   Code   RO          313    i.Bsp_Init          bsp_init.o
    0x0800052c   0x0800052c   0x000000f4   Code   RO          848    i.CAN1_Configuration  can.o
    0x08000620   0x08000620   0x000000c0   Code   RO          211    i.CAN1_RX0_IRQHandler  stm32f4xx_it.o
    0x080006e0   0x080006e0   0x000000ec   Code   RO          849    i.CAN2_Configuration  can.o
    0x080007cc   0x080007cc   0x000000f0   Code   RO          212    i.CAN2_RX0_IRQHandler  stm32f4xx_it.o
    0x080008bc   0x080008bc   0x000000a8   Code   RO         1351    i.CAN_ClearITPendingBit  stm32f4xx_can.o
    0x08000964   0x08000964   0x00000108   Code   RO         1355    i.CAN_FilterInit    stm32f4xx_can.o
    0x08000a6c   0x08000a6c   0x00000120   Code   RO         1357    i.CAN_GetITStatus   stm32f4xx_can.o
    0x08000b8c   0x08000b8c   0x00000012   Code   RO         1361    i.CAN_ITConfig      stm32f4xx_can.o
    0x08000b9e   0x08000b9e   0x00000114   Code   RO         1362    i.CAN_Init          stm32f4xx_can.o
    0x08000cb2   0x08000cb2   0x000000f0   Code   RO         1365    i.CAN_Receive       stm32f4xx_can.o
    0x08000da2   0x08000da2   0x00000012   Code   RO         1373    i.CheckITStatus     stm32f4xx_can.o
    0x08000db4   0x08000db4   0x00000034   Code   RO         2051    i.DMA_ClearITPendingBit  stm32f4xx_dma.o
    0x08000de8   0x08000de8   0x00000016   Code   RO         2052    i.DMA_Cmd           stm32f4xx_dma.o
    0x08000dfe   0x08000dfe   0x00000002   PAD
    0x08000e00   0x08000e00   0x00000158   Code   RO         2053    i.DMA_DeInit        stm32f4xx_dma.o
    0x08000f58   0x08000f58   0x00000014   Code   RO         2057    i.DMA_GetCmdStatus  stm32f4xx_dma.o
    0x08000f6c   0x08000f6c   0x00000008   Code   RO         2058    i.DMA_GetCurrDataCounter  stm32f4xx_dma.o
    0x08000f74   0x08000f74   0x00000058   Code   RO         2064    i.DMA_Init          stm32f4xx_dma.o
    0x08000fcc   0x08000fcc   0x00000018   Code   RO            3    i.Data_Send_MainControl2_Task  main.o
    0x08000fe4   0x08000fe4   0x0000001c   Code   RO            4    i.Data_Send_Sensor_Task  main.o
    0x08001000   0x08001000   0x00000034   Code   RO         1036    i.GPIO_Configuration  gpio.o
    0x08001034   0x08001034   0x00000090   Code   RO         2786    i.GPIO_Init         stm32f4xx_gpio.o
    0x080010c4   0x080010c4   0x00000046   Code   RO         2787    i.GPIO_PinAFConfig  stm32f4xx_gpio.o
    0x0800110a   0x0800110a   0x0000000c   Code   RO          573    i.GetEncodeNumber   can_control.o
    0x08001116   0x08001116   0x0000000e   Code   RO          574    i.GetSpeed          can_control.o
    0x08001124   0x08001124   0x00000034   Code   RO          946    i.Get_CRC16_Check_Sum  verify.o
    0x08001158   0x08001158   0x00000024   Code   RO          947    i.Get_CRC8_Check_Sum  verify.o
    0x0800117c   0x0800117c   0x0000038c   Code   RO          718    i.MonitorDataDeal   dji_protocal.o
    0x08001508   0x08001508   0x00000078   Code   RO         1063    i.NVIC_Init         misc.o
    0x08001580   0x08001580   0x000001b0   Code   RO          347    i.OS_RUN            os.o
    0x08001730   0x08001730   0x00000020   Code   RO         3650    i.RCC_AHB1PeriphClockCmd  stm32f4xx_rcc.o
    0x08001750   0x08001750   0x00000020   Code   RO         3659    i.RCC_APB1PeriphClockCmd  stm32f4xx_rcc.o
    0x08001770   0x08001770   0x00000020   Code   RO         3661    i.RCC_APB1PeriphResetCmd  stm32f4xx_rcc.o
    0x08001790   0x08001790   0x00000020   Code   RO         3662    i.RCC_APB2PeriphClockCmd  stm32f4xx_rcc.o
    0x080017b0   0x080017b0   0x00000020   Code   RO         3664    i.RCC_APB2PeriphResetCmd  stm32f4xx_rcc.o
    0x080017d0   0x080017d0   0x000000e8   Code   RO         3671    i.RCC_GetClocksFreq  stm32f4xx_rcc.o
    0x080018b8   0x080018b8   0x0000018c   Code   RO          720    i.Rc_RsysProtocol   dji_protocal.o
    0x08001a44   0x08001a44   0x000000ac   Code   RO          673    i.RemoteDataProcess  rc_control.o
    0x08001af0   0x08001af0   0x00000040   Code   RO          414    i.Send_Data_To_MainControl2  data_send_task.o
    0x08001b30   0x08001b30   0x00000088   Code   RO          415    i.Send_Data_To_Sensor1  data_send_task.o
    0x08001bb8   0x08001bb8   0x00000084   Code   RO          416    i.Send_Data_To_Sensor2  data_send_task.o
    0x08001c3c   0x08001c3c   0x000000ec   Code   RO          459    i.Sensor_Data_Process  algorithm.o
    0x08001d28   0x08001d28   0x000000ec   Code   RO          276    i.SetSysClock       system_stm32f4xx.o
    0x08001e14   0x08001e14   0x00000068   Code   RO          278    i.SystemInit        system_stm32f4xx.o
    0x08001e7c   0x08001e7c   0x0000001c   Code   RO          394    i.SystemMonitorTask  systemmonitor.o
    0x08001e98   0x08001e98   0x00000038   Code   RO          892    i.TIM5_Configuration  tim.o
    0x08001ed0   0x08001ed0   0x000000c4   Code   RO          913    i.TIM8_PWM_Init     pwm.o
    0x08001f94   0x08001f94   0x000000a0   Code   RO          914    i.TIM9_PWM_Init     pwm.o
    0x08002034   0x08002034   0x00000018   Code   RO         4985    i.TIM_ARRPreloadConfig  stm32f4xx_tim.o
    0x0800204c   0x0800204c   0x00000018   Code   RO         4997    i.TIM_Cmd           stm32f4xx_tim.o
    0x08002064   0x08002064   0x0000001e   Code   RO         4999    i.TIM_CtrlPWMOutputs  stm32f4xx_tim.o
    0x08002082   0x08002082   0x00000002   PAD
    0x08002084   0x08002084   0x000000a4   Code   RO         5031    i.TIM_OC2Init       stm32f4xx_tim.o
    0x08002128   0x08002128   0x0000001a   Code   RO         5034    i.TIM_OC2PreloadConfig  stm32f4xx_tim.o
    0x08002142   0x08002142   0x00000002   PAD
    0x08002144   0x08002144   0x000000a0   Code   RO         5036    i.TIM_OC3Init       stm32f4xx_tim.o
    0x080021e4   0x080021e4   0x00000012   Code   RO         5039    i.TIM_OC3PreloadConfig  stm32f4xx_tim.o
    0x080021f6   0x080021f6   0x00000002   PAD
    0x080021f8   0x080021f8   0x00000078   Code   RO         5041    i.TIM_OC4Init       stm32f4xx_tim.o
    0x08002270   0x08002270   0x0000001a   Code   RO         5043    i.TIM_OC4PreloadConfig  stm32f4xx_tim.o
    0x0800228a   0x0800228a   0x00000002   PAD
    0x0800228c   0x0800228c   0x00000084   Code   RO         5069    i.TIM_TimeBaseInit  stm32f4xx_tim.o
    0x08002310   0x08002310   0x00000180   Code   RO          998    i.UART4_Configuration  usart.o
    0x08002490   0x08002490   0x00000020   Code   RO          213    i.UART4_IRQHandler  stm32f4xx_it.o
    0x080024b0   0x080024b0   0x000001b8   Code   RO          999    i.UART5_Configuration  usart.o
    0x08002668   0x08002668   0x0000003c   Code   RO          214    i.UART5_IRQHandler  stm32f4xx_it.o
    0x080026a4   0x080026a4   0x00000050   Code   RO          215    i.USART1_IRQHandler  stm32f4xx_it.o
    0x080026f4   0x080026f4   0x00000190   Code   RO         1000    i.USART2_Configuration  usart.o
    0x08002884   0x08002884   0x0000004c   Code   RO          216    i.USART2_IRQHandler  stm32f4xx_it.o
    0x080028d0   0x080028d0   0x000001a0   Code   RO         1001    i.USART3_Configuration  usart.o
    0x08002a70   0x08002a70   0x0000004c   Code   RO          217    i.USART3_IRQHandler  stm32f4xx_it.o
    0x08002abc   0x08002abc   0x00000018   Code   RO         5547    i.USART_Cmd         stm32f4xx_usart.o
    0x08002ad4   0x08002ad4   0x00000012   Code   RO         5548    i.USART_DMACmd      stm32f4xx_usart.o
    0x08002ae6   0x08002ae6   0x00000002   PAD
    0x08002ae8   0x08002ae8   0x000000f0   Code   RO         5549    i.USART_DeInit      stm32f4xx_usart.o
    0x08002bd8   0x08002bd8   0x00000054   Code   RO         5551    i.USART_GetITStatus  stm32f4xx_usart.o
    0x08002c2c   0x08002c2c   0x0000004a   Code   RO         5553    i.USART_ITConfig    stm32f4xx_usart.o
    0x08002c76   0x08002c76   0x00000002   PAD
    0x08002c78   0x08002c78   0x000000d4   Code   RO         5554    i.USART_Init        stm32f4xx_usart.o
    0x08002d4c   0x08002d4c   0x000000b6   Code   RO          461    i.USART_Receive     algorithm.o
    0x08002e02   0x08002e02   0x00000002   PAD
    0x08002e04   0x08002e04   0x00000040   Code   RO          948    i.Verify_CRC16_Check_Sum  verify.o
    0x08002e44   0x08002e44   0x0000002e   Code   RO          949    i.Verify_CRC8_Check_Sum  verify.o
    0x08002e72   0x08002e72   0x00000028   Code   RO          462    i.hexToBinary       algorithm.o
    0x08002e9a   0x08002e9a   0x0000000e   Code   RO            5    i.main              main.o
    0x08002ea8   0x08002ea8   0x0000000a   Code   RO         5944    x$fpl$fpinit        fz_wm.l(fpinit.o)
    0x08002eb2   0x08002eb2   0x00000302   Data   RO          950    .constdata          verify.o
    0x080031b4   0x080031b4   0x0000003a   Data   RO          334    .conststring        os.o
    0x080031ee   0x080031ee   0x00000002   PAD
    0x080031f0   0x080031f0   0x00000020   Data   RO         6014    Region$$Table       anon$$obj.o


    Execution Region RW_IRAM1 (Exec base: 0x20000000, Load base: 0x08003210, Size: 0x000012b0, Max: 0x00020000, ABSOLUTE, COMPRESSED[0x00000108])

    Exec Addr    Load Addr    Size         Type   Attr      Idx    E Section Name        Object

    0x20000000   COMPRESSED   0x0000007c   Data   RW          335    .data               os.o
    0x2000007c   COMPRESSED   0x00000056   Data   RW          374    .data               global.o
    0x200000d2   COMPRESSED   0x00000002   PAD
    0x200000d4   COMPRESSED   0x0000014a   Data   RW          736    .data               dji_protocal.o
    0x2000021e   COMPRESSED   0x00000002   Data   RW          951    .data               verify.o
    0x20000220   COMPRESSED   0x00000010   Data   RW         3703    .data               stm32f4xx_rcc.o
    0x20000230        -       0x000005fe   Zero   RW          373    .bss                global.o
    0x2000082e   COMPRESSED   0x00000002   PAD
    0x20000830        -       0x0000041c   Zero   RW          735    .bss                dji_protocal.o
    0x20000c4c        -       0x00000060   Zero   RW         5876    .bss                c_w.l(libspace.o)
    0x20000cac   COMPRESSED   0x00000004   PAD
    0x20000cb0        -       0x00000200   Zero   RW         1055    HEAP                startup_stm32f40_41xxx.o
    0x20000eb0        -       0x00000400   Zero   RW         1054    STACK               startup_stm32f40_41xxx.o


==============================================================================

Image component sizes


      Code (inc. data)   RO Data    RW Data    ZI Data      Debug   Object Name

       458         28          0          0          0       2412   algorithm.o
        60          0          0          0          0        523   bsp_init.o
       480         18          0          0          0       1582   can.o
       100          0          0          0          0       2135   can_control.o
       332         46          0          0          0       1794   data_send_task.o
      1308        140          0        330       1052      16457   dji_protocal.o
         0          0          0         86       1534       2549   global.o
        52          4          0          0          0        549   gpio.o
        66         12          0          0          0     308225   main.o
       120         14          0          0          0       1072   misc.o
       432         24         58        124          0       2262   os.o
       356         20          0          0          0       1584   pwm.o
       172          6          0          0          0        868   rc_control.o
        64         26        392          0       1536        876   startup_stm32f40_41xxx.o
      1272         16          0          0          0       5943   stm32f4xx_can.o
       534         40          0          0          0       5138   stm32f4xx_dma.o
       214          0          0          0          0       1867   stm32f4xx_gpio.o
       756         98          0          0          0       4034   stm32f4xx_it.o
       392         48          0         16          0       6037   stm32f4xx_rcc.o
       724         56          0          0          0       7320   stm32f4xx_tim.o
       652         42          0          0          0       5208   stm32f4xx_usart.o
       340         32          0          0          0       1585   system_stm32f4xx.o
        28          4          0          0          0        508   systemmonitor.o
        56          6          0          0          0        553   tim.o
      1640        100          0          0          0       3438   usart.o
       198         16        770          2          0       3564   verify.o

    ----------------------------------------------------------------------
     10822        796       1254        560       4124     388083   Object Totals
         0          0         32          0          0          0   (incl. Generated)
        16          0          2          2          2          0   (incl. Padding)

    ----------------------------------------------------------------------

      Code (inc. data)   RO Data    RW Data    ZI Data      Debug   Library Member Name

        90          0          0          0          0          0   __dczerorl2.o
         8          0          0          0          0         68   __main.o
         0          0          0          0          0          0   __rtentry.o
        12          0          0          0          0          0   __rtentry2.o
         6          0          0          0          0          0   __rtentry4.o
        52          8          0          0          0          0   __scatter.o
        28          0          0          0          0          0   __scatter_zi.o
        18          0          0          0          0         80   exit.o
         6          0          0          0          0        152   heapauxi.o
         0          0          0          0          0          0   indicate_semi.o
         2          0          0          0          0          0   libinit.o
         6          0          0          0          0          0   libinit2.o
         2          0          0          0          0          0   libshutdown.o
         2          0          0          0          0          0   libshutdown2.o
         8          4          0          0         96         68   libspace.o
        68          0          0          0          0         68   rt_memclr.o
        78          0          0          0          0         80   rt_memclr_w.o
       138          0          0          0          0         68   rt_memcpy_v6.o
       100          0          0          0          0         80   rt_memcpy_w.o
         2          0          0          0          0          0   rtexit.o
        10          0          0          0          0          0   rtexit2.o
        12          4          0          0          0         68   sys_exit.o
        74          0          0          0          0         80   sys_stackheap_outer.o
         2          0          0          0          0         68   use_no_semi.o
        10          0          0          0          0        116   fpinit.o

    ----------------------------------------------------------------------
       740         16          0          0        100        996   Library Totals
         6          0          0          0          4          0   (incl. Padding)

    ----------------------------------------------------------------------

      Code (inc. data)   RO Data    RW Data    ZI Data      Debug   Library Name

       724         16          0          0         96        880   c_w.l
        10          0          0          0          0        116   fz_wm.l

    ----------------------------------------------------------------------
       740         16          0          0        100        996   Library Totals

    ----------------------------------------------------------------------

==============================================================================


      Code (inc. data)   RO Data    RW Data    ZI Data      Debug   

     11562        812       1254        560       4224     381315   Grand Totals
     11562        812       1254        264       4224     381315   ELF Image Totals (compressed)
     11562        812       1254        264          0          0   ROM Totals

==============================================================================

    Total RO  Size (Code + RO Data)                12816 (  12.52kB)
    Total RW  Size (RW Data + ZI Data)              4784 (   4.67kB)
    Total ROM Size (Code + RO Data + RW Data)      13080 (  12.77kB)

==============================================================================

